Archive member included to satisfy reference by file (symbol)

/usr/bin/../lib/gcc/arm-none-eabi/10.2.1/thumb/v6-m/nofp/libgcc.a(_dvmd_tls.o)
                              CMakeFiles/mico.dir/usr/share/pico-sdk/src/rp2_common/pico_divider/divider.S.obj (__aeabi_idiv0)
/usr/bin/../lib/gcc/arm-none-eabi/10.2.1/../../../../arm-none-eabi/lib/thumb/v6-m/nofp/libc.a(lib_a-calloc.o)
                              CMakeFiles/mico.dir/usr/share/pico-sdk/src/rp2_common/pico_malloc/pico_malloc.c.obj (calloc)
/usr/bin/../lib/gcc/arm-none-eabi/10.2.1/../../../../arm-none-eabi/lib/thumb/v6-m/nofp/libc.a(lib_a-callocr.o)
                              /usr/bin/../lib/gcc/arm-none-eabi/10.2.1/../../../../arm-none-eabi/lib/thumb/v6-m/nofp/libc.a(lib_a-calloc.o) (_calloc_r)
/usr/bin/../lib/gcc/arm-none-eabi/10.2.1/../../../../arm-none-eabi/lib/thumb/v6-m/nofp/libc.a(lib_a-impure.o)
                              /usr/bin/../lib/gcc/arm-none-eabi/10.2.1/../../../../arm-none-eabi/lib/thumb/v6-m/nofp/libc.a(lib_a-calloc.o) (_impure_ptr)
/usr/bin/../lib/gcc/arm-none-eabi/10.2.1/../../../../arm-none-eabi/lib/thumb/v6-m/nofp/libc.a(lib_a-init.o)
                              /usr/bin/../lib/gcc/arm-none-eabi/10.2.1/../../../../arm-none-eabi/lib/thumb/v6-m/nofp/crt0.o (__libc_init_array)
/usr/bin/../lib/gcc/arm-none-eabi/10.2.1/../../../../arm-none-eabi/lib/thumb/v6-m/nofp/libc.a(lib_a-malloc.o)
                              CMakeFiles/mico.dir/usr/share/pico-sdk/src/rp2_common/pico_malloc/pico_malloc.c.obj (malloc)
/usr/bin/../lib/gcc/arm-none-eabi/10.2.1/../../../../arm-none-eabi/lib/thumb/v6-m/nofp/libc.a(lib_a-mallocr.o)
                              /usr/bin/../lib/gcc/arm-none-eabi/10.2.1/../../../../arm-none-eabi/lib/thumb/v6-m/nofp/libc.a(lib_a-callocr.o) (_malloc_r)
/usr/bin/../lib/gcc/arm-none-eabi/10.2.1/../../../../arm-none-eabi/lib/thumb/v6-m/nofp/libc.a(lib_a-mlock.o)
                              /usr/bin/../lib/gcc/arm-none-eabi/10.2.1/../../../../arm-none-eabi/lib/thumb/v6-m/nofp/libc.a(lib_a-mallocr.o) (__malloc_lock)
/usr/bin/../lib/gcc/arm-none-eabi/10.2.1/../../../../arm-none-eabi/lib/thumb/v6-m/nofp/libc.a(lib_a-sbrkr.o)
                              /usr/bin/../lib/gcc/arm-none-eabi/10.2.1/../../../../arm-none-eabi/lib/thumb/v6-m/nofp/libc.a(lib_a-mallocr.o) (_sbrk_r)
/usr/bin/../lib/gcc/arm-none-eabi/10.2.1/../../../../arm-none-eabi/lib/thumb/v6-m/nofp/libc.a(lib_a-strlen-stub.o)
                              CMakeFiles/mico.dir/usr/share/pico-sdk/src/rp2_common/pico_stdio/stdio.c.obj (strlen)
/usr/bin/../lib/gcc/arm-none-eabi/10.2.1/../../../../arm-none-eabi/lib/thumb/v6-m/nofp/libc.a(lib_a-freer.o)
                              /usr/bin/../lib/gcc/arm-none-eabi/10.2.1/../../../../arm-none-eabi/lib/thumb/v6-m/nofp/libc.a(lib_a-malloc.o) (_free_r)
/usr/bin/../lib/gcc/arm-none-eabi/10.2.1/../../../../arm-none-eabi/lib/thumb/v6-m/nofp/libc.a(lib_a-lock.o)
                              /usr/bin/../lib/gcc/arm-none-eabi/10.2.1/../../../../arm-none-eabi/lib/thumb/v6-m/nofp/libc.a(lib_a-mlock.o) (__retarget_lock_acquire_recursive)
/usr/bin/../lib/gcc/arm-none-eabi/10.2.1/../../../../arm-none-eabi/lib/thumb/v6-m/nofp/libc.a(lib_a-reent.o)
                              /usr/bin/../lib/gcc/arm-none-eabi/10.2.1/../../../../arm-none-eabi/lib/thumb/v6-m/nofp/libc.a(lib_a-sbrkr.o) (errno)

Discarded input sections

 .text          0x0000000000000000        0x0 /usr/bin/../lib/gcc/arm-none-eabi/10.2.1/thumb/v6-m/nofp/crti.o
 .data          0x0000000000000000        0x0 /usr/bin/../lib/gcc/arm-none-eabi/10.2.1/thumb/v6-m/nofp/crti.o
 .bss           0x0000000000000000        0x0 /usr/bin/../lib/gcc/arm-none-eabi/10.2.1/thumb/v6-m/nofp/crti.o
 .data          0x0000000000000000        0x4 /usr/bin/../lib/gcc/arm-none-eabi/10.2.1/thumb/v6-m/nofp/crtbegin.o
 .rodata        0x0000000000000000       0x24 /usr/bin/../lib/gcc/arm-none-eabi/10.2.1/thumb/v6-m/nofp/crtbegin.o
 .fini_array    0x0000000000000000        0x4 /usr/bin/../lib/gcc/arm-none-eabi/10.2.1/thumb/v6-m/nofp/crtbegin.o
 .text          0x0000000000000000       0x80 /usr/bin/../lib/gcc/arm-none-eabi/10.2.1/../../../../arm-none-eabi/lib/thumb/v6-m/nofp/crt0.o
 .data          0x0000000000000000        0x0 /usr/bin/../lib/gcc/arm-none-eabi/10.2.1/../../../../arm-none-eabi/lib/thumb/v6-m/nofp/crt0.o
 .bss           0x0000000000000000        0x0 /usr/bin/../lib/gcc/arm-none-eabi/10.2.1/../../../../arm-none-eabi/lib/thumb/v6-m/nofp/crt0.o
 .ARM.extab     0x0000000000000000        0x0 /usr/bin/../lib/gcc/arm-none-eabi/10.2.1/../../../../arm-none-eabi/lib/thumb/v6-m/nofp/crt0.o
 .ARM.exidx     0x0000000000000000       0x10 /usr/bin/../lib/gcc/arm-none-eabi/10.2.1/../../../../arm-none-eabi/lib/thumb/v6-m/nofp/crt0.o
 .ARM.attributes
                0x0000000000000000       0x1b /usr/bin/../lib/gcc/arm-none-eabi/10.2.1/../../../../arm-none-eabi/lib/thumb/v6-m/nofp/crt0.o
 .text          0x0000000000000000        0x0 CMakeFiles/mico.dir/mico.cpp.obj
[...]
Memory Configuration

Name             Origin             Length             Attributes
FLASH            0x0000000010000000 0x0000000000200000 xr
RAM              0x0000000020000000 0x0000000000040000 xrw
SCRATCH_X        0x0000000020040000 0x0000000000001000 xrw
SCRATCH_Y        0x0000000020041000 0x0000000000001000 xrw
*default*        0x0000000000000000 0xffffffffffffffff

Linker script and memory map

LOAD /usr/bin/../lib/gcc/arm-none-eabi/10.2.1/thumb/v6-m/nofp/crti.o
LOAD /usr/bin/../lib/gcc/arm-none-eabi/10.2.1/thumb/v6-m/nofp/crtbegin.o
LOAD /usr/bin/../lib/gcc/arm-none-eabi/10.2.1/../../../../arm-none-eabi/lib/thumb/v6-m/nofp/crt0.o

.flash_begin    0x0000000010000000        0x0
                0x0000000010000000                __flash_binary_start = .

.boot2          0x0000000010000000      0x100
                0x0000000010000000                __boot2_start__ = .
 *(.boot2)
 .boot2         0x0000000010000000      0x100 /tmp/ccAbl09d.o
                0x0000000010000100                __boot2_end__ = .
                0x0000000000000001                ASSERT (((__boot2_end__ - __boot2_start__) == 0x100), ERROR: Pico second stage bootloader must be 256 bytes in size)

.text           0x0000000010000100     0x7818
                0x0000000010000100                __logical_binary_start = .
 *(.vectors)
 .vectors       0x0000000010000100       0xd4 CMakeFiles/mico.dir/usr/share/pico-sdk/src/rp2_common/pico_standard_link/crt0.S.obj
                0x0000000010000100                __vectors
                0x0000000010000100                __VECTOR_TABLE
                0x00000000100001c0                isr_invalid
                0x00000000100001c0                __default_isrs_start
                0x00000000100001c2                isr_nmi
                0x00000000100001c4                isr_hardfault
                0x00000000100001c6                isr_svcall
                0x00000000100001c8                isr_pendsv
                0x00000000100001ca                isr_systick
                0x00000000100001cc                isr_irq30
                0x00000000100001cc                __unhandled_user_irq
                0x00000000100001cc                isr_irq13
                0x00000000100001cc                isr_irq27
                0x00000000100001cc                isr_irq31
                0x00000000100001cc                isr_irq5
                0x00000000100001cc                isr_irq11
                0x00000000100001cc                isr_irq23
                0x00000000100001cc                isr_irq18
                0x00000000100001cc                isr_irq28
                0x00000000100001cc                isr_irq19
                0x00000000100001cc                isr_irq0
                0x00000000100001cc                isr_irq6
                0x00000000100001cc                isr_irq22
                0x00000000100001cc                isr_irq17
                0x00000000100001cc                isr_irq14
                0x00000000100001cc                isr_irq2
                0x00000000100001cc                isr_irq10
                0x00000000100001cc                isr_irq8
                0x00000000100001cc                isr_irq24
                0x00000000100001cc                isr_irq1
                0x00000000100001cc                isr_irq7
                0x00000000100001cc                isr_irq21
                0x00000000100001cc                isr_irq20
                0x00000000100001cc                isr_irq15
                0x00000000100001cc                isr_irq25
                0x00000000100001cc                isr_irq4
                0x00000000100001cc                isr_irq16
                0x00000000100001cc                isr_irq29
                0x00000000100001cc                isr_irq26
                0x00000000100001cc                __default_isrs_end
                0x00000000100001cc                isr_irq3
                0x00000000100001cc                isr_irq12
                0x00000000100001cc                isr_irq9
                0x00000000100001d2                unhandled_user_irq_num_in_r0
 *(.binary_info_header)
 .binary_info_header
                0x00000000100001d4       0x14 CMakeFiles/mico.dir/usr/share/pico-sdk/src/rp2_common/pico_standard_link/crt0.S.obj
                0x00000000100001e8                __binary_info_header_end = .
 *(.reset)
 .reset         0x00000000100001e8       0xa8 CMakeFiles/mico.dir/usr/share/pico-sdk/src/rp2_common/pico_standard_link/crt0.S.obj
                0x00000000100001e8                _entry_point
                0x0000000010000266                __get_current_exception
 .reset         0x0000000010000290       0x30 CMakeFiles/mico.dir/usr/share/pico-sdk/src/rp2_common/pico_standard_link/binary_info.c.obj
 *(.init)
 .init          0x00000000100002c0        0x4 /usr/bin/../lib/gcc/arm-none-eabi/10.2.1/thumb/v6-m/nofp/crti.o
                0x00000000100002c0                _init
 *(EXCLUDE_FILE(*libm.a: *libc.a:*lib_a-mem*.o *libgcc.a:) .text*)
 .text          0x00000000100002c4       0x48 /usr/bin/../lib/gcc/arm-none-eabi/10.2.1/thumb/v6-m/nofp/crtbegin.o
 .text.startup.main
                0x000000001000030c       0x6c CMakeFiles/mico.dir/mico.cpp.obj
                0x000000001000030c                main
 .text.startup._GLOBAL__sub_I_pio
                0x0000000010000378       0x34 CMakeFiles/mico.dir/mico.cpp.obj
 .text.gpio_set_function
                0x00000000100003ac       0x30 CMakeFiles/mico.dir/usr/share/pico-sdk/src/rp2_common/hardware_gpio/gpio.c.obj
                0x00000000100003ac                gpio_set_function
 .text.gpio_set_pulls
                0x00000000100003dc       0x30 CMakeFiles/mico.dir/usr/share/pico-sdk/src/rp2_common/hardware_gpio/gpio.c.obj
                0x00000000100003dc                gpio_set_pulls
 .text.gpio_init
                0x000000001000040c       0x3c CMakeFiles/mico.dir/usr/share/pico-sdk/src/rp2_common/hardware_gpio/gpio.c.obj
                0x000000001000040c                gpio_init
 .text.hw_claim_lock
                0x0000000010000448       0x18 CMakeFiles/mico.dir/usr/share/pico-sdk/src/rp2_common/hardware_claim/claim.c.obj
                0x0000000010000448                hw_claim_lock
 .text.hw_claim_unlock
                0x0000000010000460       0x14 CMakeFiles/mico.dir/usr/share/pico-sdk/src/rp2_common/hardware_claim/claim.c.obj
                0x0000000010000460                hw_claim_unlock
 .text.hw_claim_or_assert
                0x0000000010000474       0x44 CMakeFiles/mico.dir/usr/share/pico-sdk/src/rp2_common/hardware_claim/claim.c.obj
                0x0000000010000474                hw_claim_or_assert
 .text.hw_claim_unused_from_range
                0x00000000100004b8       0x9c CMakeFiles/mico.dir/usr/share/pico-sdk/src/rp2_common/hardware_claim/claim.c.obj
                0x00000000100004b8                hw_claim_unused_from_range
 .text.running_on_fpga
                0x0000000010000554       0x10 CMakeFiles/mico.dir/usr/share/pico-sdk/src/rp2_common/pico_platform/platform.c.obj
                0x0000000010000554                running_on_fpga
 .text.spin_locks_reset
                0x0000000010000564       0x1c CMakeFiles/mico.dir/usr/share/pico-sdk/src/rp2_common/hardware_sync/sync.c.obj
                0x0000000010000564                spin_locks_reset
 .text.next_striped_spin_lock_num
                0x0000000010000580       0x18 CMakeFiles/mico.dir/usr/share/pico-sdk/src/rp2_common/hardware_sync/sync.c.obj
                0x0000000010000580                next_striped_spin_lock_num
 .text.spin_lock_claim_unused
                0x0000000010000598       0x20 CMakeFiles/mico.dir/usr/share/pico-sdk/src/rp2_common/hardware_sync/sync.c.obj
                0x0000000010000598                spin_lock_claim_unused
 .text.timer_pool_entry_comparator
                0x00000000100005b8       0x34 CMakeFiles/mico.dir/usr/share/pico-sdk/src/common/pico_time/time.c.obj
                0x00000000100005b8                timer_pool_entry_comparator
 .text.sleep_until_callback
                0x00000000100005ec       0x30 CMakeFiles/mico.dir/usr/share/pico-sdk/src/common/pico_time/time.c.obj
 .text.add_alarm_under_lock.isra.0
                0x000000001000061c      0x100 CMakeFiles/mico.dir/usr/share/pico-sdk/src/common/pico_time/time.c.obj
 .text.alarm_pool_alarm_callback
                0x000000001000071c      0x1c8 CMakeFiles/mico.dir/usr/share/pico-sdk/src/common/pico_time/time.c.obj
 .text.alarm_pool_add_alarm_at.constprop.0
                0x00000000100008e4      0x11c CMakeFiles/mico.dir/usr/share/pico-sdk/src/common/pico_time/time.c.obj
 .text.alarm_pool_init_default
                0x0000000010000a00       0x64 CMakeFiles/mico.dir/usr/share/pico-sdk/src/common/pico_time/time.c.obj
                0x0000000010000a00                alarm_pool_init_default
 .text.alarm_pool_get_default
                0x0000000010000a64        0x8 CMakeFiles/mico.dir/usr/share/pico-sdk/src/common/pico_time/time.c.obj
                0x0000000010000a64                alarm_pool_get_default
 .text.alarm_pool_add_alarm_at
                0x0000000010000a6c      0x198 CMakeFiles/mico.dir/usr/share/pico-sdk/src/common/pico_time/time.c.obj
                0x0000000010000a6c                alarm_pool_add_alarm_at
 .text.sleep_until
                0x0000000010000c04       0xac CMakeFiles/mico.dir/usr/share/pico-sdk/src/common/pico_time/time.c.obj
                0x0000000010000c04                sleep_until
 .text.sleep_ms
                0x0000000010000cb0       0x38 CMakeFiles/mico.dir/usr/share/pico-sdk/src/common/pico_time/time.c.obj
                0x0000000010000cb0                sleep_ms
 .text.best_effort_wfe_or_timeout
                0x0000000010000ce8       0xd4 CMakeFiles/mico.dir/usr/share/pico-sdk/src/common/pico_time/time.c.obj
                0x0000000010000ce8                best_effort_wfe_or_timeout
 .text.hardware_alarm_irq_handler
                0x0000000010000dbc       0xb8 CMakeFiles/mico.dir/usr/share/pico-sdk/src/rp2_common/hardware_timer/timer.c.obj
 .text.hardware_alarm_claim
                0x0000000010000e74       0x18 CMakeFiles/mico.dir/usr/share/pico-sdk/src/rp2_common/hardware_timer/timer.c.obj
                0x0000000010000e74                hardware_alarm_claim
 .text.time_us_64
                0x0000000010000e8c       0x14 CMakeFiles/mico.dir/usr/share/pico-sdk/src/rp2_common/hardware_timer/timer.c.obj
                0x0000000010000e8c                time_us_64
 .text.busy_wait_until
                0x0000000010000ea0       0x20 CMakeFiles/mico.dir/usr/share/pico-sdk/src/rp2_common/hardware_timer/timer.c.obj
                0x0000000010000ea0                busy_wait_until
 .text.hardware_alarm_set_callback
                0x0000000010000ec0       0x8c CMakeFiles/mico.dir/usr/share/pico-sdk/src/rp2_common/hardware_timer/timer.c.obj
                0x0000000010000ec0                hardware_alarm_set_callback
 .text.hardware_alarm_set_target
                0x0000000010000f4c       0xe0 CMakeFiles/mico.dir/usr/share/pico-sdk/src/rp2_common/hardware_timer/timer.c.obj
                0x0000000010000f4c                hardware_alarm_set_target
 .text.hardware_alarm_cancel
                0x000000001000102c       0x3c CMakeFiles/mico.dir/usr/share/pico-sdk/src/rp2_common/hardware_timer/timer.c.obj
                0x000000001000102c                hardware_alarm_cancel
 .text.lock_init
                0x0000000010001068       0x10 CMakeFiles/mico.dir/usr/share/pico-sdk/src/common/pico_sync/lock_core.c.obj
                0x0000000010001068                lock_init
 .text.mutex_init
                0x0000000010001078       0x1c CMakeFiles/mico.dir/usr/share/pico-sdk/src/common/pico_sync/mutex.c.obj
                0x0000000010001078                mutex_init
 .text.recursive_mutex_init
                0x0000000010001094       0x1c CMakeFiles/mico.dir/usr/share/pico-sdk/src/common/pico_sync/mutex.c.obj
                0x0000000010001094                recursive_mutex_init
 .text.critical_section_init
                0x00000000100010b0       0x20 CMakeFiles/mico.dir/usr/share/pico-sdk/src/common/pico_sync/critical_section.c.obj
                0x00000000100010b0                critical_section_init
 .text.ph_merge_nodes
                0x00000000100010d0       0x68 CMakeFiles/mico.dir/usr/share/pico-sdk/src/common/pico_util/pheap.c.obj
 .text.ph_post_alloc_init
                0x0000000010001138       0x3c CMakeFiles/mico.dir/usr/share/pico-sdk/src/common/pico_util/pheap.c.obj
                0x0000000010001138                ph_post_alloc_init
 .text.ph_merge_two_pass
                0x0000000010001174       0x90 CMakeFiles/mico.dir/usr/share/pico-sdk/src/common/pico_util/pheap.c.obj
                0x0000000010001174                ph_merge_two_pass
 .text.ph_remove_any_head
                0x0000000010001204       0xf8 CMakeFiles/mico.dir/usr/share/pico-sdk/src/common/pico_util/pheap.c.obj
 .text.ph_remove_head
                0x00000000100012fc       0xfc CMakeFiles/mico.dir/usr/share/pico-sdk/src/common/pico_util/pheap.c.obj
                0x00000000100012fc                ph_remove_head
 .text.ph_remove_and_free_node
                0x00000000100013f8       0x7c CMakeFiles/mico.dir/usr/share/pico-sdk/src/common/pico_util/pheap.c.obj
                0x00000000100013f8                ph_remove_and_free_node
 .text.runtime_init
                0x0000000010001474       0xf0 CMakeFiles/mico.dir/usr/share/pico-sdk/src/rp2_common/pico_runtime/runtime.c.obj
                0x0000000010001474                runtime_init
 .text.exit     0x0000000010001564        0x4 CMakeFiles/mico.dir/usr/share/pico-sdk/src/rp2_common/pico_runtime/runtime.c.obj
                0x0000000010001564                exit
 .text.panic    0x0000000010001568       0x30 CMakeFiles/mico.dir/usr/share/pico-sdk/src/rp2_common/pico_runtime/runtime.c.obj
                0x0000000010001568                panic
 .text.hard_assertion_failure
                0x0000000010001598        0xc CMakeFiles/mico.dir/usr/share/pico-sdk/src/rp2_common/pico_runtime/runtime.c.obj
                0x0000000010001598                hard_assertion_failure
 .text.clocks_init
                0x00000000100015a4      0x2bc CMakeFiles/mico.dir/usr/share/pico-sdk/src/rp2_common/hardware_clocks/clocks.c.obj
                0x00000000100015a4                clocks_init
 .text.clock_get_hz
                0x0000000010001860        0xc CMakeFiles/mico.dir/usr/share/pico-sdk/src/rp2_common/hardware_clocks/clocks.c.obj
                0x0000000010001860                clock_get_hz
 .text.irq_set_enabled
                0x000000001000186c       0x24 CMakeFiles/mico.dir/usr/share/pico-sdk/src/rp2_common/hardware_irq/irq.c.obj
                0x000000001000186c                irq_set_enabled
 .text.irq_set_pending
                0x0000000010001890       0x10 CMakeFiles/mico.dir/usr/share/pico-sdk/src/rp2_common/hardware_irq/irq.c.obj
                0x0000000010001890                irq_set_pending
 .text.irq_get_vtable_handler
                0x00000000100018a0       0x10 CMakeFiles/mico.dir/usr/share/pico-sdk/src/rp2_common/hardware_irq/irq.c.obj
                0x00000000100018a0                irq_get_vtable_handler
 .text.irq_set_exclusive_handler
                0x00000000100018b0       0x54 CMakeFiles/mico.dir/usr/share/pico-sdk/src/rp2_common/hardware_irq/irq.c.obj
                0x00000000100018b0                irq_set_exclusive_handler
 .text.irq_remove_handler
                0x0000000010001904      0x1b4 CMakeFiles/mico.dir/usr/share/pico-sdk/src/rp2_common/hardware_irq/irq.c.obj
                0x0000000010001904                irq_remove_handler
 .text.irq_add_tail_to_free_list
                0x0000000010001ab8       0xb4 CMakeFiles/mico.dir/usr/share/pico-sdk/src/rp2_common/hardware_irq/irq.c.obj
                0x0000000010001ab8                irq_add_tail_to_free_list
 .text.irq_init_priorities
                0x0000000010001b6c       0x24 CMakeFiles/mico.dir/usr/share/pico-sdk/src/rp2_common/hardware_irq/irq.c.obj
                0x0000000010001b6c                irq_init_priorities
 .text.pll_init
                0x0000000010001b90       0xa8 CMakeFiles/mico.dir/usr/share/pico-sdk/src/rp2_common/hardware_pll/pll.c.obj
                0x0000000010001b90                pll_init
 .text.watchdog_start_tick
                0x0000000010001c38       0x10 CMakeFiles/mico.dir/usr/share/pico-sdk/src/rp2_common/hardware_watchdog/watchdog.c.obj
                0x0000000010001c38                watchdog_start_tick
 .text.watchdog_reboot
                0x0000000010001c48       0x98 CMakeFiles/mico.dir/usr/share/pico-sdk/src/rp2_common/hardware_watchdog/watchdog.c.obj
                0x0000000010001c48                watchdog_reboot
 .text.xosc_init
                0x0000000010001ce0       0x28 CMakeFiles/mico.dir/usr/share/pico-sdk/src/rp2_common/hardware_xosc/xosc.c.obj
                0x0000000010001ce0                xosc_init
 .text._out_null
                0x0000000010001d08        0x4 CMakeFiles/mico.dir/usr/share/pico-sdk/src/rp2_common/pico_printf/printf.c.obj
 .text._out_rev
                0x0000000010001d0c       0x9c CMakeFiles/mico.dir/usr/share/pico-sdk/src/rp2_common/pico_printf/printf.c.obj
 .text._ntoa_format
                0x0000000010001da8      0x1cc CMakeFiles/mico.dir/usr/share/pico-sdk/src/rp2_common/pico_printf/printf.c.obj
 .text._out_char
                0x0000000010001f74       0x10 CMakeFiles/mico.dir/usr/share/pico-sdk/src/rp2_common/pico_printf/printf.c.obj
 .text._out_fct
                0x0000000010001f84       0x10 CMakeFiles/mico.dir/usr/share/pico-sdk/src/rp2_common/pico_printf/printf.c.obj
 .text._etoa    0x0000000010001f94      0x44c CMakeFiles/mico.dir/usr/share/pico-sdk/src/rp2_common/pico_printf/printf.c.obj
 .text._ftoa    0x00000000100023e0      0x398 CMakeFiles/mico.dir/usr/share/pico-sdk/src/rp2_common/pico_printf/printf.c.obj
 .text._vsnprintf
                0x0000000010002778      0xb04 CMakeFiles/mico.dir/usr/share/pico-sdk/src/rp2_common/pico_printf/printf.c.obj
 .text.vfctprintf
                0x000000001000327c       0x20 CMakeFiles/mico.dir/usr/share/pico-sdk/src/rp2_common/pico_printf/printf.c.obj
                0x000000001000327c                vfctprintf
 .text.weak_raw_vprintf
                0x000000001000329c       0x30 CMakeFiles/mico.dir/usr/share/pico-sdk/src/rp2_common/pico_printf/printf.c.obj
                0x000000001000329c                weak_raw_vprintf
 .text          0x00000000100032cc       0x10 CMakeFiles/mico.dir/usr/share/pico-sdk/src/rp2_common/pico_bit_ops/bit_ops_aeabi.S.obj
 .text.rom_func_lookup
                0x00000000100032dc       0x10 CMakeFiles/mico.dir/usr/share/pico-sdk/src/rp2_common/pico_bootrom/bootrom.c.obj
                0x00000000100032dc                rom_func_lookup
 .text.rom_data_lookup
                0x00000000100032ec       0x10 CMakeFiles/mico.dir/usr/share/pico-sdk/src/rp2_common/pico_bootrom/bootrom.c.obj
                0x00000000100032ec                rom_data_lookup
 .text.rom_funcs_lookup
                0x00000000100032fc       0x44 CMakeFiles/mico.dir/usr/share/pico-sdk/src/rp2_common/pico_bootrom/bootrom.c.obj
                0x00000000100032fc                rom_funcs_lookup
 .text.__wrap___aeabi_idiv
                0x0000000010003340       0x50 CMakeFiles/mico.dir/usr/share/pico-sdk/src/rp2_common/pico_divider/divider.S.obj
                0x0000000010003340                __wrap___aeabi_idivmod
                0x0000000010003340                divmod_s32s32
                0x0000000010003340                div_s32s32
                0x0000000010003340                __wrap___aeabi_idiv
                0x0000000010003348                divmod_s32s32_unsafe
                0x0000000010003374                divmod_s32s32_savestate
 .text.__wrap___aeabi_uidiv
                0x0000000010003390       0x4c CMakeFiles/mico.dir/usr/share/pico-sdk/src/rp2_common/pico_divider/divider.S.obj
                0x0000000010003390                __wrap___aeabi_uidiv
                0x0000000010003390                __wrap___aeabi_uidivmod
                0x0000000010003390                div_u32u32
                0x0000000010003390                divmod_u32u32
                0x0000000010003398                divmod_u32u32_unsafe
                0x00000000100033c0                divmod_u32u32_savestate
 .text.__wrap___aeabi_ldiv
                0x00000000100033dc      0x434 CMakeFiles/mico.dir/usr/share/pico-sdk/src/rp2_common/pico_divider/divider.S.obj
                0x00000000100033dc                div_s64s64
                0x00000000100033dc                divmod_s64s64
                0x00000000100033dc                __wrap___aeabi_ldivmod
                0x0000000010003414                div_u64u64
                0x0000000010003414                divmod_u64u64
                0x0000000010003414                __wrap___aeabi_uldivmod
                0x0000000010003424                divmod_u64u64_savestate
                0x000000001000344c                divmod_s64s64_unsafe
                0x00000000100034d4                divmod_u64u64_unsafe
 .text.__wrap___aeabi_darithmetic
                0x0000000010003810       0x80 CMakeFiles/mico.dir/usr/share/pico-sdk/src/rp2_common/pico_double/double_aeabi.S.obj
                0x0000000010003810                __wrap___aeabi_drsub
                0x0000000010003816                __wrap___aeabi_dsub
                0x0000000010003828                __wrap___aeabi_dadd
                0x000000001000383a                __wrap___aeabi_ddiv
                0x0000000010003876                __wrap___aeabi_dmul
 .text.__wrap___aeabi_cdcmple
                0x0000000010003890       0x6c CMakeFiles/mico.dir/usr/share/pico-sdk/src/rp2_common/pico_double/double_aeabi.S.obj
                0x0000000010003890                __wrap___aeabi_cdrcmple
                0x00000000100038a0                __wrap___aeabi_cdcmple
                0x00000000100038a0                __wrap___aeabi_cdcmpeq
 .text.__wrap___aeabi_dcmplt
                0x00000000100038fc        0xc CMakeFiles/mico.dir/usr/share/pico-sdk/src/rp2_common/pico_double/double_aeabi.S.obj
                0x00000000100038fc                __wrap___aeabi_dcmplt
 .text.__wrap___aeabi_dcmple
                0x0000000010003908       0x10 CMakeFiles/mico.dir/usr/share/pico-sdk/src/rp2_common/pico_double/double_aeabi.S.obj
                0x0000000010003908                __wrap___aeabi_dcmple
 .text.__wrap___aeabi_dcmpge
                0x0000000010003918       0x10 CMakeFiles/mico.dir/usr/share/pico-sdk/src/rp2_common/pico_double/double_aeabi.S.obj
                0x0000000010003918                __wrap___aeabi_dcmpge
 .text.__wrap___aeabi_dcmpgt
                0x0000000010003928        0xa CMakeFiles/mico.dir/usr/share/pico-sdk/src/rp2_common/pico_double/double_aeabi.S.obj
                0x0000000010003928                __wrap___aeabi_dcmpgt
 .text.__wrap___aeabi_dcmpun
                0x0000000010003932       0x1c CMakeFiles/mico.dir/usr/share/pico-sdk/src/rp2_common/pico_double/double_aeabi.S.obj
                0x0000000010003932                __wrap___aeabi_dcmpun
 *fill*         0x000000001000394e        0x2 
 .text.__wrap___aeabi_i2d
                0x0000000010003950       0x38 CMakeFiles/mico.dir/usr/share/pico-sdk/src/rp2_common/pico_double/double_aeabi.S.obj
                0x0000000010003950                __wrap___aeabi_ui2d
                0x0000000010003958                __wrap___aeabi_i2d
 .text.__wrap___aeabi_d2iz
                0x0000000010003988       0x48 CMakeFiles/mico.dir/usr/share/pico-sdk/src/rp2_common/pico_double/double_aeabi.S.obj
                0x0000000010003988                __wrap___aeabi_d2iz
                0x0000000010003988                double2int_z
 .text.__wrap___aeabi_d2uiz
                0x00000000100039d0       0x18 CMakeFiles/mico.dir/usr/share/pico-sdk/src/rp2_common/pico_double/double_aeabi.S.obj
                0x00000000100039d0                double2uint
                0x00000000100039d0                __wrap___aeabi_d2uiz
 .text.__aeabi_double_init
                0x00000000100039e8       0x94 CMakeFiles/mico.dir/usr/share/pico-sdk/src/rp2_common/pico_double/double_init_rom.c.obj
                0x00000000100039e8                __aeabi_double_init
 .text.double_table_shim_on_use_helper
                0x0000000010003a7c       0x2c CMakeFiles/mico.dir/usr/share/pico-sdk/src/rp2_common/pico_double/double_v1_rom_shim.S.obj
                0x0000000010003a7c                double_table_shim_on_use_helper
 .text.__wrap___aeabi_dsub
                0x0000000010003aa8       0x10 CMakeFiles/mico.dir/usr/share/pico-sdk/src/rp2_common/pico_double/double_v1_rom_shim.S.obj
                0x0000000010003aa8                drsub_shim
                0x0000000010003aae                dsub_shim
 .text.dadd_shim
                0x0000000010003ab8      0x15c CMakeFiles/mico.dir/usr/share/pico-sdk/src/rp2_common/pico_double/double_v1_rom_shim.S.obj
                0x0000000010003ab8                dadd_shim
 .text.dmul_shim
                0x0000000010003c14      0x15c CMakeFiles/mico.dir/usr/share/pico-sdk/src/rp2_common/pico_double/double_v1_rom_shim.S.obj
                0x0000000010003c14                dmul_shim
 .text.ddiv_shim
                0x0000000010003d70      0x1b0 CMakeFiles/mico.dir/usr/share/pico-sdk/src/rp2_common/pico_double/double_v1_rom_shim.S.obj
                0x0000000010003d70                ddiv_shim
 .text.double2uint_shim
                0x0000000010003f20        0xe CMakeFiles/mico.dir/usr/share/pico-sdk/src/rp2_common/pico_double/double_v1_rom_shim.S.obj
                0x0000000010003f20                double2uint_shim
                0x0000000010003f22                double2ufix_shim
 *fill*         0x0000000010003f2e        0x2 
 .text.double2uint64_shim
                0x0000000010003f30       0x70 CMakeFiles/mico.dir/usr/share/pico-sdk/src/rp2_common/pico_double/double_v1_rom_shim.S.obj
                0x0000000010003f30                double2uint64_shim
                0x0000000010003f32                double2ufix64_shim
                0x0000000010003f52                d2fix_a
 .text.dunpacks
                0x0000000010003fa0       0x3c CMakeFiles/mico.dir/usr/share/pico-sdk/src/rp2_common/pico_double/double_v1_rom_shim.S.obj
                0x0000000010003fa0                dunpacks
 .text.__aeabi_lmul
                0x0000000010003fdc       0x32 CMakeFiles/mico.dir/usr/share/pico-sdk/src/rp2_common/pico_int64_ops/pico_int64_ops_aeabi.S.obj
                0x0000000010003fdc                __wrap___aeabi_lmul
 *fill*         0x000000001000400e        0x2 
 .text.__wrap___aeabi_farithmetic
                0x0000000010004010       0x48 CMakeFiles/mico.dir/usr/share/pico-sdk/src/rp2_common/pico_float/float_aeabi.S.obj
                0x0000000010004010                __wrap___aeabi_frsub
                0x0000000010004016                __wrap___aeabi_fsub
                0x000000001000401c                __wrap___aeabi_fadd
                0x0000000010004022                __wrap___aeabi_fdiv
                0x000000001000404a                __wrap___aeabi_fmul
 .text.__wrap___aeabi_cfcmple
                0x0000000010004058       0x50 CMakeFiles/mico.dir/usr/share/pico-sdk/src/rp2_common/pico_float/float_aeabi.S.obj
                0x0000000010004058                __wrap___aeabi_cfrcmple
                0x0000000010004064                __wrap___aeabi_cfcmpeq
                0x0000000010004064                __wrap___aeabi_cfcmple
 .text.__wrap___aeabi_fcmplt
                0x00000000100040a8        0xc CMakeFiles/mico.dir/usr/share/pico-sdk/src/rp2_common/pico_float/float_aeabi.S.obj
                0x00000000100040a8                __wrap___aeabi_fcmplt
 .text.__wrap___aeabi_ui2f
                0x00000000100040b4        0xa CMakeFiles/mico.dir/usr/share/pico-sdk/src/rp2_common/pico_float/float_aeabi.S.obj
                0x00000000100040b4                __wrap___aeabi_ui2f
 *fill*         0x00000000100040be        0x2 
 .text.__wrap___aeabi_i2f
                0x00000000100040c0       0x44 CMakeFiles/mico.dir/usr/share/pico-sdk/src/rp2_common/pico_float/float_aeabi.S.obj
                0x00000000100040c0                __wrap___aeabi_i2f
 .text.__aeabi_float_init
                0x0000000010004104       0x64 CMakeFiles/mico.dir/usr/share/pico-sdk/src/rp2_common/pico_float/float_init_rom.c.obj
                0x0000000010004104                __aeabi_float_init
 .text.float_table_shim_on_use_helper
                0x0000000010004168       0x2c CMakeFiles/mico.dir/usr/share/pico-sdk/src/rp2_common/pico_float/float_v1_rom_shim.S.obj
                0x0000000010004168                float_table_shim_on_use_helper
 .text          0x0000000010004194       0x10 CMakeFiles/mico.dir/usr/share/pico-sdk/src/rp2_common/pico_mem_ops/mem_ops_aeabi.S.obj
                0x0000000010004194                __aeabi_mem_init
 .text.memset   0x00000000100041a4        0xc CMakeFiles/mico.dir/usr/share/pico-sdk/src/rp2_common/pico_mem_ops/mem_ops_aeabi.S.obj
                0x00000000100041a4                __wrap_memset
 .text.memcpy   0x00000000100041b0        0xc CMakeFiles/mico.dir/usr/share/pico-sdk/src/rp2_common/pico_mem_ops/mem_ops_aeabi.S.obj
                0x00000000100041b0                __wrap___aeabi_memcpy
                0x00000000100041b0                __wrap_memcpy
 .text.stdio_out_chars_no_crlf
                0x00000000100041bc       0x10 CMakeFiles/mico.dir/usr/share/pico-sdk/src/rp2_common/pico_stdio/stdio.c.obj
 .text.stdio_out_chars_crlf
                0x00000000100041cc       0xb4 CMakeFiles/mico.dir/usr/share/pico-sdk/src/rp2_common/pico_stdio/stdio.c.obj
 .text.stdio_buffered_printer
                0x0000000010004280       0x64 CMakeFiles/mico.dir/usr/share/pico-sdk/src/rp2_common/pico_stdio/stdio.c.obj
 .text.stdio_put_string.isra.0
                0x00000000100042e4       0xfc CMakeFiles/mico.dir/usr/share/pico-sdk/src/rp2_common/pico_stdio/stdio.c.obj
 .text.__wrap_putchar
                0x00000000100043e0       0xa0 CMakeFiles/mico.dir/usr/share/pico-sdk/src/rp2_common/pico_stdio/stdio.c.obj
                0x00000000100043e0                __wrap_putchar
 .text.__wrap_puts
                0x0000000010004480       0x3c CMakeFiles/mico.dir/usr/share/pico-sdk/src/rp2_common/pico_stdio/stdio.c.obj
                0x0000000010004480                __wrap_puts
 .text.stdio_set_driver_enabled
                0x00000000100044bc       0x3c CMakeFiles/mico.dir/usr/share/pico-sdk/src/rp2_common/pico_stdio/stdio.c.obj
                0x00000000100044bc                stdio_set_driver_enabled
 .text.__wrap_vprintf
                0x00000000100044f8       0xd8 CMakeFiles/mico.dir/usr/share/pico-sdk/src/rp2_common/pico_stdio/stdio.c.obj
                0x00000000100044f8                __wrap_vprintf
 .text.__wrap_printf
                0x00000000100045d0       0x18 CMakeFiles/mico.dir/usr/share/pico-sdk/src/rp2_common/pico_stdio/stdio.c.obj
                0x00000000100045d0                __wrap_printf
 .text.stdio_init_all
                0x00000000100045e8        0x8 CMakeFiles/mico.dir/usr/share/pico-sdk/src/rp2_common/pico_stdio/stdio.c.obj
                0x00000000100045e8                stdio_init_all
 .text.resetd_init
                0x00000000100045f0        0x4 CMakeFiles/mico.dir/usr/share/pico-sdk/src/rp2_common/pico_stdio_usb/reset_interface.c.obj
 .text.resetd_reset
                0x00000000100045f4        0xc CMakeFiles/mico.dir/usr/share/pico-sdk/src/rp2_common/pico_stdio_usb/reset_interface.c.obj
 .text.resetd_open
                0x0000000010004600       0x28 CMakeFiles/mico.dir/usr/share/pico-sdk/src/rp2_common/pico_stdio_usb/reset_interface.c.obj
 .text.resetd_xfer_cb
                0x0000000010004628        0x4 CMakeFiles/mico.dir/usr/share/pico-sdk/src/rp2_common/pico_stdio_usb/reset_interface.c.obj
 .text.resetd_control_xfer_cb
                0x000000001000462c       0x64 CMakeFiles/mico.dir/usr/share/pico-sdk/src/rp2_common/pico_stdio_usb/reset_interface.c.obj
 .text.usbd_app_driver_get_cb
                0x0000000010004690        0xc CMakeFiles/mico.dir/usr/share/pico-sdk/src/rp2_common/pico_stdio_usb/reset_interface.c.obj
                0x0000000010004690                usbd_app_driver_get_cb
 .text.tud_cdc_line_coding_cb
                0x000000001000469c       0x34 CMakeFiles/mico.dir/usr/share/pico-sdk/src/rp2_common/pico_stdio_usb/reset_interface.c.obj
                0x000000001000469c                tud_cdc_line_coding_cb
 .text.stdio_usb_in_chars
                0x00000000100046d0       0x68 CMakeFiles/mico.dir/usr/share/pico-sdk/src/rp2_common/pico_stdio_usb/stdio_usb.c.obj
                0x00000000100046d0                stdio_usb_in_chars
 .text.stdio_usb_out_chars
                0x0000000010004738       0xe4 CMakeFiles/mico.dir/usr/share/pico-sdk/src/rp2_common/pico_stdio_usb/stdio_usb.c.obj
 .text.timer_task
                0x000000001000481c       0x10 CMakeFiles/mico.dir/usr/share/pico-sdk/src/rp2_common/pico_stdio_usb/stdio_usb.c.obj
 .text.low_priority_worker_irq
                0x000000001000482c       0x24 CMakeFiles/mico.dir/usr/share/pico-sdk/src/rp2_common/pico_stdio_usb/stdio_usb.c.obj
 .text.stdio_usb_init
                0x0000000010004850       0x90 CMakeFiles/mico.dir/usr/share/pico-sdk/src/rp2_common/pico_stdio_usb/stdio_usb.c.obj
                0x0000000010004850                stdio_usb_init
 .text.tud_descriptor_device_cb
                0x00000000100048e0        0x8 CMakeFiles/mico.dir/usr/share/pico-sdk/src/rp2_common/pico_stdio_usb/stdio_usb_descriptors.c.obj
                0x00000000100048e0                tud_descriptor_device_cb
 .text.tud_descriptor_configuration_cb
                0x00000000100048e8        0x8 CMakeFiles/mico.dir/usr/share/pico-sdk/src/rp2_common/pico_stdio_usb/stdio_usb_descriptors.c.obj
                0x00000000100048e8                tud_descriptor_configuration_cb
 .text.tud_descriptor_string_cb
                0x00000000100048f0       0x74 CMakeFiles/mico.dir/usr/share/pico-sdk/src/rp2_common/pico_stdio_usb/stdio_usb_descriptors.c.obj
                0x00000000100048f0                tud_descriptor_string_cb
 .text.dcd_rp2040_irq
                0x0000000010004964      0x21c CMakeFiles/mico.dir/usr/share/pico-sdk/lib/tinyusb/src/portable/raspberrypi/rp2040/dcd_rp2040.c.obj
 .text.dcd_int_enable
                0x0000000010004b80        0xc CMakeFiles/mico.dir/usr/share/pico-sdk/lib/tinyusb/src/portable/raspberrypi/rp2040/dcd_rp2040.c.obj
                0x0000000010004b80                dcd_int_enable
 .text.dcd_set_address
                0x0000000010004b8c       0x14 CMakeFiles/mico.dir/usr/share/pico-sdk/lib/tinyusb/src/portable/raspberrypi/rp2040/dcd_rp2040.c.obj
                0x0000000010004b8c                dcd_set_address
 .text.dcd_connect
                0x0000000010004ba0       0x10 CMakeFiles/mico.dir/usr/share/pico-sdk/lib/tinyusb/src/portable/raspberrypi/rp2040/dcd_rp2040.c.obj
                0x0000000010004ba0                dcd_connect
 .text.dcd_init
                0x0000000010004bb0      0x144 CMakeFiles/mico.dir/usr/share/pico-sdk/lib/tinyusb/src/portable/raspberrypi/rp2040/dcd_rp2040.c.obj
                0x0000000010004bb0                dcd_init
 .text.dcd_edpt0_status_complete
                0x0000000010004cf4       0x1c CMakeFiles/mico.dir/usr/share/pico-sdk/lib/tinyusb/src/portable/raspberrypi/rp2040/dcd_rp2040.c.obj
                0x0000000010004cf4                dcd_edpt0_status_complete
 .text.dcd_edpt_open
                0x0000000010004d10       0xf0 CMakeFiles/mico.dir/usr/share/pico-sdk/lib/tinyusb/src/portable/raspberrypi/rp2040/dcd_rp2040.c.obj
                0x0000000010004d10                dcd_edpt_open
 .text.dcd_edpt_close_all
                0x0000000010004e00       0xbc CMakeFiles/mico.dir/usr/share/pico-sdk/lib/tinyusb/src/portable/raspberrypi/rp2040/dcd_rp2040.c.obj
                0x0000000010004e00                dcd_edpt_close_all
 .text.dcd_edpt_xfer
                0x0000000010004ebc       0x24 CMakeFiles/mico.dir/usr/share/pico-sdk/lib/tinyusb/src/portable/raspberrypi/rp2040/dcd_rp2040.c.obj
                0x0000000010004ebc                dcd_edpt_xfer
 .text.dcd_edpt_stall
                0x0000000010004ee0       0x38 CMakeFiles/mico.dir/usr/share/pico-sdk/lib/tinyusb/src/portable/raspberrypi/rp2040/dcd_rp2040.c.obj
                0x0000000010004ee0                dcd_edpt_stall
 .text.dcd_edpt_clear_stall
                0x0000000010004f18       0x30 CMakeFiles/mico.dir/usr/share/pico-sdk/lib/tinyusb/src/portable/raspberrypi/rp2040/dcd_rp2040.c.obj
                0x0000000010004f18                dcd_edpt_clear_stall
 .text._hw_endpoint_buffer_control_update32.part.0.isra.0
                0x0000000010004f48       0x1c CMakeFiles/mico.dir/usr/share/pico-sdk/lib/tinyusb/src/portable/raspberrypi/rp2040/rp2040_usb.c.obj
 .text.rp2040_usb_init
                0x0000000010004f64       0x4c CMakeFiles/mico.dir/usr/share/pico-sdk/lib/tinyusb/src/portable/raspberrypi/rp2040/rp2040_usb.c.obj
                0x0000000010004f64                rp2040_usb_init
 .text.hw_endpoint_reset_transfer
                0x0000000010004fb0        0xc CMakeFiles/mico.dir/usr/share/pico-sdk/lib/tinyusb/src/portable/raspberrypi/rp2040/rp2040_usb.c.obj
                0x0000000010004fb0                hw_endpoint_reset_transfer
 .text._hw_endpoint_buffer_control_update32
                0x0000000010004fbc       0x44 CMakeFiles/mico.dir/usr/share/pico-sdk/lib/tinyusb/src/portable/raspberrypi/rp2040/rp2040_usb.c.obj
                0x0000000010004fbc                _hw_endpoint_buffer_control_update32
 .text.hw_endpoint_xfer_start
                0x0000000010005000      0x138 CMakeFiles/mico.dir/usr/share/pico-sdk/lib/tinyusb/src/portable/raspberrypi/rp2040/rp2040_usb.c.obj
                0x0000000010005000                hw_endpoint_xfer_start
 .text.hw_endpoint_xfer_continue
                0x0000000010005138      0x1e4 CMakeFiles/mico.dir/usr/share/pico-sdk/lib/tinyusb/src/portable/raspberrypi/rp2040/rp2040_usb.c.obj
                0x0000000010005138                hw_endpoint_xfer_continue
 .text.tud_mounted
                0x000000001000531c       0x10 CMakeFiles/mico.dir/usr/share/pico-sdk/lib/tinyusb/src/device/usbd.c.obj
                0x000000001000531c                tud_mounted
 .text.tud_suspended
                0x000000001000532c       0x10 CMakeFiles/mico.dir/usr/share/pico-sdk/lib/tinyusb/src/device/usbd.c.obj
                0x000000001000532c                tud_suspended
 .text.tud_inited
                0x000000001000533c        0xc CMakeFiles/mico.dir/usr/share/pico-sdk/lib/tinyusb/src/device/usbd.c.obj
                0x000000001000533c                tud_inited
 .text.tud_init
                0x0000000010005348       0xd8 CMakeFiles/mico.dir/usr/share/pico-sdk/lib/tinyusb/src/device/usbd.c.obj
                0x0000000010005348                tud_init
 .text.tud_task
                0x0000000010005420      0x8ec CMakeFiles/mico.dir/usr/share/pico-sdk/lib/tinyusb/src/device/usbd.c.obj
                0x0000000010005420                tud_task
 .text.dcd_event_bus_signal
                0x0000000010005d0c      0x120 CMakeFiles/mico.dir/usr/share/pico-sdk/lib/tinyusb/src/device/usbd.c.obj
                0x0000000010005d0c                dcd_event_bus_signal
 .text.dcd_event_bus_reset
                0x0000000010005e2c       0x54 CMakeFiles/mico.dir/usr/share/pico-sdk/lib/tinyusb/src/device/usbd.c.obj
                0x0000000010005e2c                dcd_event_bus_reset
 .text.dcd_event_setup_received
                0x0000000010005e80       0x50 CMakeFiles/mico.dir/usr/share/pico-sdk/lib/tinyusb/src/device/usbd.c.obj
                0x0000000010005e80                dcd_event_setup_received
 .text.dcd_event_xfer_complete
                0x0000000010005ed0       0x68 CMakeFiles/mico.dir/usr/share/pico-sdk/lib/tinyusb/src/device/usbd.c.obj
                0x0000000010005ed0                dcd_event_xfer_complete
 .text.usbd_open_edpt_pair
                0x0000000010005f38       0x80 CMakeFiles/mico.dir/usr/share/pico-sdk/lib/tinyusb/src/device/usbd.c.obj
                0x0000000010005f38                usbd_open_edpt_pair
 .text.usbd_edpt_open
                0x0000000010005fb8       0x30 CMakeFiles/mico.dir/usr/share/pico-sdk/lib/tinyusb/src/device/usbd.c.obj
                0x0000000010005fb8                usbd_edpt_open
 .text.usbd_edpt_claim
                0x0000000010005fe8       0x64 CMakeFiles/mico.dir/usr/share/pico-sdk/lib/tinyusb/src/device/usbd.c.obj
                0x0000000010005fe8                usbd_edpt_claim
 .text.usbd_edpt_release
                0x000000001000604c       0x4c CMakeFiles/mico.dir/usr/share/pico-sdk/lib/tinyusb/src/device/usbd.c.obj
                0x000000001000604c                usbd_edpt_release
 .text.usbd_edpt_xfer
                0x0000000010006098       0x48 CMakeFiles/mico.dir/usr/share/pico-sdk/lib/tinyusb/src/device/usbd.c.obj
                0x0000000010006098                usbd_edpt_xfer
 .text.tud_control_status
                0x00000000100060e0       0x30 CMakeFiles/mico.dir/usr/share/pico-sdk/lib/tinyusb/src/device/usbd_control.c.obj
                0x00000000100060e0                tud_control_status
 .text.tud_control_xfer
                0x0000000010006110       0xbc CMakeFiles/mico.dir/usr/share/pico-sdk/lib/tinyusb/src/device/usbd_control.c.obj
                0x0000000010006110                tud_control_xfer
 .text.usbd_control_reset
                0x00000000100061cc       0x14 CMakeFiles/mico.dir/usr/share/pico-sdk/lib/tinyusb/src/device/usbd_control.c.obj
                0x00000000100061cc                usbd_control_reset
 .text.usbd_control_set_complete_callback
                0x00000000100061e0        0xc CMakeFiles/mico.dir/usr/share/pico-sdk/lib/tinyusb/src/device/usbd_control.c.obj
                0x00000000100061e0                usbd_control_set_complete_callback
 .text.usbd_control_set_request
                0x00000000100061ec       0x1c CMakeFiles/mico.dir/usr/share/pico-sdk/lib/tinyusb/src/device/usbd_control.c.obj
                0x00000000100061ec                usbd_control_set_request
 .text.usbd_control_xfer_cb
                0x0000000010006208       0xfc CMakeFiles/mico.dir/usr/share/pico-sdk/lib/tinyusb/src/device/usbd_control.c.obj
                0x0000000010006208                usbd_control_xfer_cb
 .text.tud_cdc_n_connected
                0x0000000010006304       0x30 CMakeFiles/mico.dir/usr/share/pico-sdk/lib/tinyusb/src/class/cdc/cdc_device.c.obj
                0x0000000010006304                tud_cdc_n_connected
 .text.tud_cdc_n_available
                0x0000000010006334       0x18 CMakeFiles/mico.dir/usr/share/pico-sdk/lib/tinyusb/src/class/cdc/cdc_device.c.obj
                0x0000000010006334                tud_cdc_n_available
 .text.tud_cdc_n_read
                0x000000001000634c       0x70 CMakeFiles/mico.dir/usr/share/pico-sdk/lib/tinyusb/src/class/cdc/cdc_device.c.obj
                0x000000001000634c                tud_cdc_n_read
 .text.tud_cdc_n_write_flush
                0x00000000100063bc       0x78 CMakeFiles/mico.dir/usr/share/pico-sdk/lib/tinyusb/src/class/cdc/cdc_device.c.obj
                0x00000000100063bc                tud_cdc_n_write_flush
 .text.tud_cdc_n_write
                0x0000000010006434       0x34 CMakeFiles/mico.dir/usr/share/pico-sdk/lib/tinyusb/src/class/cdc/cdc_device.c.obj
                0x0000000010006434                tud_cdc_n_write
 .text.tud_cdc_n_write_available
                0x0000000010006468       0x18 CMakeFiles/mico.dir/usr/share/pico-sdk/lib/tinyusb/src/class/cdc/cdc_device.c.obj
                0x0000000010006468                tud_cdc_n_write_available
 .text.cdcd_init
                0x0000000010006480       0x7c CMakeFiles/mico.dir/usr/share/pico-sdk/lib/tinyusb/src/class/cdc/cdc_device.c.obj
                0x0000000010006480                cdcd_init
 .text.cdcd_reset
                0x00000000100064fc       0x2c CMakeFiles/mico.dir/usr/share/pico-sdk/lib/tinyusb/src/class/cdc/cdc_device.c.obj
                0x00000000100064fc                cdcd_reset
 .text.cdcd_open
                0x0000000010006528       0xe4 CMakeFiles/mico.dir/usr/share/pico-sdk/lib/tinyusb/src/class/cdc/cdc_device.c.obj
                0x0000000010006528                cdcd_open
 .text.cdcd_control_xfer_cb
                0x000000001000660c       0xe4 CMakeFiles/mico.dir/usr/share/pico-sdk/lib/tinyusb/src/class/cdc/cdc_device.c.obj
                0x000000001000660c                cdcd_control_xfer_cb
 .text.cdcd_xfer_cb
                0x00000000100066f0      0x148 CMakeFiles/mico.dir/usr/share/pico-sdk/lib/tinyusb/src/class/cdc/cdc_device.c.obj
                0x00000000100066f0                cdcd_xfer_cb
 .text.tusb_init
                0x0000000010006838        0xc CMakeFiles/mico.dir/usr/share/pico-sdk/lib/tinyusb/src/tusb.c.obj
                0x0000000010006838                tusb_init
 .text.tusb_inited
                0x0000000010006844        0x8 CMakeFiles/mico.dir/usr/share/pico-sdk/lib/tinyusb/src/tusb.c.obj
                0x0000000010006844                tusb_inited
 .text.tu_edpt_validate
                0x000000001000684c       0x78 CMakeFiles/mico.dir/usr/share/pico-sdk/lib/tinyusb/src/tusb.c.obj
                0x000000001000684c                tu_edpt_validate
 .text.tu_edpt_bind_driver
                0x00000000100068c4       0x2c CMakeFiles/mico.dir/usr/share/pico-sdk/lib/tinyusb/src/tusb.c.obj
                0x00000000100068c4                tu_edpt_bind_driver
 .text.tu_fifo_config
                0x00000000100068f0       0x78 CMakeFiles/mico.dir/usr/share/pico-sdk/lib/tinyusb/src/common/tusb_fifo.c.obj
                0x00000000100068f0                tu_fifo_config
 .text.tu_fifo_count
                0x0000000010006968       0x20 CMakeFiles/mico.dir/usr/share/pico-sdk/lib/tinyusb/src/common/tusb_fifo.c.obj
                0x0000000010006968                tu_fifo_count
 .text.tu_fifo_empty
                0x0000000010006988       0x10 CMakeFiles/mico.dir/usr/share/pico-sdk/lib/tinyusb/src/common/tusb_fifo.c.obj
                0x0000000010006988                tu_fifo_empty
 .text.tu_fifo_remaining
                0x0000000010006998       0x1c CMakeFiles/mico.dir/usr/share/pico-sdk/lib/tinyusb/src/common/tusb_fifo.c.obj
                0x0000000010006998                tu_fifo_remaining
 .text.tu_fifo_read
                0x00000000100069b4       0x9c CMakeFiles/mico.dir/usr/share/pico-sdk/lib/tinyusb/src/common/tusb_fifo.c.obj
                0x00000000100069b4                tu_fifo_read
 .text.tu_fifo_read_n
                0x0000000010006a50      0x100 CMakeFiles/mico.dir/usr/share/pico-sdk/lib/tinyusb/src/common/tusb_fifo.c.obj
                0x0000000010006a50                tu_fifo_read_n
 .text.tu_fifo_write
                0x0000000010006b50       0x7c CMakeFiles/mico.dir/usr/share/pico-sdk/lib/tinyusb/src/common/tusb_fifo.c.obj
                0x0000000010006b50                tu_fifo_write
 .text.tu_fifo_write_n
                0x0000000010006bcc      0x100 CMakeFiles/mico.dir/usr/share/pico-sdk/lib/tinyusb/src/common/tusb_fifo.c.obj
                0x0000000010006bcc                tu_fifo_write_n
 .text.tu_fifo_clear
                0x0000000010006ccc       0x4c CMakeFiles/mico.dir/usr/share/pico-sdk/lib/tinyusb/src/common/tusb_fifo.c.obj
                0x0000000010006ccc                tu_fifo_clear
 .text.tu_fifo_set_overwritable
                0x0000000010006d18       0x3c CMakeFiles/mico.dir/usr/share/pico-sdk/lib/tinyusb/src/common/tusb_fifo.c.obj
                0x0000000010006d18                tu_fifo_set_overwritable
 .text.startup._retrieve_unique_id_on_boot
                0x0000000010006d54       0x10 CMakeFiles/mico.dir/usr/share/pico-sdk/src/rp2_common/pico_unique_id/unique_id.c.obj
 .text.pico_get_unique_board_id_string
                0x0000000010006d64      0x1a8 CMakeFiles/mico.dir/usr/share/pico-sdk/src/rp2_common/pico_unique_id/unique_id.c.obj
                0x0000000010006d64                pico_get_unique_board_id_string
 .text.flash_get_unique_id
                0x0000000010006f0c       0x40 CMakeFiles/mico.dir/usr/share/pico-sdk/src/rp2_common/hardware_flash/flash.c.obj
                0x0000000010006f0c                flash_get_unique_id
 .text._ZN8pimoroni7Encoder23pio0_interrupt_callbackEv
                0x0000000010006f4c      0x210 CMakeFiles/mico.dir/libs/encoder-pio/encoder.cpp.obj
                0x0000000010006f4c                pimoroni::Encoder::pio0_interrupt_callback()
 .text._ZN8pimoroni7Encoder23pio1_interrupt_callbackEv
                0x000000001000715c      0x210 CMakeFiles/mico.dir/libs/encoder-pio/encoder.cpp.obj
                0x000000001000715c                pimoroni::Encoder::pio1_interrupt_callback()
 .text._ZN8pimoroni7EncoderC2EP8pio_hw_thhhfbt
                0x000000001000736c       0x54 CMakeFiles/mico.dir/libs/encoder-pio/encoder.cpp.obj
                0x000000001000736c                pimoroni::Encoder::Encoder(pio_hw_t*, unsigned char, unsigned char, unsigned char, float, bool, unsigned short)
                0x000000001000736c                pimoroni::Encoder::Encoder(pio_hw_t*, unsigned char, unsigned char, unsigned char, float, bool, unsigned short)
 .text._ZN8pimoroni7Encoder4initEv
                0x00000000100073c0      0x1d0 CMakeFiles/mico.dir/libs/encoder-pio/encoder.cpp.obj
                0x00000000100073c0                pimoroni::Encoder::init()
 .text._ZNK8pimoroni7Encoder11get_state_aEv
                0x0000000010007590        0x8 CMakeFiles/mico.dir/libs/encoder-pio/encoder.cpp.obj
                0x0000000010007590                pimoroni::Encoder::get_state_a() const
 .text._ZNK8pimoroni7Encoder9get_countEv
                0x0000000010007598        0x8 CMakeFiles/mico.dir/libs/encoder-pio/encoder.cpp.obj
                0x0000000010007598                pimoroni::Encoder::get_count() const
 .text._ZN8pimoroni7Encoder15perform_captureEv
                0x00000000100075a0       0x68 CMakeFiles/mico.dir/libs/encoder-pio/encoder.cpp.obj
                0x00000000100075a0                pimoroni::Encoder::perform_capture()
 .text._ZN8pimoroni7CaptureC2Ellff
                0x0000000010007608       0x28 CMakeFiles/mico.dir/libs/encoder-pio/capture.cpp.obj
                0x0000000010007608                pimoroni::Capture::Capture(long, long, float, float)
                0x0000000010007608                pimoroni::Capture::Capture(long, long, float, float)
 .text.pio_claim_unused_sm
                0x0000000010007630       0x3c CMakeFiles/mico.dir/usr/share/pico-sdk/src/rp2_common/hardware_pio/pio.c.obj
                0x0000000010007630                pio_claim_unused_sm
 .text.pio_add_program
                0x000000001000766c       0xc8 CMakeFiles/mico.dir/usr/share/pico-sdk/src/rp2_common/hardware_pio/pio.c.obj
                0x000000001000766c                pio_add_program
 .text.pio_sm_set_consecutive_pindirs
                0x0000000010007734       0x84 CMakeFiles/mico.dir/usr/share/pico-sdk/src/rp2_common/hardware_pio/pio.c.obj
                0x0000000010007734                pio_sm_set_consecutive_pindirs
 .text.pio_sm_init
                0x00000000100077b8       0x90 CMakeFiles/mico.dir/usr/share/pico-sdk/src/rp2_common/hardware_pio/pio.c.obj
                0x00000000100077b8                pio_sm_init
 .text.strlen   0x0000000010007848       0x5c /usr/bin/../lib/gcc/arm-none-eabi/10.2.1/../../../../arm-none-eabi/lib/thumb/v6-m/nofp/libc.a(lib_a-strlen-stub.o)
                0x0000000010007848                strlen
 *(.fini)
 .fini          0x00000000100078a4        0x4 /usr/bin/../lib/gcc/arm-none-eabi/10.2.1/thumb/v6-m/nofp/crti.o
                0x00000000100078a4                _fini
 .fini.__stub   0x00000000100078a8       0x70 linker stubs
 *crtbegin.o(.ctors)
 *crtbegin?.o(.ctors)
 *(EXCLUDE_FILE(*crtend.o *crtend?.o) .ctors)
 *(SORT_BY_NAME(.ctors.*))
 *(.ctors)
 *crtbegin.o(.dtors)
 *crtbegin?.o(.dtors)
 *(EXCLUDE_FILE(*crtend.o *crtend?.o) .dtors)
 *(SORT_BY_NAME(.dtors.*))
 *(.dtors)
 *(.eh_frame*)
 .eh_frame      0x0000000010007918        0x0 /usr/bin/../lib/gcc/arm-none-eabi/10.2.1/thumb/v6-m/nofp/crtbegin.o
                0x0000000010007918                . = ALIGN (0x4)

.glue_7         0x0000000010007918        0x0
 .glue_7        0x0000000010007918        0x0 linker stubs

.glue_7t        0x0000000010007918        0x0
 .glue_7t       0x0000000010007918        0x0 linker stubs

.vfp11_veneer   0x0000000010007918        0x0
 .vfp11_veneer  0x0000000010007918        0x0 linker stubs

.v4_bx          0x0000000010007918        0x0
 .v4_bx         0x0000000010007918        0x0 linker stubs

.iplt           0x0000000010007918        0x0
 .iplt          0x0000000010007918        0x0 /usr/bin/../lib/gcc/arm-none-eabi/10.2.1/thumb/v6-m/nofp/crtbegin.o

.rodata         0x0000000010007918      0x598
 *(EXCLUDE_FILE(*libm.a: *libc.a:*lib_a-mem*.o *libgcc.a:) .rodata*)
 .rodata.main.str1.4
                0x0000000010007918       0x19 CMakeFiles/mico.dir/mico.cpp.obj
 *fill*         0x0000000010007931        0x3 
 .rodata.spin_lock_claim_unused.str1.4
                0x0000000010007934       0x1b CMakeFiles/mico.dir/usr/share/pico-sdk/src/rp2_common/hardware_sync/sync.c.obj
 *fill*         0x000000001000794f        0x1 
 .rodata.hardware_alarm_claim.str1.4
                0x0000000010007950       0x22 CMakeFiles/mico.dir/usr/share/pico-sdk/src/rp2_common/hardware_timer/timer.c.obj
 *fill*         0x0000000010007972        0x2 
 .rodata.panic.str1.4
                0x0000000010007974       0x12 CMakeFiles/mico.dir/usr/share/pico-sdk/src/rp2_common/pico_runtime/runtime.c.obj
 *fill*         0x0000000010007986        0x2 
 .rodata.hard_assertion_failure.str1.4
                0x0000000010007988        0xc CMakeFiles/mico.dir/usr/share/pico-sdk/src/rp2_common/pico_runtime/runtime.c.obj
 .rodata._ftoa.str1.4
                0x0000000010007994       0x15 CMakeFiles/mico.dir/usr/share/pico-sdk/src/rp2_common/pico_printf/printf.c.obj
 *fill*         0x00000000100079a9        0x3 
 .rodata._vsnprintf
                0x00000000100079ac      0x1e0 CMakeFiles/mico.dir/usr/share/pico-sdk/src/rp2_common/pico_printf/printf.c.obj
 *fill*         0x0000000010007b8c        0x4 
 .rodata.pow10.0
                0x0000000010007b90       0x50 CMakeFiles/mico.dir/usr/share/pico-sdk/src/rp2_common/pico_printf/printf.c.obj
 .rodata.str1.4
                0x0000000010007be0       0x40 CMakeFiles/mico.dir/usr/share/pico-sdk/src/rp2_common/pico_standard_link/binary_info.c.obj
 .rodata.__bi_44
                0x0000000010007c20        0xc CMakeFiles/mico.dir/usr/share/pico-sdk/src/rp2_common/pico_standard_link/binary_info.c.obj
 .rodata.__bi_56
                0x0000000010007c2c        0xc CMakeFiles/mico.dir/usr/share/pico-sdk/src/rp2_common/pico_standard_link/binary_info.c.obj
 .rodata.__bi_75
                0x0000000010007c38        0xc CMakeFiles/mico.dir/usr/share/pico-sdk/src/rp2_common/pico_standard_link/binary_info.c.obj
 .rodata.__bi_81
                0x0000000010007c44        0xc CMakeFiles/mico.dir/usr/share/pico-sdk/src/rp2_common/pico_standard_link/binary_info.c.obj
 .rodata.crlf_str.0
                0x0000000010007c50        0x2 CMakeFiles/mico.dir/usr/share/pico-sdk/src/rp2_common/pico_stdio/stdio.c.obj
 *fill*         0x0000000010007c52        0x2 
 .rodata._resetd_driver
                0x0000000010007c54       0x18 CMakeFiles/mico.dir/usr/share/pico-sdk/src/rp2_common/pico_stdio_usb/reset_interface.c.obj
 .rodata.str1.4
                0x0000000010007c6c       0x13 CMakeFiles/mico.dir/usr/share/pico-sdk/src/rp2_common/pico_stdio_usb/stdio_usb.c.obj
 *fill*         0x0000000010007c7f        0x1 
 .rodata.__bi_93.0
                0x0000000010007c80        0xc CMakeFiles/mico.dir/usr/share/pico-sdk/src/rp2_common/pico_stdio_usb/stdio_usb.c.obj
 .rodata.str1.4
                0x0000000010007c8c       0x2a CMakeFiles/mico.dir/usr/share/pico-sdk/src/rp2_common/pico_stdio_usb/stdio_usb_descriptors.c.obj
 *fill*         0x0000000010007cb6        0x2 
 .rodata.usbd_desc_cfg
                0x0000000010007cb8       0x54 CMakeFiles/mico.dir/usr/share/pico-sdk/src/rp2_common/pico_stdio_usb/stdio_usb_descriptors.c.obj
 .rodata.usbd_desc_device
                0x0000000010007d0c       0x12 CMakeFiles/mico.dir/usr/share/pico-sdk/src/rp2_common/pico_stdio_usb/stdio_usb_descriptors.c.obj
 *fill*         0x0000000010007d1e        0x2 
 .rodata.usbd_desc_str
                0x0000000010007d20       0x18 CMakeFiles/mico.dir/usr/share/pico-sdk/src/rp2_common/pico_stdio_usb/stdio_usb_descriptors.c.obj
 .rodata.dcd_rp2040_irq.str1.4
                0x0000000010007d38       0x14 CMakeFiles/mico.dir/usr/share/pico-sdk/lib/tinyusb/src/portable/raspberrypi/rp2040/dcd_rp2040.c.obj
 .rodata._hw_endpoint_buffer_control_update32.part.0.isra.0.str1.4
                0x0000000010007d4c       0x1f CMakeFiles/mico.dir/usr/share/pico-sdk/lib/tinyusb/src/portable/raspberrypi/rp2040/rp2040_usb.c.obj
 *fill*         0x0000000010007d6b        0x1 
 .rodata.hw_endpoint_xfer_continue.str1.4
                0x0000000010007d6c       0x29 CMakeFiles/mico.dir/usr/share/pico-sdk/lib/tinyusb/src/portable/raspberrypi/rp2040/rp2040_usb.c.obj
 *fill*         0x0000000010007d95        0x3 
 .rodata.str1.4
                0x0000000010007d98        0x7 CMakeFiles/mico.dir/usr/share/pico-sdk/lib/tinyusb/src/portable/raspberrypi/rp2040/rp2040_usb.c.obj
 *fill*         0x0000000010007d9f        0x1 
 .rodata.tud_task
                0x0000000010007da0       0x8c CMakeFiles/mico.dir/usr/share/pico-sdk/lib/tinyusb/src/device/usbd.c.obj
 .rodata._usbd_driver
                0x0000000010007e2c       0x18 CMakeFiles/mico.dir/usr/share/pico-sdk/lib/tinyusb/src/device/usbd.c.obj
 .rodata._ZL15encoder_program
                0x0000000010007e44        0x6 CMakeFiles/mico.dir/libs/encoder-pio/encoder.cpp.obj
 *fill*         0x0000000010007e4a        0x2 
 .rodata._ZL28encoder_program_instructions
                0x0000000010007e4c       0x2c CMakeFiles/mico.dir/libs/encoder-pio/encoder.cpp.obj
 .rodata.pio_claim_unused_sm.str1.4
                0x0000000010007e78       0x24 CMakeFiles/mico.dir/usr/share/pico-sdk/src/rp2_common/hardware_pio/pio.c.obj
 .rodata.pio_add_program.str1.4
                0x0000000010007e9c       0x11 CMakeFiles/mico.dir/usr/share/pico-sdk/src/rp2_common/hardware_pio/pio.c.obj
                0x0000000010007eb0                . = ALIGN (0x4)
 *fill*         0x0000000010007ead        0x3 
 *(SORT_BY_ALIGNMENT(SORT_BY_NAME(.flashdata*)))
                0x0000000010007eb0                . = ALIGN (0x4)

.rel.dyn        0x0000000010007eb0        0x0
 .rel.iplt      0x0000000010007eb0        0x0 /usr/bin/../lib/gcc/arm-none-eabi/10.2.1/thumb/v6-m/nofp/crtbegin.o

.ARM.extab
 *(.ARM.extab* .gnu.linkonce.armextab.*)
                0x0000000010007eb0                __exidx_start = .

.ARM.exidx
 *(.ARM.exidx* .gnu.linkonce.armexidx.*)
                0x0000000010007eb0                __exidx_end = .
                0x0000000010007eb0                . = ALIGN (0x4)
                0x0000000010007eb0                __binary_info_start = .

.binary_info    0x0000000010007eb0       0x24
 *(.binary_info.keep.*)
 .binary_info.keep.__bi_ptr22
                0x0000000010007eb0        0x4 CMakeFiles/mico.dir/usr/share/pico-sdk/src/rp2_common/pico_standard_link/binary_info.c.obj
 .binary_info.keep.__bi_ptr30
                0x0000000010007eb4        0x4 CMakeFiles/mico.dir/usr/share/pico-sdk/src/rp2_common/pico_standard_link/binary_info.c.obj
 .binary_info.keep.__bi_ptr38
                0x0000000010007eb8        0x4 CMakeFiles/mico.dir/usr/share/pico-sdk/src/rp2_common/pico_standard_link/binary_info.c.obj
 .binary_info.keep.__bi_ptr44
                0x0000000010007ebc        0x4 CMakeFiles/mico.dir/usr/share/pico-sdk/src/rp2_common/pico_standard_link/binary_info.c.obj
 .binary_info.keep.__bi_ptr50
                0x0000000010007ec0        0x4 CMakeFiles/mico.dir/usr/share/pico-sdk/src/rp2_common/pico_standard_link/binary_info.c.obj
 .binary_info.keep.__bi_ptr56
                0x0000000010007ec4        0x4 CMakeFiles/mico.dir/usr/share/pico-sdk/src/rp2_common/pico_standard_link/binary_info.c.obj
 .binary_info.keep.__bi_ptr75
                0x0000000010007ec8        0x4 CMakeFiles/mico.dir/usr/share/pico-sdk/src/rp2_common/pico_standard_link/binary_info.c.obj
 .binary_info.keep.__bi_ptr81
                0x0000000010007ecc        0x4 CMakeFiles/mico.dir/usr/share/pico-sdk/src/rp2_common/pico_standard_link/binary_info.c.obj
 *(.binary_info.*)
 .binary_info.__bi_ptr93
                0x0000000010007ed0        0x4 CMakeFiles/mico.dir/usr/share/pico-sdk/src/rp2_common/pico_stdio_usb/stdio_usb.c.obj
                0x0000000010007ed4                __binary_info_end = .
                0x0000000010007ed4                . = ALIGN (0x4)
                0x0000000010007ed4                __etext = .

.ram_vector_table
                0x0000000020000000       0xc0
 *(.ram_vector_table)
 .ram_vector_table
                0x0000000020000000       0xc0 CMakeFiles/mico.dir/usr/share/pico-sdk/src/rp2_common/pico_runtime/runtime.c.obj
                0x0000000020000000                ram_vector_table

.data           0x00000000200000c0      0x3cc load address 0x0000000010007ed4
                0x00000000200000c0                __data_start__ = .
 *(vtable)
 *(.time_critical*)
 .time_critical.mutex_enter_blocking
                0x00000000200000c0       0x48 CMakeFiles/mico.dir/usr/share/pico-sdk/src/common/pico_sync/mutex.c.obj
                0x00000000200000c0                mutex_enter_blocking
 .time_critical.mutex_try_enter
                0x0000000020000108       0x44 CMakeFiles/mico.dir/usr/share/pico-sdk/src/common/pico_sync/mutex.c.obj
                0x0000000020000108                mutex_try_enter
 .time_critical.mutex_enter_timeout_ms
                0x000000002000014c       0xa0 CMakeFiles/mico.dir/usr/share/pico-sdk/src/common/pico_sync/mutex.c.obj
                0x000000002000014c                mutex_enter_timeout_ms
 .time_critical.mutex_exit
                0x00000000200001ec       0x28 CMakeFiles/mico.dir/usr/share/pico-sdk/src/common/pico_sync/mutex.c.obj
                0x00000000200001ec                mutex_exit
 .time_critical.flash_init_boot2_copyout
                0x0000000020000214       0x30 CMakeFiles/mico.dir/usr/share/pico-sdk/src/rp2_common/hardware_flash/flash.c.obj
 .time_critical.flash_enable_xip_via_boot2
                0x0000000020000244       0x10 CMakeFiles/mico.dir/usr/share/pico-sdk/src/rp2_common/hardware_flash/flash.c.obj
 .time_critical.flash_cs_force
                0x0000000020000254       0x38 CMakeFiles/mico.dir/usr/share/pico-sdk/src/rp2_common/hardware_flash/flash.c.obj
 .time_critical.flash_do_cmd
                0x000000002000028c       0xc4 CMakeFiles/mico.dir/usr/share/pico-sdk/src/rp2_common/hardware_flash/flash.c.obj
                0x000000002000028c                flash_do_cmd
 *(.text*)
 .text          0x0000000020000350        0x4 /usr/bin/../lib/gcc/arm-none-eabi/10.2.1/thumb/v6-m/nofp/libgcc.a(_dvmd_tls.o)
                0x0000000020000350                __aeabi_ldiv0
                0x0000000020000350                __aeabi_idiv0
 *fill*         0x0000000020000354        0x4 
 .text.__stub   0x0000000020000358       0x30 linker stubs
                0x0000000020000388                . = ALIGN (0x4)
 *(.rodata*)
                0x0000000020000388                . = ALIGN (0x4)
 *(.data*)
 .data.pio      0x0000000020000388        0x4 CMakeFiles/mico.dir/mico.cpp.obj
                0x0000000020000388                pio
 .data.striped_spin_lock_num
                0x000000002000038c        0x1 CMakeFiles/mico.dir/usr/share/pico-sdk/src/rp2_common/hardware_sync/sync.c.obj
 *fill*         0x000000002000038d        0x3 
 .data.default_alarm_pool
                0x0000000020000390       0x18 CMakeFiles/mico.dir/usr/share/pico-sdk/src/common/pico_time/time.c.obj
 .data.default_alarm_pool_heap
                0x00000000200003a8       0x10 CMakeFiles/mico.dir/usr/share/pico-sdk/src/common/pico_time/time.c.obj
 .data          0x00000000200003b8       0x48 CMakeFiles/mico.dir/usr/share/pico-sdk/src/rp2_common/hardware_irq/irq_handler_chain.S.obj
                0x00000000200003b8                irq_handler_chain_slots
                0x00000000200003e8                irq_handler_chain_first_slot
                0x00000000200003f2                irq_handler_chain_remove_tail
 *fill*         0x0000000020000400        0x0 
 .data.aeabi_bits_funcs
                0x0000000020000400       0x10 CMakeFiles/mico.dir/usr/share/pico-sdk/src/rp2_common/pico_bit_ops/bit_ops_aeabi.S.obj
                0x0000000020000400                aeabi_bits_funcs
                0x0000000020000410                aeabi_bits_funcs_end
 .data.aeabi_mem_funcs
                0x0000000020000410       0x10 CMakeFiles/mico.dir/usr/share/pico-sdk/src/rp2_common/pico_mem_ops/mem_ops_aeabi.S.obj
                0x0000000020000410                aeabi_mem_funcs
                0x0000000020000420                aeabi_mem_funcs_end
 .data.stdio_usb
                0x0000000020000420       0x14 CMakeFiles/mico.dir/usr/share/pico-sdk/src/rp2_common/pico_stdio_usb/stdio_usb.c.obj
                0x0000000020000420                stdio_usb
 .data.ep_dir_string
                0x0000000020000434        0x8 CMakeFiles/mico.dir/usr/share/pico-sdk/lib/tinyusb/src/portable/raspberrypi/rp2040/rp2040_usb.c.obj
                0x0000000020000434                ep_dir_string
 .data._usbd_qdef
                0x000000002000043c       0x24 CMakeFiles/mico.dir/usr/share/pico-sdk/lib/tinyusb/src/device/usbd.c.obj
                0x000000002000043c                _usbd_qdef
                0x0000000020000460                . = ALIGN (0x4)
 *(.after_data.*)
                0x0000000020000460                . = ALIGN (0x4)
                0x0000000020000460                PROVIDE (__mutex_array_start = .)
 *(SORT_BY_NAME(.mutex_array.*))
 *(.mutex_array)
 .mutex_array   0x0000000020000460        0x8 CMakeFiles/mico.dir/usr/share/pico-sdk/src/rp2_common/pico_malloc/pico_malloc.c.obj
 .mutex_array   0x0000000020000468        0x8 CMakeFiles/mico.dir/usr/share/pico-sdk/src/rp2_common/pico_stdio/stdio.c.obj
                0x0000000020000470                PROVIDE (__mutex_array_end = .)
                0x0000000020000470                . = ALIGN (0x4)
                0x0000000020000470                PROVIDE (__preinit_array_start = .)
 *(SORT_BY_NAME(.preinit_array.*))
 .preinit_array.00001
                0x0000000020000470        0x4 CMakeFiles/mico.dir/usr/share/pico-sdk/src/rp2_common/pico_mem_ops/mem_ops_aeabi.S.obj
 .preinit_array.00010
                0x0000000020000474        0x4 CMakeFiles/mico.dir/usr/share/pico-sdk/src/rp2_common/pico_bit_ops/bit_ops_aeabi.S.obj
 .preinit_array.00020
                0x0000000020000478        0x4 CMakeFiles/mico.dir/usr/share/pico-sdk/src/rp2_common/pico_double/double_aeabi.S.obj
 .preinit_array.00020
                0x000000002000047c        0x4 CMakeFiles/mico.dir/usr/share/pico-sdk/src/rp2_common/pico_float/float_aeabi.S.obj
 *(.preinit_array)
                0x0000000020000480                PROVIDE (__preinit_array_end = .)
                0x0000000020000480                . = ALIGN (0x4)
                0x0000000020000480                PROVIDE (__init_array_start = .)
 *(SORT_BY_NAME(.init_array.*))
 *(.init_array)
 .init_array    0x0000000020000480        0x4 /usr/bin/../lib/gcc/arm-none-eabi/10.2.1/thumb/v6-m/nofp/crtbegin.o
 .init_array    0x0000000020000484        0x4 CMakeFiles/mico.dir/mico.cpp.obj
 .init_array    0x0000000020000488        0x4 CMakeFiles/mico.dir/usr/share/pico-sdk/src/rp2_common/pico_unique_id/unique_id.c.obj
                0x000000002000048c                PROVIDE (__init_array_end = .)
                0x000000002000048c                . = ALIGN (0x4)
                [!provide]                        PROVIDE (__fini_array_start = .)
 *(SORT_BY_NAME(.fini_array.*))
 *(.fini_array)
                [!provide]                        PROVIDE (__fini_array_end = .)
 *(.jcr)
                0x000000002000048c                . = ALIGN (0x4)
                0x000000002000048c                __data_end__ = .

.igot.plt       0x000000002000048c        0x0 load address 0x00000000100082a0
 .igot.plt      0x000000002000048c        0x0 /usr/bin/../lib/gcc/arm-none-eabi/10.2.1/thumb/v6-m/nofp/crtbegin.o

.uninitialized_data
                0x000000002000048c        0x0 load address 0x00000000100082a0
                0x000000002000048c                . = ALIGN (0x4)
 *(.uninitialized_data*)

.scratch_x      0x0000000020040000        0x0 load address 0x00000000100082a0
                0x0000000020040000                __scratch_x_start__ = .
 *(.scratch_x.*)
                0x0000000020040000                . = ALIGN (0x4)
                0x0000000020040000                __scratch_x_end__ = .
                0x00000000100082a0                __scratch_x_source__ = LOADADDR (.scratch_x)

.scratch_y      0x0000000020041000        0x0 load address 0x00000000100082a0
                0x0000000020041000                __scratch_y_start__ = .
 *(.scratch_y.*)
                0x0000000020041000                . = ALIGN (0x4)
                0x0000000020041000                __scratch_y_end__ = .
                0x00000000100082a0                __scratch_y_source__ = LOADADDR (.scratch_y)

.bss            0x0000000020000490      0xdec
                0x0000000020000490                . = ALIGN (0x4)
                0x0000000020000490                __bss_start__ = .
 *(SORT_BY_ALIGNMENT(SORT_BY_NAME(.bss*)))
 .bss.default_alarm_pool_entries
                0x0000000020000490      0x100 CMakeFiles/mico.dir/usr/share/pico-sdk/src/common/pico_time/time.c.obj
 .bss.last_avail_time.1
                0x0000000020000590        0x8 CMakeFiles/mico.dir/usr/share/pico-sdk/src/rp2_common/pico_stdio_usb/stdio_usb.c.obj
 .bss.sd_table  0x0000000020000598      0x100 CMakeFiles/mico.dir/usr/share/pico-sdk/src/rp2_common/pico_double/double_init_rom.c.obj
                0x0000000020000598                sd_table
 .bss.sf_table  0x0000000020000698      0x100 CMakeFiles/mico.dir/usr/share/pico-sdk/src/rp2_common/pico_float/float_init_rom.c.obj
                0x0000000020000698                sf_table
 .bss           0x0000000020000798       0x1c /usr/bin/../lib/gcc/arm-none-eabi/10.2.1/thumb/v6-m/nofp/crtbegin.o
 .bss._ZN8pimoroni7Encoder12pio_encodersE
                0x00000000200007b4       0x20 CMakeFiles/mico.dir/libs/encoder-pio/encoder.cpp.obj
                0x00000000200007b4                pimoroni::Encoder::pio_encoders
 .bss._ZN8pimoroni7Encoder15pio_claimed_smsE
                0x00000000200007d4        0x2 CMakeFiles/mico.dir/libs/encoder-pio/encoder.cpp.obj
                0x00000000200007d4                pimoroni::Encoder::pio_claimed_sms
 *fill*         0x00000000200007d6        0x2 
 .bss._app_driver
                0x00000000200007d8        0x4 CMakeFiles/mico.dir/usr/share/pico-sdk/lib/tinyusb/src/device/usbd.c.obj
 .bss._cdcd_itf
                0x00000000200007dc      0x2d8 CMakeFiles/mico.dir/usr/share/pico-sdk/lib/tinyusb/src/class/cdc/cdc_device.c.obj
 .bss._ctrl_xfer
                0x0000000020000ab4       0x14 CMakeFiles/mico.dir/usr/share/pico-sdk/lib/tinyusb/src/device/usbd_control.c.obj
 .bss._ubsd_mutexdef
                0x0000000020000ac8        0x8 CMakeFiles/mico.dir/usr/share/pico-sdk/lib/tinyusb/src/device/usbd.c.obj
 .bss._usbd_ctrl_buf
                0x0000000020000ad0       0x40 CMakeFiles/mico.dir/usr/share/pico-sdk/lib/tinyusb/src/device/usbd_control.c.obj
 .bss._usbd_dev
                0x0000000020000b10       0x53 CMakeFiles/mico.dir/usr/share/pico-sdk/lib/tinyusb/src/device/usbd.c.obj
 *fill*         0x0000000020000b63        0x1 
 .bss._usbd_mutex
                0x0000000020000b64        0x4 CMakeFiles/mico.dir/usr/share/pico-sdk/lib/tinyusb/src/device/usbd.c.obj
 .bss._usbd_q   0x0000000020000b68        0x4 CMakeFiles/mico.dir/usr/share/pico-sdk/lib/tinyusb/src/device/usbd.c.obj
 .bss._usbd_qdef_buf
                0x0000000020000b6c       0xc0 CMakeFiles/mico.dir/usr/share/pico-sdk/lib/tinyusb/src/device/usbd.c.obj
                0x0000000020000b6c                _usbd_qdef_buf
 .bss._used_instruction_space
                0x0000000020000c2c        0x8 CMakeFiles/mico.dir/usr/share/pico-sdk/src/rp2_common/hardware_pio/pio.c.obj
 .bss.alarm_callbacks
                0x0000000020000c34       0x10 CMakeFiles/mico.dir/usr/share/pico-sdk/src/rp2_common/hardware_timer/timer.c.obj
 .bss.boot2_copyout
                0x0000000020000c44      0x100 CMakeFiles/mico.dir/usr/share/pico-sdk/src/rp2_common/hardware_flash/flash.c.obj
 .bss.claimed   0x0000000020000d44        0x4 CMakeFiles/mico.dir/usr/share/pico-sdk/src/rp2_common/hardware_sync/sync.c.obj
 .bss.configured_freq
                0x0000000020000d48       0x28 CMakeFiles/mico.dir/usr/share/pico-sdk/src/rp2_common/hardware_clocks/clocks.c.obj
 .bss.default_alarm_pool_entry_ids_high
                0x0000000020000d70       0x10 CMakeFiles/mico.dir/usr/share/pico-sdk/src/common/pico_time/time.c.obj
 .bss.default_alarm_pool_heap_nodes
                0x0000000020000d80       0x30 CMakeFiles/mico.dir/usr/share/pico-sdk/src/common/pico_time/time.c.obj
 .bss.desc_str.0
                0x0000000020000db0       0x28 CMakeFiles/mico.dir/usr/share/pico-sdk/src/rp2_common/pico_stdio_usb/stdio_usb_descriptors.c.obj
 .bss.drivers   0x0000000020000dd8        0x4 CMakeFiles/mico.dir/usr/share/pico-sdk/src/rp2_common/pico_stdio/stdio.c.obj
 .bss.enc1      0x0000000020000ddc       0x3c CMakeFiles/mico.dir/mico.cpp.obj
                0x0000000020000ddc                enc1
 .bss.filter    0x0000000020000e18        0x4 CMakeFiles/mico.dir/usr/share/pico-sdk/src/rp2_common/pico_stdio/stdio.c.obj
 .bss.hw_endpoints
                0x0000000020000e1c      0x400 CMakeFiles/mico.dir/usr/share/pico-sdk/lib/tinyusb/src/portable/raspberrypi/rp2040/dcd_rp2040.c.obj
 .bss.lazy_vsnprintf
                0x000000002000121c        0x4 CMakeFiles/mico.dir/usr/share/pico-sdk/src/rp2_common/pico_printf/printf.c.obj
 .bss.load_value
                0x0000000020001220        0x4 CMakeFiles/mico.dir/usr/share/pico-sdk/src/rp2_common/hardware_watchdog/watchdog.c.obj
 .bss.next_buffer_ptr
                0x0000000020001224        0x4 CMakeFiles/mico.dir/usr/share/pico-sdk/lib/tinyusb/src/portable/raspberrypi/rp2040/dcd_rp2040.c.obj
 .bss.pools     0x0000000020001228       0x10 CMakeFiles/mico.dir/usr/share/pico-sdk/src/common/pico_time/time.c.obj
 .bss.retrieved_id
                0x0000000020001238        0x8 CMakeFiles/mico.dir/usr/share/pico-sdk/src/rp2_common/pico_unique_id/unique_id.c.obj
 .bss.sf_clz_func
                0x0000000020001240        0x4 CMakeFiles/mico.dir/usr/share/pico-sdk/src/rp2_common/pico_double/double_init_rom.c.obj
                0x0000000020001240                sf_clz_func
 .bss.sleep_notifier
                0x0000000020001244        0x4 CMakeFiles/mico.dir/usr/share/pico-sdk/src/common/pico_time/time.c.obj
 .bss.stdio_usb_mutex
                0x0000000020001248        0x8 CMakeFiles/mico.dir/usr/share/pico-sdk/src/rp2_common/pico_stdio_usb/stdio_usb.c.obj
 .bss.target_hi
                0x0000000020001250       0x10 CMakeFiles/mico.dir/usr/share/pico-sdk/src/rp2_common/hardware_timer/timer.c.obj
 .bss.usbd_serial_str
                0x0000000020001260       0x11 CMakeFiles/mico.dir/usr/share/pico-sdk/src/rp2_common/pico_stdio_usb/stdio_usb_descriptors.c.obj
 .bss._app_driver_count
                0x0000000020001271        0x1 CMakeFiles/mico.dir/usr/share/pico-sdk/lib/tinyusb/src/device/usbd.c.obj
 .bss._usbd_initialized
                0x0000000020001272        0x1 CMakeFiles/mico.dir/usr/share/pico-sdk/lib/tinyusb/src/device/usbd.c.obj
 .bss.boot2_copyout_valid
                0x0000000020001273        0x1 CMakeFiles/mico.dir/usr/share/pico-sdk/src/rp2_common/hardware_flash/flash.c.obj
 .bss.claimed   0x0000000020001274        0x1 CMakeFiles/mico.dir/usr/share/pico-sdk/src/rp2_common/hardware_timer/timer.c.obj
 .bss.claimed   0x0000000020001275        0x1 CMakeFiles/mico.dir/usr/share/pico-sdk/src/rp2_common/hardware_pio/pio.c.obj
 .bss.irq_hander_chain_free_slot_head
                0x0000000020001276        0x1 CMakeFiles/mico.dir/usr/share/pico-sdk/src/rp2_common/hardware_irq/irq.c.obj
 .bss.itf_num   0x0000000020001277        0x1 CMakeFiles/mico.dir/usr/share/pico-sdk/src/rp2_common/pico_stdio_usb/reset_interface.c.obj
 .bss.timer_callbacks_pending
                0x0000000020001278        0x1 CMakeFiles/mico.dir/usr/share/pico-sdk/src/rp2_common/hardware_timer/timer.c.obj
 *(COMMON)
                0x000000002000127c                . = ALIGN (0x4)
 *fill*         0x0000000020001279        0x3 
                0x000000002000127c                __bss_end__ = .

.heap           0x000000002000127c      0x800
                0x000000002000127c                __end__ = .
                0x000000002000127c                end = __end__
 *(.heap*)
 .heap          0x000000002000127c      0x800 CMakeFiles/mico.dir/usr/share/pico-sdk/src/rp2_common/pico_standard_link/crt0.S.obj
                0x0000000020001a7c                __HeapLimit = .

.stack1_dummy   0x0000000020040000        0x0
 *(.stack1*)

.stack_dummy    0x0000000020041000      0x800
 *(.stack*)
 .stack         0x0000000020041000      0x800 CMakeFiles/mico.dir/usr/share/pico-sdk/src/rp2_common/pico_standard_link/crt0.S.obj

.flash_end      0x00000000100082a0        0x0
                0x00000000100082a0                __flash_binary_end = .
                0x0000000020040000                __StackLimit = (ORIGIN (RAM) + LENGTH (RAM))
                0x0000000020041000                __StackOneTop = (ORIGIN (SCRATCH_X) + LENGTH (SCRATCH_X))
                0x0000000020042000                __StackTop = (ORIGIN (SCRATCH_Y) + LENGTH (SCRATCH_Y))
                0x0000000020041000                __StackOneBottom = (__StackOneTop - SIZEOF (.stack1_dummy))
                0x0000000020041800                __StackBottom = (__StackTop - SIZEOF (.stack_dummy))
                0x0000000020042000                PROVIDE (__stack = __StackTop)
                0x0000000000000001                ASSERT ((__StackLimit >= __HeapLimit), region RAM overflowed)
                0x0000000000000001                ASSERT (((__binary_info_header_end - __logical_binary_start) <= 0x100), Binary info must be in first 256 bytes of the binary)
LOAD CMakeFiles/mico.dir/mico.cpp.obj
LOAD CMakeFiles/mico.dir/usr/share/pico-sdk/src/rp2_common/pico_stdlib/stdlib.c.obj
LOAD CMakeFiles/mico.dir/usr/share/pico-sdk/src/rp2_common/hardware_gpio/gpio.c.obj
LOAD CMakeFiles/mico.dir/usr/share/pico-sdk/src/rp2_common/hardware_claim/claim.c.obj
LOAD CMakeFiles/mico.dir/usr/share/pico-sdk/src/rp2_common/pico_platform/platform.c.obj
LOAD CMakeFiles/mico.dir/usr/share/pico-sdk/src/rp2_common/hardware_sync/sync.c.obj
LOAD CMakeFiles/mico.dir/usr/share/pico-sdk/src/rp2_common/hardware_uart/uart.c.obj
LOAD CMakeFiles/mico.dir/usr/share/pico-sdk/src/rp2_common/hardware_divider/divider.S.obj
LOAD CMakeFiles/mico.dir/usr/share/pico-sdk/src/common/pico_time/time.c.obj
LOAD CMakeFiles/mico.dir/usr/share/pico-sdk/src/common/pico_time/timeout_helper.c.obj
LOAD CMakeFiles/mico.dir/usr/share/pico-sdk/src/rp2_common/hardware_timer/timer.c.obj
LOAD CMakeFiles/mico.dir/usr/share/pico-sdk/src/common/pico_sync/sem.c.obj
LOAD CMakeFiles/mico.dir/usr/share/pico-sdk/src/common/pico_sync/lock_core.c.obj
LOAD CMakeFiles/mico.dir/usr/share/pico-sdk/src/common/pico_sync/mutex.c.obj
LOAD CMakeFiles/mico.dir/usr/share/pico-sdk/src/common/pico_sync/critical_section.c.obj
LOAD CMakeFiles/mico.dir/usr/share/pico-sdk/src/common/pico_util/datetime.c.obj
LOAD CMakeFiles/mico.dir/usr/share/pico-sdk/src/common/pico_util/pheap.c.obj
LOAD CMakeFiles/mico.dir/usr/share/pico-sdk/src/common/pico_util/queue.c.obj
LOAD CMakeFiles/mico.dir/usr/share/pico-sdk/src/rp2_common/pico_runtime/runtime.c.obj
LOAD CMakeFiles/mico.dir/usr/share/pico-sdk/src/rp2_common/hardware_clocks/clocks.c.obj
LOAD CMakeFiles/mico.dir/usr/share/pico-sdk/src/rp2_common/hardware_irq/irq.c.obj
LOAD CMakeFiles/mico.dir/usr/share/pico-sdk/src/rp2_common/hardware_irq/irq_handler_chain.S.obj
LOAD CMakeFiles/mico.dir/usr/share/pico-sdk/src/rp2_common/hardware_pll/pll.c.obj
LOAD CMakeFiles/mico.dir/usr/share/pico-sdk/src/rp2_common/hardware_vreg/vreg.c.obj
LOAD CMakeFiles/mico.dir/usr/share/pico-sdk/src/rp2_common/hardware_watchdog/watchdog.c.obj
LOAD CMakeFiles/mico.dir/usr/share/pico-sdk/src/rp2_common/hardware_xosc/xosc.c.obj
LOAD CMakeFiles/mico.dir/usr/share/pico-sdk/src/rp2_common/pico_printf/printf.c.obj
LOAD CMakeFiles/mico.dir/usr/share/pico-sdk/src/rp2_common/pico_bit_ops/bit_ops_aeabi.S.obj
LOAD CMakeFiles/mico.dir/usr/share/pico-sdk/src/rp2_common/pico_bootrom/bootrom.c.obj
LOAD CMakeFiles/mico.dir/usr/share/pico-sdk/src/rp2_common/pico_divider/divider.S.obj
LOAD CMakeFiles/mico.dir/usr/share/pico-sdk/src/rp2_common/pico_double/double_aeabi.S.obj
LOAD CMakeFiles/mico.dir/usr/share/pico-sdk/src/rp2_common/pico_double/double_init_rom.c.obj
LOAD CMakeFiles/mico.dir/usr/share/pico-sdk/src/rp2_common/pico_double/double_math.c.obj
LOAD CMakeFiles/mico.dir/usr/share/pico-sdk/src/rp2_common/pico_double/double_v1_rom_shim.S.obj
LOAD CMakeFiles/mico.dir/usr/share/pico-sdk/src/rp2_common/pico_int64_ops/pico_int64_ops_aeabi.S.obj
LOAD CMakeFiles/mico.dir/usr/share/pico-sdk/src/rp2_common/pico_float/float_aeabi.S.obj
LOAD CMakeFiles/mico.dir/usr/share/pico-sdk/src/rp2_common/pico_float/float_init_rom.c.obj
LOAD CMakeFiles/mico.dir/usr/share/pico-sdk/src/rp2_common/pico_float/float_math.c.obj
LOAD CMakeFiles/mico.dir/usr/share/pico-sdk/src/rp2_common/pico_float/float_v1_rom_shim.S.obj
LOAD CMakeFiles/mico.dir/usr/share/pico-sdk/src/rp2_common/pico_malloc/pico_malloc.c.obj
LOAD CMakeFiles/mico.dir/usr/share/pico-sdk/src/rp2_common/pico_mem_ops/mem_ops_aeabi.S.obj
LOAD CMakeFiles/mico.dir/usr/share/pico-sdk/src/rp2_common/pico_standard_link/crt0.S.obj
LOAD CMakeFiles/mico.dir/usr/share/pico-sdk/src/rp2_common/pico_standard_link/new_delete.cpp.obj
LOAD CMakeFiles/mico.dir/usr/share/pico-sdk/src/rp2_common/pico_standard_link/binary_info.c.obj
LOAD CMakeFiles/mico.dir/usr/share/pico-sdk/src/rp2_common/pico_stdio/stdio.c.obj
LOAD CMakeFiles/mico.dir/usr/share/pico-sdk/src/rp2_common/pico_stdio_usb/reset_interface.c.obj
LOAD CMakeFiles/mico.dir/usr/share/pico-sdk/src/rp2_common/pico_stdio_usb/stdio_usb.c.obj
LOAD CMakeFiles/mico.dir/usr/share/pico-sdk/src/rp2_common/pico_stdio_usb/stdio_usb_descriptors.c.obj
LOAD CMakeFiles/mico.dir/usr/share/pico-sdk/lib/tinyusb/src/portable/raspberrypi/rp2040/dcd_rp2040.c.obj
LOAD CMakeFiles/mico.dir/usr/share/pico-sdk/lib/tinyusb/src/portable/raspberrypi/rp2040/rp2040_usb.c.obj
LOAD CMakeFiles/mico.dir/usr/share/pico-sdk/lib/tinyusb/src/device/usbd.c.obj
LOAD CMakeFiles/mico.dir/usr/share/pico-sdk/lib/tinyusb/src/device/usbd_control.c.obj
LOAD CMakeFiles/mico.dir/usr/share/pico-sdk/lib/tinyusb/src/class/audio/audio_device.c.obj
LOAD CMakeFiles/mico.dir/usr/share/pico-sdk/lib/tinyusb/src/class/cdc/cdc_device.c.obj
LOAD CMakeFiles/mico.dir/usr/share/pico-sdk/lib/tinyusb/src/class/dfu/dfu_device.c.obj
LOAD CMakeFiles/mico.dir/usr/share/pico-sdk/lib/tinyusb/src/class/dfu/dfu_rt_device.c.obj
LOAD CMakeFiles/mico.dir/usr/share/pico-sdk/lib/tinyusb/src/class/hid/hid_device.c.obj
LOAD CMakeFiles/mico.dir/usr/share/pico-sdk/lib/tinyusb/src/class/midi/midi_device.c.obj
LOAD CMakeFiles/mico.dir/usr/share/pico-sdk/lib/tinyusb/src/class/msc/msc_device.c.obj
LOAD CMakeFiles/mico.dir/usr/share/pico-sdk/lib/tinyusb/src/class/net/ecm_rndis_device.c.obj
LOAD CMakeFiles/mico.dir/usr/share/pico-sdk/lib/tinyusb/src/class/net/ncm_device.c.obj
LOAD CMakeFiles/mico.dir/usr/share/pico-sdk/lib/tinyusb/src/class/usbtmc/usbtmc_device.c.obj
LOAD CMakeFiles/mico.dir/usr/share/pico-sdk/lib/tinyusb/src/class/vendor/vendor_device.c.obj
LOAD CMakeFiles/mico.dir/usr/share/pico-sdk/lib/tinyusb/src/class/video/video_device.c.obj
LOAD CMakeFiles/mico.dir/usr/share/pico-sdk/lib/tinyusb/src/tusb.c.obj
LOAD CMakeFiles/mico.dir/usr/share/pico-sdk/lib/tinyusb/src/common/tusb_fifo.c.obj
LOAD CMakeFiles/mico.dir/usr/share/pico-sdk/src/rp2_common/pico_fix/rp2040_usb_device_enumeration/rp2040_usb_device_enumeration.c.obj
LOAD CMakeFiles/mico.dir/usr/share/pico-sdk/src/rp2_common/pico_unique_id/unique_id.c.obj
LOAD CMakeFiles/mico.dir/usr/share/pico-sdk/src/rp2_common/hardware_flash/flash.c.obj
LOAD CMakeFiles/mico.dir/libs/encoder-pio/encoder.cpp.obj
LOAD CMakeFiles/mico.dir/libs/encoder-pio/capture.cpp.obj
LOAD CMakeFiles/mico.dir/usr/share/pico-sdk/src/rp2_common/hardware_pio/pio.c.obj
LOAD CMakeFiles/mico.dir/usr/share/pico-sdk/src/rp2_common/pico_multicore/multicore.c.obj
LOAD CMakeFiles/mico.dir/usr/share/pico-sdk/src/rp2_common/hardware_interp/interp.c.obj
LOAD /tmp/ccAbl09d.o
LOAD /usr/bin/../lib/gcc/arm-none-eabi/10.2.1/../../../../arm-none-eabi/lib/thumb/v6-m/nofp/libstdc++.a
LOAD /usr/bin/../lib/gcc/arm-none-eabi/10.2.1/../../../../arm-none-eabi/lib/thumb/v6-m/nofp/libm.a
START GROUP
LOAD /usr/bin/../lib/gcc/arm-none-eabi/10.2.1/thumb/v6-m/nofp/libgcc.a
LOAD /usr/bin/../lib/gcc/arm-none-eabi/10.2.1/../../../../arm-none-eabi/lib/thumb/v6-m/nofp/libc.a
END GROUP
START GROUP
LOAD /usr/bin/../lib/gcc/arm-none-eabi/10.2.1/thumb/v6-m/nofp/libgcc.a
LOAD /usr/bin/../lib/gcc/arm-none-eabi/10.2.1/../../../../arm-none-eabi/lib/thumb/v6-m/nofp/libc.a
LOAD /usr/bin/../lib/gcc/arm-none-eabi/10.2.1/../../../../arm-none-eabi/lib/thumb/v6-m/nofp/libnosys.a
END GROUP
LOAD /usr/bin/../lib/gcc/arm-none-eabi/10.2.1/thumb/v6-m/nofp/crtend.o
LOAD /usr/bin/../lib/gcc/arm-none-eabi/10.2.1/thumb/v6-m/nofp/crtn.o
OUTPUT(mico.elf elf32-littlearm)
LOAD linker stubs

.ARM.attributes
                0x0000000000000000       0x28
 .ARM.attributes
                0x0000000000000000       0x1e /usr/bin/../lib/gcc/arm-none-eabi/10.2.1/thumb/v6-m/nofp/crti.o
 .ARM.attributes
                0x000000000000001e       0x2c /usr/bin/../lib/gcc/arm-none-eabi/10.2.1/thumb/v6-m/nofp/crtbegin.o
 .ARM.attributes
                0x000000000000004a       0x2c CMakeFiles/mico.dir/mico.cpp.obj
 .ARM.attributes
                0x0000000000000076       0x2c CMakeFiles/mico.dir/usr/share/pico-sdk/src/rp2_common/hardware_gpio/gpio.c.obj
 .ARM.attributes
                0x00000000000000a2       0x2c CMakeFiles/mico.dir/usr/share/pico-sdk/src/rp2_common/hardware_claim/claim.c.obj
 .ARM.attributes
                0x00000000000000ce       0x2c CMakeFiles/mico.dir/usr/share/pico-sdk/src/rp2_common/pico_platform/platform.c.obj
 .ARM.attributes
                0x00000000000000fa       0x2c CMakeFiles/mico.dir/usr/share/pico-sdk/src/rp2_common/hardware_sync/sync.c.obj
 .ARM.attributes
                0x0000000000000126       0x2c CMakeFiles/mico.dir/usr/share/pico-sdk/src/common/pico_time/time.c.obj
 .ARM.attributes
                0x0000000000000152       0x2c CMakeFiles/mico.dir/usr/share/pico-sdk/src/rp2_common/hardware_timer/timer.c.obj
 .ARM.attributes
                0x000000000000017e       0x2c CMakeFiles/mico.dir/usr/share/pico-sdk/src/common/pico_sync/lock_core.c.obj
 .ARM.attributes
                0x00000000000001aa       0x2c CMakeFiles/mico.dir/usr/share/pico-sdk/src/common/pico_sync/mutex.c.obj
 .ARM.attributes
                0x00000000000001d6       0x2c CMakeFiles/mico.dir/usr/share/pico-sdk/src/common/pico_sync/critical_section.c.obj
 .ARM.attributes
                0x0000000000000202       0x2c CMakeFiles/mico.dir/usr/share/pico-sdk/src/common/pico_util/pheap.c.obj
 .ARM.attributes
                0x000000000000022e       0x2c CMakeFiles/mico.dir/usr/share/pico-sdk/src/rp2_common/pico_runtime/runtime.c.obj
 .ARM.attributes
                0x000000000000025a       0x2c CMakeFiles/mico.dir/usr/share/pico-sdk/src/rp2_common/hardware_clocks/clocks.c.obj
 .ARM.attributes
                0x0000000000000286       0x2c CMakeFiles/mico.dir/usr/share/pico-sdk/src/rp2_common/hardware_irq/irq.c.obj
 .ARM.attributes
                0x00000000000002b2       0x22 CMakeFiles/mico.dir/usr/share/pico-sdk/src/rp2_common/hardware_irq/irq_handler_chain.S.obj
 .ARM.attributes
                0x00000000000002d4       0x2c CMakeFiles/mico.dir/usr/share/pico-sdk/src/rp2_common/hardware_pll/pll.c.obj
 .ARM.attributes
                0x0000000000000300       0x2c CMakeFiles/mico.dir/usr/share/pico-sdk/src/rp2_common/hardware_watchdog/watchdog.c.obj
 .ARM.attributes
                0x000000000000032c       0x2c CMakeFiles/mico.dir/usr/share/pico-sdk/src/rp2_common/hardware_xosc/xosc.c.obj
 .ARM.attributes
                0x0000000000000358       0x2c CMakeFiles/mico.dir/usr/share/pico-sdk/src/rp2_common/pico_printf/printf.c.obj
 .ARM.attributes
                0x0000000000000384       0x22 CMakeFiles/mico.dir/usr/share/pico-sdk/src/rp2_common/pico_bit_ops/bit_ops_aeabi.S.obj
 .ARM.attributes
                0x00000000000003a6       0x2c CMakeFiles/mico.dir/usr/share/pico-sdk/src/rp2_common/pico_bootrom/bootrom.c.obj
 .ARM.attributes
                0x00000000000003d2       0x22 CMakeFiles/mico.dir/usr/share/pico-sdk/src/rp2_common/pico_divider/divider.S.obj
 .ARM.attributes
                0x00000000000003f4       0x22 CMakeFiles/mico.dir/usr/share/pico-sdk/src/rp2_common/pico_double/double_aeabi.S.obj
 .ARM.attributes
                0x0000000000000416       0x2c CMakeFiles/mico.dir/usr/share/pico-sdk/src/rp2_common/pico_double/double_init_rom.c.obj
 .ARM.attributes
                0x0000000000000442       0x22 CMakeFiles/mico.dir/usr/share/pico-sdk/src/rp2_common/pico_double/double_v1_rom_shim.S.obj
 .ARM.attributes
                0x0000000000000464       0x22 CMakeFiles/mico.dir/usr/share/pico-sdk/src/rp2_common/pico_int64_ops/pico_int64_ops_aeabi.S.obj
 .ARM.attributes
                0x0000000000000486       0x22 CMakeFiles/mico.dir/usr/share/pico-sdk/src/rp2_common/pico_float/float_aeabi.S.obj
 .ARM.attributes
                0x00000000000004a8       0x2c CMakeFiles/mico.dir/usr/share/pico-sdk/src/rp2_common/pico_float/float_init_rom.c.obj
 .ARM.attributes
                0x00000000000004d4       0x22 CMakeFiles/mico.dir/usr/share/pico-sdk/src/rp2_common/pico_float/float_v1_rom_shim.S.obj
 .ARM.attributes
                0x00000000000004f6       0x2c CMakeFiles/mico.dir/usr/share/pico-sdk/src/rp2_common/pico_malloc/pico_malloc.c.obj
 .ARM.attributes
                0x0000000000000522       0x22 CMakeFiles/mico.dir/usr/share/pico-sdk/src/rp2_common/pico_mem_ops/mem_ops_aeabi.S.obj
 .ARM.attributes
                0x0000000000000544       0x22 CMakeFiles/mico.dir/usr/share/pico-sdk/src/rp2_common/pico_standard_link/crt0.S.obj
 .ARM.attributes
                0x0000000000000566       0x32 CMakeFiles/mico.dir/usr/share/pico-sdk/src/rp2_common/pico_standard_link/binary_info.c.obj
 .ARM.attributes
                0x0000000000000598       0x2c CMakeFiles/mico.dir/usr/share/pico-sdk/src/rp2_common/pico_stdio/stdio.c.obj
 .ARM.attributes
                0x00000000000005c4       0x2c CMakeFiles/mico.dir/usr/share/pico-sdk/src/rp2_common/pico_stdio_usb/reset_interface.c.obj
 .ARM.attributes
                0x00000000000005f0       0x2c CMakeFiles/mico.dir/usr/share/pico-sdk/src/rp2_common/pico_stdio_usb/stdio_usb.c.obj
 .ARM.attributes
                0x000000000000061c       0x2c CMakeFiles/mico.dir/usr/share/pico-sdk/src/rp2_common/pico_stdio_usb/stdio_usb_descriptors.c.obj
 .ARM.attributes
                0x0000000000000648       0x2c CMakeFiles/mico.dir/usr/share/pico-sdk/lib/tinyusb/src/portable/raspberrypi/rp2040/dcd_rp2040.c.obj
 .ARM.attributes
                0x0000000000000674       0x2c CMakeFiles/mico.dir/usr/share/pico-sdk/lib/tinyusb/src/portable/raspberrypi/rp2040/rp2040_usb.c.obj
 .ARM.attributes
                0x00000000000006a0       0x2c CMakeFiles/mico.dir/usr/share/pico-sdk/lib/tinyusb/src/device/usbd.c.obj
 .ARM.attributes
                0x00000000000006cc       0x2c CMakeFiles/mico.dir/usr/share/pico-sdk/lib/tinyusb/src/device/usbd_control.c.obj
 .ARM.attributes
                0x00000000000006f8       0x2c CMakeFiles/mico.dir/usr/share/pico-sdk/lib/tinyusb/src/class/cdc/cdc_device.c.obj
 .ARM.attributes
                0x0000000000000724       0x2c CMakeFiles/mico.dir/usr/share/pico-sdk/lib/tinyusb/src/tusb.c.obj
 .ARM.attributes
                0x0000000000000750       0x2c CMakeFiles/mico.dir/usr/share/pico-sdk/lib/tinyusb/src/common/tusb_fifo.c.obj
 .ARM.attributes
                0x000000000000077c       0x2c CMakeFiles/mico.dir/usr/share/pico-sdk/src/rp2_common/pico_unique_id/unique_id.c.obj
 .ARM.attributes
                0x00000000000007a8       0x2c CMakeFiles/mico.dir/usr/share/pico-sdk/src/rp2_common/hardware_flash/flash.c.obj
 .ARM.attributes
                0x00000000000007d4       0x2c CMakeFiles/mico.dir/libs/encoder-pio/encoder.cpp.obj
 .ARM.attributes
                0x0000000000000800       0x2c CMakeFiles/mico.dir/libs/encoder-pio/capture.cpp.obj
 .ARM.attributes
                0x000000000000082c       0x2c CMakeFiles/mico.dir/usr/share/pico-sdk/src/rp2_common/hardware_pio/pio.c.obj
 .ARM.attributes
                0x0000000000000858       0x22 /tmp/ccAbl09d.o
 .ARM.attributes
                0x000000000000087a       0x1e /usr/bin/../lib/gcc/arm-none-eabi/10.2.1/thumb/v6-m/nofp/libgcc.a(_dvmd_tls.o)
 .ARM.attributes
                0x0000000000000898       0x2c /usr/bin/../lib/gcc/arm-none-eabi/10.2.1/../../../../arm-none-eabi/lib/thumb/v6-m/nofp/libc.a(lib_a-strlen-stub.o)

.comment        0x0000000000000000       0x4d
 .comment       0x0000000000000000       0x4d CMakeFiles/mico.dir/mico.cpp.obj
                                         0x4e (size before relaxing)
 .comment       0x000000000000004d       0x4e CMakeFiles/mico.dir/usr/share/pico-sdk/src/rp2_common/hardware_gpio/gpio.c.obj
 .comment       0x000000000000004d       0x4e CMakeFiles/mico.dir/usr/share/pico-sdk/src/rp2_common/hardware_claim/claim.c.obj
 .comment       0x000000000000004d       0x4e CMakeFiles/mico.dir/usr/share/pico-sdk/src/rp2_common/pico_platform/platform.c.obj