Archive member included to satisfy reference by file (symbol)

/usr/bin/../lib/gcc/arm-none-eabi/10.2.1/thumb/v6-m/nofp/libgcc.a(_dvmd_tls.o)
                              CMakeFiles/mico.dir/usr/share/pico-sdk/src/rp2_common/pico_divider/divider.S.obj (__aeabi_idiv0)
/usr/bin/../lib/gcc/arm-none-eabi/10.2.1/../../../../arm-none-eabi/lib/thumb/v6-m/nofp/libg.a(lib_a-calloc.o)
                              CMakeFiles/mico.dir/usr/share/pico-sdk/src/rp2_common/pico_malloc/pico_malloc.c.obj (calloc)
/usr/bin/../lib/gcc/arm-none-eabi/10.2.1/../../../../arm-none-eabi/lib/thumb/v6-m/nofp/libg.a(lib_a-callocr.o)
                              /usr/bin/../lib/gcc/arm-none-eabi/10.2.1/../../../../arm-none-eabi/lib/thumb/v6-m/nofp/libg.a(lib_a-calloc.o) (_calloc_r)
/usr/bin/../lib/gcc/arm-none-eabi/10.2.1/../../../../arm-none-eabi/lib/thumb/v6-m/nofp/libg.a(lib_a-impure.o)
                              /usr/bin/../lib/gcc/arm-none-eabi/10.2.1/../../../../arm-none-eabi/lib/thumb/v6-m/nofp/libg.a(lib_a-calloc.o) (_impure_ptr)
/usr/bin/../lib/gcc/arm-none-eabi/10.2.1/../../../../arm-none-eabi/lib/thumb/v6-m/nofp/libg.a(lib_a-init.o)
                              /usr/bin/../lib/gcc/arm-none-eabi/10.2.1/../../../../arm-none-eabi/lib/thumb/v6-m/nofp/crt0.o (__libc_init_array)
/usr/bin/../lib/gcc/arm-none-eabi/10.2.1/../../../../arm-none-eabi/lib/thumb/v6-m/nofp/libg.a(lib_a-malloc.o)
                              CMakeFiles/mico.dir/usr/share/pico-sdk/src/rp2_common/pico_malloc/pico_malloc.c.obj (malloc)
/usr/bin/../lib/gcc/arm-none-eabi/10.2.1/../../../../arm-none-eabi/lib/thumb/v6-m/nofp/libg.a(lib_a-mallocr.o)
                              /usr/bin/../lib/gcc/arm-none-eabi/10.2.1/../../../../arm-none-eabi/lib/thumb/v6-m/nofp/libg.a(lib_a-callocr.o) (_malloc_r)
/usr/bin/../lib/gcc/arm-none-eabi/10.2.1/../../../../arm-none-eabi/lib/thumb/v6-m/nofp/libg.a(lib_a-mlock.o)
                              /usr/bin/../lib/gcc/arm-none-eabi/10.2.1/../../../../arm-none-eabi/lib/thumb/v6-m/nofp/libg.a(lib_a-mallocr.o) (__malloc_lock)
/usr/bin/../lib/gcc/arm-none-eabi/10.2.1/../../../../arm-none-eabi/lib/thumb/v6-m/nofp/libg.a(lib_a-sbrkr.o)
                              /usr/bin/../lib/gcc/arm-none-eabi/10.2.1/../../../../arm-none-eabi/lib/thumb/v6-m/nofp/libg.a(lib_a-mallocr.o) (_sbrk_r)
/usr/bin/../lib/gcc/arm-none-eabi/10.2.1/../../../../arm-none-eabi/lib/thumb/v6-m/nofp/libg.a(lib_a-strlen-stub.o)
                              CMakeFiles/mico.dir/usr/share/pico-sdk/src/rp2_common/pico_stdio/stdio.c.obj (strlen)
/usr/bin/../lib/gcc/arm-none-eabi/10.2.1/../../../../arm-none-eabi/lib/thumb/v6-m/nofp/libg.a(lib_a-freer.o)
                              /usr/bin/../lib/gcc/arm-none-eabi/10.2.1/../../../../arm-none-eabi/lib/thumb/v6-m/nofp/libg.a(lib_a-malloc.o) (_free_r)
/usr/bin/../lib/gcc/arm-none-eabi/10.2.1/../../../../arm-none-eabi/lib/thumb/v6-m/nofp/libg.a(lib_a-lock.o)
                              /usr/bin/../lib/gcc/arm-none-eabi/10.2.1/../../../../arm-none-eabi/lib/thumb/v6-m/nofp/libg.a(lib_a-mlock.o) (__retarget_lock_acquire_recursive)
/usr/bin/../lib/gcc/arm-none-eabi/10.2.1/../../../../arm-none-eabi/lib/thumb/v6-m/nofp/libg.a(lib_a-reent.o)
                              /usr/bin/../lib/gcc/arm-none-eabi/10.2.1/../../../../arm-none-eabi/lib/thumb/v6-m/nofp/libg.a(lib_a-sbrkr.o) (errno)

Discarded input sections

 .text          0x0000000000000000        0x0 /usr/bin/../lib/gcc/arm-none-eabi/10.2.1/thumb/v6-m/nofp/crti.o
 .data          0x0000000000000000        0x0 /usr/bin/../lib/gcc/arm-none-eabi/10.2.1/thumb/v6-m/nofp/crti.o
 .bss           0x0000000000000000        0x0 /usr/bin/../lib/gcc/arm-none-eabi/10.2.1/thumb/v6-m/nofp/crti.o
 .data          0x0000000000000000        0x4 /usr/bin/../lib/gcc/arm-none-eabi/10.2.1/thumb/v6-m/nofp/crtbegin.o
 .rodata        0x0000000000000000       0x24 /usr/bin/../lib/gcc/arm-none-eabi/10.2.1/thumb/v6-m/nofp/crtbegin.o
 .fini_array    0x0000000000000000        0x4 /usr/bin/../lib/gcc/arm-none-eabi/10.2.1/thumb/v6-m/nofp/crtbegin.o
 .text          0x0000000000000000       0x80 /usr/bin/../lib/gcc/arm-none-eabi/10.2.1/../../../../arm-none-eabi/lib/thumb/v6-m/nofp/crt0.o
 .data          0x0000000000000000        0x0 /usr/bin/../lib/gcc/arm-none-eabi/10.2.1/../../../../arm-none-eabi/lib/thumb/v6-m/nofp/crt0.o
 .bss           0x0000000000000000        0x0 /usr/bin/../lib/gcc/arm-none-eabi/10.2.1/../../../../arm-none-eabi/lib/thumb/v6-m/nofp/crt0.o
 .ARM.extab     0x0000000000000000        0x0 /usr/bin/../lib/gcc/arm-none-eabi/10.2.1/../../../../arm-none-eabi/lib/thumb/v6-m/nofp/crt0.o
 .ARM.exidx     0x0000000000000000       0x10 /usr/bin/../lib/gcc/arm-none-eabi/10.2.1/../../../../arm-none-eabi/lib/thumb/v6-m/nofp/crt0.o
 .ARM.attributes
                0x0000000000000000       0x1b /usr/bin/../lib/gcc/arm-none-eabi/10.2.1/../../../../arm-none-eabi/lib/thumb/v6-m/nofp/crt0.o
 .text          0x0000000000000000        0x0 CMakeFiles/mico.dir/mico.cpp.obj
[...]
Memory Configuration

Name             Origin             Length             Attributes
FLASH            0x0000000010000000 0x0000000000200000 xr
RAM              0x0000000020000000 0x0000000000040000 xrw
SCRATCH_X        0x0000000020040000 0x0000000000001000 xrw
SCRATCH_Y        0x0000000020041000 0x0000000000001000 xrw
*default*        0x0000000000000000 0xffffffffffffffff

Linker script and memory map

LOAD /usr/bin/../lib/gcc/arm-none-eabi/10.2.1/thumb/v6-m/nofp/crti.o
LOAD /usr/bin/../lib/gcc/arm-none-eabi/10.2.1/thumb/v6-m/nofp/crtbegin.o
LOAD /usr/bin/../lib/gcc/arm-none-eabi/10.2.1/../../../../arm-none-eabi/lib/thumb/v6-m/nofp/crt0.o

.flash_begin    0x0000000010000000        0x0
                0x0000000010000000                __flash_binary_start = .

.boot2          0x0000000010000000      0x100
                0x0000000010000000                __boot2_start__ = .
 *(.boot2)
 .boot2         0x0000000010000000      0x100 /tmp/ccAidrTy.o
                0x0000000010000100                __boot2_end__ = .
                0x0000000000000001                ASSERT (((__boot2_end__ - __boot2_start__) == 0x100), ERROR: Pico second stage bootloader must be 256 bytes in size)

.text           0x0000000010000100     0x4198
                0x0000000010000100                __logical_binary_start = .
 *(.vectors)
 .vectors       0x0000000010000100       0xd4 CMakeFiles/mico.dir/usr/share/pico-sdk/src/rp2_common/pico_standard_link/crt0.S.obj
                0x0000000010000100                __vectors
                0x0000000010000100                __VECTOR_TABLE
                0x00000000100001c0                isr_invalid
                0x00000000100001c0                __default_isrs_start
                0x00000000100001c2                isr_nmi
                0x00000000100001c4                isr_hardfault
                0x00000000100001c6                isr_svcall
                0x00000000100001c8                isr_pendsv
                0x00000000100001ca                isr_systick
                0x00000000100001cc                isr_irq30
                0x00000000100001cc                __unhandled_user_irq
                0x00000000100001cc                isr_irq13
                0x00000000100001cc                isr_irq27
                0x00000000100001cc                isr_irq31
                0x00000000100001cc                isr_irq5
                0x00000000100001cc                isr_irq11
                0x00000000100001cc                isr_irq23
                0x00000000100001cc                isr_irq18
                0x00000000100001cc                isr_irq28
                0x00000000100001cc                isr_irq19
                0x00000000100001cc                isr_irq0
                0x00000000100001cc                isr_irq6
                0x00000000100001cc                isr_irq22
                0x00000000100001cc                isr_irq17
                0x00000000100001cc                isr_irq14
                0x00000000100001cc                isr_irq2
                0x00000000100001cc                isr_irq10
                0x00000000100001cc                isr_irq8
                0x00000000100001cc                isr_irq24
                0x00000000100001cc                isr_irq1
                0x00000000100001cc                isr_irq7
                0x00000000100001cc                isr_irq21
                0x00000000100001cc                isr_irq20
                0x00000000100001cc                isr_irq15
                0x00000000100001cc                isr_irq25
                0x00000000100001cc                isr_irq4
                0x00000000100001cc                isr_irq16
                0x00000000100001cc                isr_irq29
                0x00000000100001cc                isr_irq26
                0x00000000100001cc                __default_isrs_end
                0x00000000100001cc                isr_irq3
                0x00000000100001cc                isr_irq12
                0x00000000100001cc                isr_irq9
                0x00000000100001d2                unhandled_user_irq_num_in_r0
 *(.binary_info_header)
 .binary_info_header
                0x00000000100001d4       0x14 CMakeFiles/mico.dir/usr/share/pico-sdk/src/rp2_common/pico_standard_link/crt0.S.obj
                0x00000000100001e8                __binary_info_header_end = .
 *(.reset)
 .reset         0x00000000100001e8       0xa8 CMakeFiles/mico.dir/usr/share/pico-sdk/src/rp2_common/pico_standard_link/crt0.S.obj
                0x00000000100001e8                _entry_point
                0x0000000010000266                __get_current_exception
 .reset         0x0000000010000290       0x30 CMakeFiles/mico.dir/usr/share/pico-sdk/src/rp2_common/pico_standard_link/binary_info.c.obj
 *(.init)
 .init          0x00000000100002c0        0x4 /usr/bin/../lib/gcc/arm-none-eabi/10.2.1/thumb/v6-m/nofp/crti.o
                0x00000000100002c0                _init
 *(EXCLUDE_FILE(*libm.a: *libc.a:*lib_a-mem*.o *libgcc.a:) .text*)
 .text          0x00000000100002c4       0x48 /usr/bin/../lib/gcc/arm-none-eabi/10.2.1/thumb/v6-m/nofp/crtbegin.o
 .text._Z14alarm_callbacklPv
                0x000000001000030c        0x6 CMakeFiles/mico.dir/mico.cpp.obj
                0x000000001000030c                alarm_callback(long, void*)
 *fill*         0x0000000010000312        0x2 
 .text.main     0x0000000010000314      0x108 CMakeFiles/mico.dir/mico.cpp.obj
                0x0000000010000314                main
 .text.gpio_set_function
                0x000000001000041c       0x30 CMakeFiles/mico.dir/usr/share/pico-sdk/src/rp2_common/hardware_gpio/gpio.c.obj
                0x000000001000041c                gpio_set_function
 .text.gpio_set_pulls
                0x000000001000044c       0x34 CMakeFiles/mico.dir/usr/share/pico-sdk/src/rp2_common/hardware_gpio/gpio.c.obj
                0x000000001000044c                gpio_set_pulls
 .text.gpio_init
                0x0000000010000480       0x16 CMakeFiles/mico.dir/usr/share/pico-sdk/src/rp2_common/hardware_gpio/gpio.c.obj
                0x0000000010000480                gpio_init
 *fill*         0x0000000010000496        0x2 
 .text.hw_claim_lock
                0x0000000010000498       0x18 CMakeFiles/mico.dir/usr/share/pico-sdk/src/rp2_common/hardware_claim/claim.c.obj
                0x0000000010000498                hw_claim_lock
 .text.hw_claim_unlock
                0x00000000100004b0       0x14 CMakeFiles/mico.dir/usr/share/pico-sdk/src/rp2_common/hardware_claim/claim.c.obj
                0x00000000100004b0                hw_claim_unlock
 .text.hw_claim_or_assert
                0x00000000100004c4       0x32 CMakeFiles/mico.dir/usr/share/pico-sdk/src/rp2_common/hardware_claim/claim.c.obj
                0x00000000100004c4                hw_claim_or_assert
 *fill*         0x00000000100004f6        0x2 
 .text.running_on_fpga
                0x00000000100004f8       0x14 CMakeFiles/mico.dir/usr/share/pico-sdk/src/rp2_common/pico_platform/platform.c.obj
                0x00000000100004f8                running_on_fpga
 .text.spin_locks_reset
                0x000000001000050c       0x20 CMakeFiles/mico.dir/usr/share/pico-sdk/src/rp2_common/hardware_sync/sync.c.obj
                0x000000001000050c                spin_locks_reset
 .text.next_striped_spin_lock_num
                0x000000001000052c       0x1c CMakeFiles/mico.dir/usr/share/pico-sdk/src/rp2_common/hardware_sync/sync.c.obj
                0x000000001000052c                next_striped_spin_lock_num
 .text.uart_set_baudrate
                0x0000000010000548       0x5c CMakeFiles/mico.dir/usr/share/pico-sdk/src/rp2_common/hardware_uart/uart.c.obj
                0x0000000010000548                uart_set_baudrate
 .text.uart_set_translate_crlf
                0x00000000100005a4       0x28 CMakeFiles/mico.dir/usr/share/pico-sdk/src/rp2_common/hardware_uart/uart.c.obj
                0x00000000100005a4                uart_set_translate_crlf
 .text.uart_init
                0x00000000100005cc       0x80 CMakeFiles/mico.dir/usr/share/pico-sdk/src/rp2_common/hardware_uart/uart.c.obj
                0x00000000100005cc                uart_init
 .text.hw_divider_divmod_s32
                0x000000001000064c       0x18 CMakeFiles/mico.dir/usr/share/pico-sdk/src/rp2_common/hardware_divider/divider.S.obj
                0x000000001000064c                hw_divider_divmod_s32
 .text.hw_divider_divmod_u32
                0x0000000010000664       0x18 CMakeFiles/mico.dir/usr/share/pico-sdk/src/rp2_common/hardware_divider/divider.S.obj
                0x0000000010000664                hw_divider_divmod_u32
 .text.alarm_pool_post_alloc_init
                0x000000001000067c       0x40 CMakeFiles/mico.dir/usr/share/pico-sdk/src/common/pico_time/time.c.obj
 .text.timer_pool_entry_comparator
                0x00000000100006bc       0x7c CMakeFiles/mico.dir/usr/share/pico-sdk/src/common/pico_time/time.c.obj
                0x00000000100006bc                timer_pool_entry_comparator
 .text.ph_add_child_node
                0x0000000010000738       0xa4 CMakeFiles/mico.dir/usr/share/pico-sdk/src/common/pico_time/time.c.obj
 .text.ph_merge_nodes
                0x00000000100007dc       0x3e CMakeFiles/mico.dir/usr/share/pico-sdk/src/common/pico_time/time.c.obj
 *fill*         0x000000001000081a        0x2 
 .text.add_alarm_under_lock
                0x000000001000081c      0x174 CMakeFiles/mico.dir/usr/share/pico-sdk/src/common/pico_time/time.c.obj
 .text.alarm_pool_alarm_callback
                0x0000000010000990      0x328 CMakeFiles/mico.dir/usr/share/pico-sdk/src/common/pico_time/time.c.obj
 .text.alarm_pool_init_default
                0x0000000010000cb8       0x38 CMakeFiles/mico.dir/usr/share/pico-sdk/src/common/pico_time/time.c.obj
                0x0000000010000cb8                alarm_pool_init_default
 .text.alarm_pool_get_default
                0x0000000010000cf0       0x2c CMakeFiles/mico.dir/usr/share/pico-sdk/src/common/pico_time/time.c.obj
                0x0000000010000cf0                alarm_pool_get_default
 .text.alarm_pool_add_alarm_at
                0x0000000010000d1c      0x170 CMakeFiles/mico.dir/usr/share/pico-sdk/src/common/pico_time/time.c.obj
                0x0000000010000d1c                alarm_pool_add_alarm_at
 .text.hardware_alarm_irq_handler
                0x0000000010000e8c       0x8c CMakeFiles/mico.dir/usr/share/pico-sdk/src/rp2_common/hardware_timer/timer.c.obj
 .text.hardware_alarm_claim
                0x0000000010000f18       0x18 CMakeFiles/mico.dir/usr/share/pico-sdk/src/rp2_common/hardware_timer/timer.c.obj
                0x0000000010000f18                hardware_alarm_claim
 .text.time_us_64
                0x0000000010000f30       0x18 CMakeFiles/mico.dir/usr/share/pico-sdk/src/rp2_common/hardware_timer/timer.c.obj
                0x0000000010000f30                time_us_64
 .text.hardware_alarm_set_callback
                0x0000000010000f48       0x90 CMakeFiles/mico.dir/usr/share/pico-sdk/src/rp2_common/hardware_timer/timer.c.obj
                0x0000000010000f48                hardware_alarm_set_callback
 .text.hardware_alarm_set_target
                0x0000000010000fd8       0xe8 CMakeFiles/mico.dir/usr/share/pico-sdk/src/rp2_common/hardware_timer/timer.c.obj
                0x0000000010000fd8                hardware_alarm_set_target
 .text.hardware_alarm_cancel
                0x00000000100010c0       0x40 CMakeFiles/mico.dir/usr/share/pico-sdk/src/rp2_common/hardware_timer/timer.c.obj
                0x00000000100010c0                hardware_alarm_cancel
 .text.lock_init
                0x0000000010001100       0x10 CMakeFiles/mico.dir/usr/share/pico-sdk/src/common/pico_sync/lock_core.c.obj
                0x0000000010001100                lock_init
 .text.mutex_init
                0x0000000010001110       0x1a CMakeFiles/mico.dir/usr/share/pico-sdk/src/common/pico_sync/mutex.c.obj
                0x0000000010001110                mutex_init
 .text.recursive_mutex_init
                0x000000001000112a       0x1e CMakeFiles/mico.dir/usr/share/pico-sdk/src/common/pico_sync/mutex.c.obj
                0x000000001000112a                recursive_mutex_init
 .text.ph_add_child_node
                0x0000000010001148       0xa4 CMakeFiles/mico.dir/usr/share/pico-sdk/src/common/pico_util/pheap.c.obj
 .text.ph_merge_nodes
                0x00000000100011ec       0x3e CMakeFiles/mico.dir/usr/share/pico-sdk/src/common/pico_util/pheap.c.obj
 *fill*         0x000000001000122a        0x2 
 .text.ph_clear
                0x000000001000122c       0x70 CMakeFiles/mico.dir/usr/share/pico-sdk/src/common/pico_util/pheap.c.obj
                0x000000001000122c                ph_clear
 .text.ph_post_alloc_init
                0x000000001000129c        0xe CMakeFiles/mico.dir/usr/share/pico-sdk/src/common/pico_util/pheap.c.obj
                0x000000001000129c                ph_post_alloc_init
 *fill*         0x00000000100012aa        0x2 
 .text.ph_merge_two_pass
                0x00000000100012ac       0xa8 CMakeFiles/mico.dir/usr/share/pico-sdk/src/common/pico_util/pheap.c.obj
                0x00000000100012ac                ph_merge_two_pass
 .text.ph_remove_any_head
                0x0000000010001354      0x108 CMakeFiles/mico.dir/usr/share/pico-sdk/src/common/pico_util/pheap.c.obj
 .text.ph_remove_head
                0x000000001000145c       0x14 CMakeFiles/mico.dir/usr/share/pico-sdk/src/common/pico_util/pheap.c.obj
                0x000000001000145c                ph_remove_head
 .text.ph_remove_and_free_node
                0x0000000010001470       0xf8 CMakeFiles/mico.dir/usr/share/pico-sdk/src/common/pico_util/pheap.c.obj
                0x0000000010001470                ph_remove_and_free_node
 .text._exit    0x0000000010001568        0x4 CMakeFiles/mico.dir/usr/share/pico-sdk/src/rp2_common/pico_runtime/runtime.c.obj
                0x0000000010001568                _exit
 .text.exit     0x000000001000156c        0x6 CMakeFiles/mico.dir/usr/share/pico-sdk/src/rp2_common/pico_runtime/runtime.c.obj
                0x000000001000156c                exit
 *fill*         0x0000000010001572        0x2 
 .text.__assert_func
                0x0000000010001574       0x3c CMakeFiles/mico.dir/usr/share/pico-sdk/src/rp2_common/pico_runtime/runtime.c.obj
                0x0000000010001574                __assert_func
 .text.runtime_init
                0x00000000100015b0       0xf8 CMakeFiles/mico.dir/usr/share/pico-sdk/src/rp2_common/pico_runtime/runtime.c.obj
                0x00000000100015b0                runtime_init
 .text.panic    0x00000000100016a8       0x30 CMakeFiles/mico.dir/usr/share/pico-sdk/src/rp2_common/pico_runtime/runtime.c.obj
                0x00000000100016a8                panic
 .text.clock_configure
                0x00000000100016d8      0x104 CMakeFiles/mico.dir/usr/share/pico-sdk/src/rp2_common/hardware_clocks/clocks.c.obj
                0x00000000100016d8                clock_configure
 .text.clocks_init
                0x00000000100017dc      0x100 CMakeFiles/mico.dir/usr/share/pico-sdk/src/rp2_common/hardware_clocks/clocks.c.obj
                0x00000000100017dc                clocks_init
 .text.clock_get_hz
                0x00000000100018dc        0xc CMakeFiles/mico.dir/usr/share/pico-sdk/src/rp2_common/hardware_clocks/clocks.c.obj
                0x00000000100018dc                clock_get_hz
 .text.set_raw_irq_handler_and_unlock
                0x00000000100018e8       0x28 CMakeFiles/mico.dir/usr/share/pico-sdk/src/rp2_common/hardware_irq/irq.c.obj
 .text.make_branch
                0x0000000010001910       0x34 CMakeFiles/mico.dir/usr/share/pico-sdk/src/rp2_common/hardware_irq/irq.c.obj
 .text.insert_branch_and_link
                0x0000000010001944       0x40 CMakeFiles/mico.dir/usr/share/pico-sdk/src/rp2_common/hardware_irq/irq.c.obj
 .text.irq_is_enabled
                0x0000000010001984       0x18 CMakeFiles/mico.dir/usr/share/pico-sdk/src/rp2_common/hardware_irq/irq.c.obj
                0x0000000010001984                irq_is_enabled
 .text.irq_set_mask_enabled
                0x000000001000199c       0x20 CMakeFiles/mico.dir/usr/share/pico-sdk/src/rp2_common/hardware_irq/irq.c.obj
                0x000000001000199c                irq_set_mask_enabled
 .text.irq_set_enabled
                0x00000000100019bc        0xe CMakeFiles/mico.dir/usr/share/pico-sdk/src/rp2_common/hardware_irq/irq.c.obj
                0x00000000100019bc                irq_set_enabled
 *fill*         0x00000000100019ca        0x2 
 .text.irq_get_vtable_handler
                0x00000000100019cc       0x10 CMakeFiles/mico.dir/usr/share/pico-sdk/src/rp2_common/hardware_irq/irq.c.obj
                0x00000000100019cc                irq_get_vtable_handler
 .text.irq_set_exclusive_handler
                0x00000000100019dc       0x54 CMakeFiles/mico.dir/usr/share/pico-sdk/src/rp2_common/hardware_irq/irq.c.obj
                0x00000000100019dc                irq_set_exclusive_handler
 .text.irq_remove_handler
                0x0000000010001a30      0x1ac CMakeFiles/mico.dir/usr/share/pico-sdk/src/rp2_common/hardware_irq/irq.c.obj
                0x0000000010001a30                irq_remove_handler
 .text.irq_add_tail_to_free_list
                0x0000000010001bdc       0xf0 CMakeFiles/mico.dir/usr/share/pico-sdk/src/rp2_common/hardware_irq/irq.c.obj
                0x0000000010001bdc                irq_add_tail_to_free_list
 .text.irq_init_priorities
                0x0000000010001ccc       0x1c CMakeFiles/mico.dir/usr/share/pico-sdk/src/rp2_common/hardware_irq/irq.c.obj
                0x0000000010001ccc                irq_init_priorities
 .text.pll_init
                0x0000000010001ce8      0x118 CMakeFiles/mico.dir/usr/share/pico-sdk/src/rp2_common/hardware_pll/pll.c.obj
                0x0000000010001ce8                pll_init
 .text.watchdog_start_tick
                0x0000000010001e00       0x10 CMakeFiles/mico.dir/usr/share/pico-sdk/src/rp2_common/hardware_watchdog/watchdog.c.obj
                0x0000000010001e00                watchdog_start_tick
 .text.xosc_init
                0x0000000010001e10       0x28 CMakeFiles/mico.dir/usr/share/pico-sdk/src/rp2_common/hardware_xosc/xosc.c.obj
                0x0000000010001e10                xosc_init
 .text._out_null
                0x0000000010001e38        0x2 CMakeFiles/mico.dir/usr/share/pico-sdk/src/rp2_common/pico_printf/printf.c.obj
 .text._out_fct
                0x0000000010001e3a        0xe CMakeFiles/mico.dir/usr/share/pico-sdk/src/rp2_common/pico_printf/printf.c.obj
 .text._atoi    0x0000000010001e48       0x24 CMakeFiles/mico.dir/usr/share/pico-sdk/src/rp2_common/pico_printf/printf.c.obj
 .text._out_rev
                0x0000000010001e6c       0xae CMakeFiles/mico.dir/usr/share/pico-sdk/src/rp2_common/pico_printf/printf.c.obj
 .text._ntoa_format
                0x0000000010001f1a      0x112 CMakeFiles/mico.dir/usr/share/pico-sdk/src/rp2_common/pico_printf/printf.c.obj
 .text._ntoa_long
                0x000000001000202c       0xbc CMakeFiles/mico.dir/usr/share/pico-sdk/src/rp2_common/pico_printf/printf.c.obj
 .text._ntoa_long_long
                0x00000000100020e8       0xe2 CMakeFiles/mico.dir/usr/share/pico-sdk/src/rp2_common/pico_printf/printf.c.obj
 *fill*         0x00000000100021ca        0x2 
 .text._etoa    0x00000000100021cc      0x414 CMakeFiles/mico.dir/usr/share/pico-sdk/src/rp2_common/pico_printf/printf.c.obj
 .text._ftoa    0x00000000100025e0      0x354 CMakeFiles/mico.dir/usr/share/pico-sdk/src/rp2_common/pico_printf/printf.c.obj
 .text._vsnprintf
                0x0000000010002934      0x624 CMakeFiles/mico.dir/usr/share/pico-sdk/src/rp2_common/pico_printf/printf.c.obj
 .text.vfctprintf
                0x0000000010002f58       0x20 CMakeFiles/mico.dir/usr/share/pico-sdk/src/rp2_common/pico_printf/printf.c.obj
                0x0000000010002f58                vfctprintf
 .text          0x0000000010002f78       0x10 CMakeFiles/mico.dir/usr/share/pico-sdk/src/rp2_common/pico_bit_ops/bit_ops_aeabi.S.obj
 .text.rom_func_lookup
                0x0000000010002f88       0x10 CMakeFiles/mico.dir/usr/share/pico-sdk/src/rp2_common/pico_bootrom/bootrom.c.obj
                0x0000000010002f88                rom_func_lookup
 .text.rom_data_lookup
                0x0000000010002f98       0x10 CMakeFiles/mico.dir/usr/share/pico-sdk/src/rp2_common/pico_bootrom/bootrom.c.obj
                0x0000000010002f98                rom_data_lookup
 .text.rom_funcs_lookup
                0x0000000010002fa8       0x36 CMakeFiles/mico.dir/usr/share/pico-sdk/src/rp2_common/pico_bootrom/bootrom.c.obj
                0x0000000010002fa8                rom_funcs_lookup
 *fill*         0x0000000010002fde        0x2 
 .text.__wrap___aeabi_idiv
                0x0000000010002fe0       0x50 CMakeFiles/mico.dir/usr/share/pico-sdk/src/rp2_common/pico_divider/divider.S.obj
                0x0000000010002fe0                __wrap___aeabi_idivmod
                0x0000000010002fe0                divmod_s32s32
                0x0000000010002fe0                div_s32s32
                0x0000000010002fe0                __wrap___aeabi_idiv
                0x0000000010002fe8                divmod_s32s32_unsafe
                0x0000000010003014                divmod_s32s32_savestate
 .text.__wrap___aeabi_uidiv
                0x0000000010003030       0x4c CMakeFiles/mico.dir/usr/share/pico-sdk/src/rp2_common/pico_divider/divider.S.obj
                0x0000000010003030                __wrap___aeabi_uidiv
                0x0000000010003030                __wrap___aeabi_uidivmod
                0x0000000010003030                div_u32u32
                0x0000000010003030                divmod_u32u32
                0x0000000010003038                divmod_u32u32_unsafe
                0x0000000010003060                divmod_u32u32_savestate
 .text.__wrap___aeabi_ldiv
                0x000000001000307c      0x434 CMakeFiles/mico.dir/usr/share/pico-sdk/src/rp2_common/pico_divider/divider.S.obj
                0x000000001000307c                div_s64s64
                0x000000001000307c                divmod_s64s64
                0x000000001000307c                __wrap___aeabi_ldivmod
                0x00000000100030b4                div_u64u64
                0x00000000100030b4                divmod_u64u64
                0x00000000100030b4                __wrap___aeabi_uldivmod
                0x00000000100030c4                divmod_u64u64_savestate
                0x00000000100030ec                divmod_s64s64_unsafe
                0x0000000010003174                divmod_u64u64_unsafe
 .text.__wrap___aeabi_darithmetic
                0x00000000100034b0       0x80 CMakeFiles/mico.dir/usr/share/pico-sdk/src/rp2_common/pico_double/double_aeabi.S.obj
                0x00000000100034b0                __wrap___aeabi_drsub
                0x00000000100034b6                __wrap___aeabi_dsub
                0x00000000100034c8                __wrap___aeabi_dadd
                0x00000000100034da                __wrap___aeabi_ddiv
                0x0000000010003516                __wrap___aeabi_dmul
 .text.__wrap___aeabi_cdcmple
                0x0000000010003530       0x6c CMakeFiles/mico.dir/usr/share/pico-sdk/src/rp2_common/pico_double/double_aeabi.S.obj
                0x0000000010003530                __wrap___aeabi_cdrcmple
                0x0000000010003540                __wrap___aeabi_cdcmple
                0x0000000010003540                __wrap___aeabi_cdcmpeq
 .text.__wrap___aeabi_dcmplt
                0x000000001000359c        0xc CMakeFiles/mico.dir/usr/share/pico-sdk/src/rp2_common/pico_double/double_aeabi.S.obj
                0x000000001000359c                __wrap___aeabi_dcmplt
 .text.__wrap___aeabi_dcmple
                0x00000000100035a8       0x10 CMakeFiles/mico.dir/usr/share/pico-sdk/src/rp2_common/pico_double/double_aeabi.S.obj
                0x00000000100035a8                __wrap___aeabi_dcmple
 .text.__wrap___aeabi_dcmpge
                0x00000000100035b8       0x10 CMakeFiles/mico.dir/usr/share/pico-sdk/src/rp2_common/pico_double/double_aeabi.S.obj
                0x00000000100035b8                __wrap___aeabi_dcmpge
 .text.__wrap___aeabi_dcmpgt
                0x00000000100035c8        0xa CMakeFiles/mico.dir/usr/share/pico-sdk/src/rp2_common/pico_double/double_aeabi.S.obj
                0x00000000100035c8                __wrap___aeabi_dcmpgt
 .text.__wrap___aeabi_dcmpun
                0x00000000100035d2       0x1c CMakeFiles/mico.dir/usr/share/pico-sdk/src/rp2_common/pico_double/double_aeabi.S.obj
                0x00000000100035d2                __wrap___aeabi_dcmpun
 *fill*         0x00000000100035ee        0x2 
 .text.__wrap___aeabi_i2d
                0x00000000100035f0       0x38 CMakeFiles/mico.dir/usr/share/pico-sdk/src/rp2_common/pico_double/double_aeabi.S.obj
                0x00000000100035f0                __wrap___aeabi_ui2d
                0x00000000100035f8                __wrap___aeabi_i2d
 .text.__wrap___aeabi_d2iz
                0x0000000010003628       0x48 CMakeFiles/mico.dir/usr/share/pico-sdk/src/rp2_common/pico_double/double_aeabi.S.obj
                0x0000000010003628                __wrap___aeabi_d2iz
                0x0000000010003628                double2int_z
 .text.__wrap___aeabi_d2uiz
                0x0000000010003670       0x18 CMakeFiles/mico.dir/usr/share/pico-sdk/src/rp2_common/pico_double/double_aeabi.S.obj
                0x0000000010003670                double2uint
                0x0000000010003670                __wrap___aeabi_d2uiz
 .text.__aeabi_double_init
                0x0000000010003688       0xc8 CMakeFiles/mico.dir/usr/share/pico-sdk/src/rp2_common/pico_double/double_init_rom.c.obj
                0x0000000010003688                __aeabi_double_init
 .text.double_table_shim_on_use_helper
                0x0000000010003750       0x34 CMakeFiles/mico.dir/usr/share/pico-sdk/src/rp2_common/pico_double/double_v1_rom_shim.S.obj
                0x0000000010003750                double_table_shim_on_use_helper
 .text.__wrap___aeabi_dsub
                0x0000000010003784       0x10 CMakeFiles/mico.dir/usr/share/pico-sdk/src/rp2_common/pico_double/double_v1_rom_shim.S.obj
                0x0000000010003784                drsub_shim
                0x000000001000378a                dsub_shim
 .text.dadd_shim
                0x0000000010003794      0x15c CMakeFiles/mico.dir/usr/share/pico-sdk/src/rp2_common/pico_double/double_v1_rom_shim.S.obj
                0x0000000010003794                dadd_shim
 .text.dmul_shim
                0x00000000100038f0      0x15c CMakeFiles/mico.dir/usr/share/pico-sdk/src/rp2_common/pico_double/double_v1_rom_shim.S.obj
                0x00000000100038f0                dmul_shim
 .text.ddiv_shim
                0x0000000010003a4c      0x1b0 CMakeFiles/mico.dir/usr/share/pico-sdk/src/rp2_common/pico_double/double_v1_rom_shim.S.obj
                0x0000000010003a4c                ddiv_shim
 .text.double2uint_shim
                0x0000000010003bfc        0xe CMakeFiles/mico.dir/usr/share/pico-sdk/src/rp2_common/pico_double/double_v1_rom_shim.S.obj
                0x0000000010003bfc                double2uint_shim
                0x0000000010003bfe                double2ufix_shim
 *fill*         0x0000000010003c0a        0x2 
 .text.double2uint64_shim
                0x0000000010003c0c       0x70 CMakeFiles/mico.dir/usr/share/pico-sdk/src/rp2_common/pico_double/double_v1_rom_shim.S.obj
                0x0000000010003c0c                double2uint64_shim
                0x0000000010003c0e                double2ufix64_shim
                0x0000000010003c2e                d2fix_a
 .text.dunpacks
                0x0000000010003c7c       0x3c CMakeFiles/mico.dir/usr/share/pico-sdk/src/rp2_common/pico_double/double_v1_rom_shim.S.obj
                0x0000000010003c7c                dunpacks
 .text.__aeabi_float_init
                0x0000000010003cb8       0xfc CMakeFiles/mico.dir/usr/share/pico-sdk/src/rp2_common/pico_float/float_init_rom.c.obj
                0x0000000010003cb8                __aeabi_float_init
 .text.float_table_shim_on_use_helper
                0x0000000010003db4       0x34 CMakeFiles/mico.dir/usr/share/pico-sdk/src/rp2_common/pico_float/float_v1_rom_shim.S.obj
                0x0000000010003db4                float_table_shim_on_use_helper
 .text          0x0000000010003de8       0x10 CMakeFiles/mico.dir/usr/share/pico-sdk/src/rp2_common/pico_mem_ops/mem_ops_aeabi.S.obj
                0x0000000010003de8                __aeabi_mem_init
 .text.memset   0x0000000010003df8        0xc CMakeFiles/mico.dir/usr/share/pico-sdk/src/rp2_common/pico_mem_ops/mem_ops_aeabi.S.obj
                0x0000000010003df8                __wrap_memset
 .text.memcpy   0x0000000010003e04        0xc CMakeFiles/mico.dir/usr/share/pico-sdk/src/rp2_common/pico_mem_ops/mem_ops_aeabi.S.obj
                0x0000000010003e04                __wrap___aeabi_memcpy
                0x0000000010003e04                __wrap_memcpy
 .text.stdio_out_chars_no_crlf
                0x0000000010003e10        0xe CMakeFiles/mico.dir/usr/share/pico-sdk/src/rp2_common/pico_stdio/stdio.c.obj
 *fill*         0x0000000010003e1e        0x2 
 .text.stdio_out_chars_crlf
                0x0000000010003e20       0x80 CMakeFiles/mico.dir/usr/share/pico-sdk/src/rp2_common/pico_stdio/stdio.c.obj
 .text.stdio_stack_buffer_flush
                0x0000000010003ea0       0x44 CMakeFiles/mico.dir/usr/share/pico-sdk/src/rp2_common/pico_stdio/stdio.c.obj
 .text.stdio_buffered_printer
                0x0000000010003ee4       0x20 CMakeFiles/mico.dir/usr/share/pico-sdk/src/rp2_common/pico_stdio/stdio.c.obj
 .text.stdout_serialize_begin
                0x0000000010003f04       0x30 CMakeFiles/mico.dir/usr/share/pico-sdk/src/rp2_common/pico_stdio/stdio.c.obj
                0x0000000010003f04                stdout_serialize_begin
 .text.stdout_serialize_end
                0x0000000010003f34       0x10 CMakeFiles/mico.dir/usr/share/pico-sdk/src/rp2_common/pico_stdio/stdio.c.obj
                0x0000000010003f34                stdout_serialize_end
 .text.stdio_put_string
                0x0000000010003f44       0x98 CMakeFiles/mico.dir/usr/share/pico-sdk/src/rp2_common/pico_stdio/stdio.c.obj
 .text.stdio_set_driver_enabled
                0x0000000010003fdc       0x38 CMakeFiles/mico.dir/usr/share/pico-sdk/src/rp2_common/pico_stdio/stdio.c.obj
                0x0000000010003fdc                stdio_set_driver_enabled
 .text.stdio_flush
                0x0000000010004014       0x20 CMakeFiles/mico.dir/usr/share/pico-sdk/src/rp2_common/pico_stdio/stdio.c.obj
                0x0000000010004014                stdio_flush
 .text.__wrap_puts
                0x0000000010004034       0x1e CMakeFiles/mico.dir/usr/share/pico-sdk/src/rp2_common/pico_stdio/stdio.c.obj
                0x0000000010004034                __wrap_puts
 *fill*         0x0000000010004052        0x2 
 .text.__wrap_vprintf
                0x0000000010004054       0x44 CMakeFiles/mico.dir/usr/share/pico-sdk/src/rp2_common/pico_stdio/stdio.c.obj
                0x0000000010004054                __wrap_vprintf
 .text.__wrap_printf
                0x0000000010004098       0x18 CMakeFiles/mico.dir/usr/share/pico-sdk/src/rp2_common/pico_stdio/stdio.c.obj
                0x0000000010004098                __wrap_printf
 .text.stdio_init_all
                0x00000000100040b0        0x8 CMakeFiles/mico.dir/usr/share/pico-sdk/src/rp2_common/pico_stdio/stdio.c.obj
                0x00000000100040b0                stdio_init_all
 .text.stdio_uart_out_chars
                0x00000000100040b8       0x74 CMakeFiles/mico.dir/usr/share/pico-sdk/src/rp2_common/pico_stdio_uart/stdio_uart.c.obj
 .text.stdio_uart_in_chars
                0x000000001000412c       0x58 CMakeFiles/mico.dir/usr/share/pico-sdk/src/rp2_common/pico_stdio_uart/stdio_uart.c.obj
                0x000000001000412c                stdio_uart_in_chars
 .text.stdio_uart_init_full
                0x0000000010004184       0x3c CMakeFiles/mico.dir/usr/share/pico-sdk/src/rp2_common/pico_stdio_uart/stdio_uart.c.obj
                0x0000000010004184                stdio_uart_init_full
 .text.stdio_uart_init
                0x00000000100041c0       0x28 CMakeFiles/mico.dir/usr/share/pico-sdk/src/rp2_common/pico_stdio_uart/stdio_uart.c.obj
                0x00000000100041c0                stdio_uart_init
 .text.strlen   0x00000000100041e8       0x5c /usr/bin/../lib/gcc/arm-none-eabi/10.2.1/../../../../arm-none-eabi/lib/thumb/v6-m/nofp/libg.a(lib_a-strlen-stub.o)
                0x00000000100041e8                strlen
 *(.fini)
 .fini          0x0000000010004244        0x4 /usr/bin/../lib/gcc/arm-none-eabi/10.2.1/thumb/v6-m/nofp/crti.o
                0x0000000010004244                _fini
 .fini.__stub   0x0000000010004248       0x50 linker stubs
 *crtbegin.o(.ctors)
 *crtbegin?.o(.ctors)
 *(EXCLUDE_FILE(*crtend.o *crtend?.o) .ctors)
 *(SORT_BY_NAME(.ctors.*))
 *(.ctors)
 *crtbegin.o(.dtors)
 *crtbegin?.o(.dtors)
 *(EXCLUDE_FILE(*crtend.o *crtend?.o) .dtors)
 *(SORT_BY_NAME(.dtors.*))
 *(.dtors)
 *(.eh_frame*)
 .eh_frame      0x0000000010004298        0x0 /usr/bin/../lib/gcc/arm-none-eabi/10.2.1/thumb/v6-m/nofp/crtbegin.o
                0x0000000010004298                . = ALIGN (0x4)

.glue_7         0x0000000010004298        0x0
 .glue_7        0x0000000010004298        0x0 linker stubs

.glue_7t        0x0000000010004298        0x0
 .glue_7t       0x0000000010004298        0x0 linker stubs

.vfp11_veneer   0x0000000010004298        0x0
 .vfp11_veneer  0x0000000010004298        0x0 linker stubs

.v4_bx          0x0000000010004298        0x0
 .v4_bx         0x0000000010004298        0x0 linker stubs

.iplt           0x0000000010004298        0x0
 .iplt          0x0000000010004298        0x0 /usr/bin/../lib/gcc/arm-none-eabi/10.2.1/thumb/v6-m/nofp/crtbegin.o

.rodata         0x0000000010004298      0xe04
 *(EXCLUDE_FILE(*libm.a: *libc.a:*lib_a-mem*.o *libgcc.a:) .rodata*)
 .rodata.main.str1.4
                0x0000000010004298       0xbe CMakeFiles/mico.dir/mico.cpp.obj
 *fill*         0x0000000010004356        0x2 
 .rodata.repeating_timer_callback.str1.4
                0x0000000010004358       0x44 CMakeFiles/mico.dir/usr/share/pico-sdk/src/common/pico_time/time.c.obj
 .rodata.alarm_pool_dump_key.str1.4
                0x000000001000439c       0x33 CMakeFiles/mico.dir/usr/share/pico-sdk/src/common/pico_time/time.c.obj
 *fill*         0x00000000100043cf        0x1 
 .rodata.ph_add_child_node.str1.4
                0x00000000100043d0       0x8e CMakeFiles/mico.dir/usr/share/pico-sdk/src/common/pico_time/time.c.obj
 *fill*         0x000000001000445e        0x2 
 .rodata.add_alarm_under_lock.str1.4
                0x0000000010004460       0x28 CMakeFiles/mico.dir/usr/share/pico-sdk/src/common/pico_time/time.c.obj
                                         0x2b (size before relaxing)
 .rodata.alarm_pool_alarm_callback.str1.4
                0x0000000010004488       0x82 CMakeFiles/mico.dir/usr/share/pico-sdk/src/common/pico_time/time.c.obj
                                         0xde (size before relaxing)
 *fill*         0x000000001000450a        0x2 
 .rodata.alarm_pool_get_default.str1.4
                0x000000001000450c       0x21 CMakeFiles/mico.dir/usr/share/pico-sdk/src/common/pico_time/time.c.obj
 *fill*         0x000000001000452d        0x3 
 .rodata.__func__.10
                0x0000000010004530       0x15 CMakeFiles/mico.dir/usr/share/pico-sdk/src/common/pico_time/time.c.obj
 *fill*         0x0000000010004545        0x3 
 .rodata.__func__.11
                0x0000000010004548       0x1a CMakeFiles/mico.dir/usr/share/pico-sdk/src/common/pico_time/time.c.obj
 *fill*         0x0000000010004562        0x2 
 .rodata.__func__.12
                0x0000000010004564        0xa CMakeFiles/mico.dir/usr/share/pico-sdk/src/common/pico_time/time.c.obj
 *fill*         0x000000001000456e        0x2 
 .rodata.__func__.3
                0x0000000010004570       0x17 CMakeFiles/mico.dir/usr/share/pico-sdk/src/common/pico_time/time.c.obj
 *fill*         0x0000000010004587        0x1 
 .rodata.__func__.4
                0x0000000010004588       0x12 CMakeFiles/mico.dir/usr/share/pico-sdk/src/common/pico_time/time.c.obj
 *fill*         0x000000001000459a        0x2 
 .rodata.__func__.5
                0x000000001000459c        0xd CMakeFiles/mico.dir/usr/share/pico-sdk/src/common/pico_time/time.c.obj
 *fill*         0x00000000100045a9        0x3 
 .rodata.__func__.6
                0x00000000100045ac       0x12 CMakeFiles/mico.dir/usr/share/pico-sdk/src/common/pico_time/time.c.obj
 *fill*         0x00000000100045be        0x2 
 .rodata.__func__.7
                0x00000000100045c0        0xf CMakeFiles/mico.dir/usr/share/pico-sdk/src/common/pico_time/time.c.obj
 *fill*         0x00000000100045cf        0x1 
 .rodata.__func__.8
                0x00000000100045d0        0xc CMakeFiles/mico.dir/usr/share/pico-sdk/src/common/pico_time/time.c.obj
 .rodata.__func__.9
                0x00000000100045dc       0x15 CMakeFiles/mico.dir/usr/share/pico-sdk/src/common/pico_time/time.c.obj
 *fill*         0x00000000100045f1        0x3 
 .rodata.hardware_alarm_claim.str1.4
                0x00000000100045f4       0x22 CMakeFiles/mico.dir/usr/share/pico-sdk/src/rp2_common/hardware_timer/timer.c.obj
 *fill*         0x0000000010004616        0x2 
 .rodata.hardware_alarm_set_target.str1.4
                0x0000000010004618       0x5e CMakeFiles/mico.dir/usr/share/pico-sdk/src/rp2_common/hardware_timer/timer.c.obj
 *fill*         0x0000000010004676        0x2 
 .rodata.__func__.0
                0x0000000010004678       0x1a CMakeFiles/mico.dir/usr/share/pico-sdk/src/rp2_common/hardware_timer/timer.c.obj
 *fill*         0x0000000010004692        0x2 
 .rodata.str1.4
                0x0000000010004694       0x85 CMakeFiles/mico.dir/usr/share/pico-sdk/src/common/pico_sync/mutex.c.obj
                                         0xe1 (size before relaxing)
 *fill*         0x0000000010004719        0x3 
 .rodata.__func__.1
                0x000000001000471c        0xb CMakeFiles/mico.dir/usr/share/pico-sdk/src/common/pico_sync/mutex.c.obj
 .rodata.ph_add_child_node.str1.4
                0x0000000010004727       0x8e CMakeFiles/mico.dir/usr/share/pico-sdk/src/common/pico_util/pheap.c.obj
 *fill*         0x0000000010004727        0x1 
 .rodata.ph_remove_any_head.str1.4
                0x0000000010004728       0x88 CMakeFiles/mico.dir/usr/share/pico-sdk/src/common/pico_util/pheap.c.obj
 .rodata.ph_remove_and_free_node.str1.4
                0x00000000100047b0       0x26 CMakeFiles/mico.dir/usr/share/pico-sdk/src/common/pico_util/pheap.c.obj
 *fill*         0x00000000100047d6        0x2 
 .rodata.__func__.0
                0x00000000100047d8       0x18 CMakeFiles/mico.dir/usr/share/pico-sdk/src/common/pico_util/pheap.c.obj
 .rodata.__func__.1
                0x00000000100047f0       0x13 CMakeFiles/mico.dir/usr/share/pico-sdk/src/common/pico_util/pheap.c.obj
 *fill*         0x0000000010004803        0x1 
 .rodata.__func__.2
                0x0000000010004804       0x12 CMakeFiles/mico.dir/usr/share/pico-sdk/src/common/pico_util/pheap.c.obj
 *fill*         0x0000000010004816        0x2 
 .rodata.__func__.3
                0x0000000010004818        0xc CMakeFiles/mico.dir/usr/share/pico-sdk/src/common/pico_util/pheap.c.obj
 .rodata.__assert_func.str1.4
                0x0000000010004824       0x3f CMakeFiles/mico.dir/usr/share/pico-sdk/src/rp2_common/pico_runtime/runtime.c.obj
                                         0x43 (size before relaxing)
 *fill*         0x0000000010004863        0x1 
 .rodata.runtime_init.str1.4
                0x0000000010004864       0x5a CMakeFiles/mico.dir/usr/share/pico-sdk/src/rp2_common/pico_runtime/runtime.c.obj
 *fill*         0x00000000100048be        0x2 
 .rodata.panic.str1.4
                0x00000000100048c0       0x12 CMakeFiles/mico.dir/usr/share/pico-sdk/src/rp2_common/pico_runtime/runtime.c.obj
 *fill*         0x00000000100048d2        0x2 
 .rodata.__func__.1
                0x00000000100048d4        0xd CMakeFiles/mico.dir/usr/share/pico-sdk/src/rp2_common/pico_runtime/runtime.c.obj
 *fill*         0x00000000100048e1        0x3 
 .rodata.clock_configure.str1.4
                0x00000000100048e4       0x50 CMakeFiles/mico.dir/usr/share/pico-sdk/src/rp2_common/hardware_clocks/clocks.c.obj
 .rodata.__func__.1
                0x0000000010004934       0x10 CMakeFiles/mico.dir/usr/share/pico-sdk/src/rp2_common/hardware_clocks/clocks.c.obj
 .rodata.make_branch.str1.4
                0x0000000010004944       0x46 CMakeFiles/mico.dir/usr/share/pico-sdk/src/rp2_common/hardware_irq/irq.c.obj
 *fill*         0x000000001000498a        0x2 
 .rodata.irq_set_exclusive_handler.str1.4
                0x000000001000498c       0x36 CMakeFiles/mico.dir/usr/share/pico-sdk/src/rp2_common/hardware_irq/irq.c.obj
 *fill*         0x00000000100049c2        0x2 
 .rodata.irq_add_shared_handler.str1.4
                0x00000000100049c4       0xd9 CMakeFiles/mico.dir/usr/share/pico-sdk/src/rp2_common/hardware_irq/irq.c.obj
 *fill*         0x0000000010004a9d        0x3 
 .rodata.irq_remove_handler.str1.4
                0x0000000010004aa0       0x2a CMakeFiles/mico.dir/usr/share/pico-sdk/src/rp2_common/hardware_irq/irq.c.obj
 *fill*         0x0000000010004aca        0x2 
 .rodata.irq_add_tail_to_free_list.str1.4
                0x0000000010004acc       0x32 CMakeFiles/mico.dir/usr/share/pico-sdk/src/rp2_common/hardware_irq/irq.c.obj
                                         0x3a (size before relaxing)
 *fill*         0x0000000010004afe        0x2 
 .rodata.__func__.0
                0x0000000010004b00       0x1a CMakeFiles/mico.dir/usr/share/pico-sdk/src/rp2_common/hardware_irq/irq.c.obj
 *fill*         0x0000000010004b1a        0x2 
 .rodata.__func__.1
                0x0000000010004b1c       0x17 CMakeFiles/mico.dir/usr/share/pico-sdk/src/rp2_common/hardware_irq/irq.c.obj
 *fill*         0x0000000010004b33        0x1 
 .rodata.__func__.2
                0x0000000010004b34       0x13 CMakeFiles/mico.dir/usr/share/pico-sdk/src/rp2_common/hardware_irq/irq.c.obj
 *fill*         0x0000000010004b47        0x1 
 .rodata.__func__.3
                0x0000000010004b48        0xc CMakeFiles/mico.dir/usr/share/pico-sdk/src/rp2_common/hardware_irq/irq.c.obj
 .rodata.__func__.4
                0x0000000010004b54        0xf CMakeFiles/mico.dir/usr/share/pico-sdk/src/rp2_common/hardware_irq/irq.c.obj
 *fill*         0x0000000010004b63        0x1 
 .rodata.__func__.6
                0x0000000010004b64       0x1a CMakeFiles/mico.dir/usr/share/pico-sdk/src/rp2_common/hardware_irq/irq.c.obj
 *fill*         0x0000000010004b7e        0x2 
 .rodata.pll_init.str1.4
                0x0000000010004b80       0xd3 CMakeFiles/mico.dir/usr/share/pico-sdk/src/rp2_common/hardware_pll/pll.c.obj
 *fill*         0x0000000010004c53        0x1 
 .rodata.__func__.0
                0x0000000010004c54        0x9 CMakeFiles/mico.dir/usr/share/pico-sdk/src/rp2_common/hardware_pll/pll.c.obj
 *fill*         0x0000000010004c5d        0x3 
 .rodata._ftoa.str1.4
                0x0000000010004c60       0x15 CMakeFiles/mico.dir/usr/share/pico-sdk/src/rp2_common/pico_printf/printf.c.obj
 *fill*         0x0000000010004c75        0x3 
 .rodata._vsnprintf
                0x0000000010004c78      0x1e0 CMakeFiles/mico.dir/usr/share/pico-sdk/src/rp2_common/pico_printf/printf.c.obj
 .rodata.pow10.0
                0x0000000010004e58       0x50 CMakeFiles/mico.dir/usr/share/pico-sdk/src/rp2_common/pico_printf/printf.c.obj
 .rodata.__aeabi_double_init.str1.4
                0x0000000010004ea8       0xa1 CMakeFiles/mico.dir/usr/share/pico-sdk/src/rp2_common/pico_double/double_init_rom.c.obj
 *fill*         0x0000000010004f49        0x3 
 .rodata.__func__.0
                0x0000000010004f4c       0x14 CMakeFiles/mico.dir/usr/share/pico-sdk/src/rp2_common/pico_double/double_init_rom.c.obj
 .rodata.__aeabi_float_init.str1.4
                0x0000000010004f60       0x73 CMakeFiles/mico.dir/usr/share/pico-sdk/src/rp2_common/pico_float/float_init_rom.c.obj
                                         0x77 (size before relaxing)
 *fill*         0x0000000010004fd3        0x1 
 .rodata.__func__.0
                0x0000000010004fd4       0x13 CMakeFiles/mico.dir/usr/share/pico-sdk/src/rp2_common/pico_float/float_init_rom.c.obj
 *fill*         0x0000000010004fe7        0x1 
 .rodata.str1.4
                0x0000000010004fe8       0x40 CMakeFiles/mico.dir/usr/share/pico-sdk/src/rp2_common/pico_standard_link/binary_info.c.obj
 .rodata.__bi_44
                0x0000000010005028        0xc CMakeFiles/mico.dir/usr/share/pico-sdk/src/rp2_common/pico_standard_link/binary_info.c.obj
 .rodata.__bi_56
                0x0000000010005034        0xc CMakeFiles/mico.dir/usr/share/pico-sdk/src/rp2_common/pico_standard_link/binary_info.c.obj
 .rodata.__bi_75
                0x0000000010005040        0xc CMakeFiles/mico.dir/usr/share/pico-sdk/src/rp2_common/pico_standard_link/binary_info.c.obj
 .rodata.__bi_81
                0x000000001000504c        0xc CMakeFiles/mico.dir/usr/share/pico-sdk/src/rp2_common/pico_standard_link/binary_info.c.obj
 .rodata.crlf_str.3
                0x0000000010005058        0x2 CMakeFiles/mico.dir/usr/share/pico-sdk/src/rp2_common/pico_stdio/stdio.c.obj
 *fill*         0x000000001000505a        0x2 
 .rodata.str1.4
                0x000000001000505c       0x2c CMakeFiles/mico.dir/usr/share/pico-sdk/src/rp2_common/pico_stdio_uart/stdio_uart.c.obj
 .rodata.__bi_28.4
                0x0000000010005088        0xc CMakeFiles/mico.dir/usr/share/pico-sdk/src/rp2_common/pico_stdio_uart/stdio_uart.c.obj
 .rodata.__bi_29.5
                0x0000000010005094        0x8 CMakeFiles/mico.dir/usr/share/pico-sdk/src/rp2_common/pico_stdio_uart/stdio_uart.c.obj
                0x000000001000509c                . = ALIGN (0x4)
 *(SORT_BY_ALIGNMENT(SORT_BY_NAME(.flashdata*)))
                0x000000001000509c                . = ALIGN (0x4)

.rel.dyn        0x000000001000509c        0x0
 .rel.iplt      0x000000001000509c        0x0 /usr/bin/../lib/gcc/arm-none-eabi/10.2.1/thumb/v6-m/nofp/crtbegin.o

.ARM.extab
 *(.ARM.extab* .gnu.linkonce.armextab.*)
                0x000000001000509c                __exidx_start = .

.ARM.exidx
 *(.ARM.exidx* .gnu.linkonce.armexidx.*)
                0x000000001000509c                __exidx_end = .
                0x000000001000509c                . = ALIGN (0x4)
                0x000000001000509c                __binary_info_start = .

.binary_info    0x000000001000509c       0x28
 *(.binary_info.keep.*)
 .binary_info.keep.__bi_ptr22
                0x000000001000509c        0x4 CMakeFiles/mico.dir/usr/share/pico-sdk/src/rp2_common/pico_standard_link/binary_info.c.obj
 .binary_info.keep.__bi_ptr30
                0x00000000100050a0        0x4 CMakeFiles/mico.dir/usr/share/pico-sdk/src/rp2_common/pico_standard_link/binary_info.c.obj
 .binary_info.keep.__bi_ptr38
                0x00000000100050a4        0x4 CMakeFiles/mico.dir/usr/share/pico-sdk/src/rp2_common/pico_standard_link/binary_info.c.obj
 .binary_info.keep.__bi_ptr44
                0x00000000100050a8        0x4 CMakeFiles/mico.dir/usr/share/pico-sdk/src/rp2_common/pico_standard_link/binary_info.c.obj
 .binary_info.keep.__bi_ptr50
                0x00000000100050ac        0x4 CMakeFiles/mico.dir/usr/share/pico-sdk/src/rp2_common/pico_standard_link/binary_info.c.obj
 .binary_info.keep.__bi_ptr56
                0x00000000100050b0        0x4 CMakeFiles/mico.dir/usr/share/pico-sdk/src/rp2_common/pico_standard_link/binary_info.c.obj
 .binary_info.keep.__bi_ptr75
                0x00000000100050b4        0x4 CMakeFiles/mico.dir/usr/share/pico-sdk/src/rp2_common/pico_standard_link/binary_info.c.obj
 .binary_info.keep.__bi_ptr81
                0x00000000100050b8        0x4 CMakeFiles/mico.dir/usr/share/pico-sdk/src/rp2_common/pico_standard_link/binary_info.c.obj
 *(.binary_info.*)
 .binary_info.__bi_ptr28
                0x00000000100050bc        0x4 CMakeFiles/mico.dir/usr/share/pico-sdk/src/rp2_common/pico_stdio_uart/stdio_uart.c.obj
 .binary_info.__bi_ptr29
                0x00000000100050c0        0x4 CMakeFiles/mico.dir/usr/share/pico-sdk/src/rp2_common/pico_stdio_uart/stdio_uart.c.obj
                0x00000000100050c4                __binary_info_end = .
                0x00000000100050c4                . = ALIGN (0x4)
                0x00000000100050c4                __etext = .

.ram_vector_table
                0x0000000020000000       0xc0
 *(.ram_vector_table)
 .ram_vector_table
                0x0000000020000000       0xc0 CMakeFiles/mico.dir/usr/share/pico-sdk/src/rp2_common/pico_runtime/runtime.c.obj
                0x0000000020000000                ram_vector_table

.data           0x00000000200000c0      0x1c0 load address 0x00000000100050c4
                0x00000000200000c0                __data_start__ = .
 *(vtable)
 *(.time_critical*)
 .time_critical.mutex_enter_blocking
                0x00000000200000c0       0x48 CMakeFiles/mico.dir/usr/share/pico-sdk/src/common/pico_sync/mutex.c.obj
                0x00000000200000c0                mutex_enter_blocking
 .time_critical.mutex_try_enter
                0x0000000020000108       0x46 CMakeFiles/mico.dir/usr/share/pico-sdk/src/common/pico_sync/mutex.c.obj
                0x0000000020000108                mutex_try_enter
 *fill*         0x000000002000014e        0x2 
 .time_critical.mutex_exit
                0x0000000020000150       0x4c CMakeFiles/mico.dir/usr/share/pico-sdk/src/common/pico_sync/mutex.c.obj
                0x0000000020000150                mutex_exit
 *(.text*)
 .text          0x000000002000019c        0x4 /usr/bin/../lib/gcc/arm-none-eabi/10.2.1/thumb/v6-m/nofp/libgcc.a(_dvmd_tls.o)
                0x000000002000019c                __aeabi_ldiv0
                0x000000002000019c                __aeabi_idiv0
 .text.__stub   0x00000000200001a0       0x10 linker stubs
                0x00000000200001b0                . = ALIGN (0x4)
 *(.rodata*)
                0x00000000200001b0                . = ALIGN (0x4)
 *(.data*)
 .data.striped_spin_lock_num
                0x00000000200001b0        0x1 CMakeFiles/mico.dir/usr/share/pico-sdk/src/rp2_common/hardware_sync/sync.c.obj
 *fill*         0x00000000200001b1        0x3 
 .data.default_alarm_pool
                0x00000000200001b4       0x18 CMakeFiles/mico.dir/usr/share/pico-sdk/src/common/pico_time/time.c.obj
 .data.default_alarm_pool_heap
                0x00000000200001cc       0x10 CMakeFiles/mico.dir/usr/share/pico-sdk/src/common/pico_time/time.c.obj
 .data          0x00000000200001dc       0x48 CMakeFiles/mico.dir/usr/share/pico-sdk/src/rp2_common/hardware_irq/irq_handler_chain.S.obj
                0x00000000200001dc                irq_handler_chain_slots
                0x000000002000020c                irq_handler_chain_first_slot
                0x0000000020000216                irq_handler_chain_remove_tail
 *fill*         0x0000000020000224        0xc 
 .data.aeabi_bits_funcs
                0x0000000020000230       0x10 CMakeFiles/mico.dir/usr/share/pico-sdk/src/rp2_common/pico_bit_ops/bit_ops_aeabi.S.obj
                0x0000000020000230                aeabi_bits_funcs
                0x0000000020000240                aeabi_bits_funcs_end
 .data.aeabi_mem_funcs
                0x0000000020000240       0x10 CMakeFiles/mico.dir/usr/share/pico-sdk/src/rp2_common/pico_mem_ops/mem_ops_aeabi.S.obj
                0x0000000020000240                aeabi_mem_funcs
                0x0000000020000250                aeabi_mem_funcs_end
 .data.stdio_uart
                0x0000000020000250       0x14 CMakeFiles/mico.dir/usr/share/pico-sdk/src/rp2_common/pico_stdio_uart/stdio_uart.c.obj
                0x0000000020000250                stdio_uart
                0x0000000020000264                . = ALIGN (0x4)
 *(.after_data.*)
                0x0000000020000264                . = ALIGN (0x4)
                0x0000000020000264                PROVIDE (__mutex_array_start = .)
 *(SORT_BY_NAME(.mutex_array.*))
 *(.mutex_array)
 .mutex_array   0x0000000020000264        0x8 CMakeFiles/mico.dir/usr/share/pico-sdk/src/rp2_common/pico_stdio/stdio.c.obj
                0x000000002000026c                PROVIDE (__mutex_array_end = .)
                0x000000002000026c                . = ALIGN (0x4)
                0x000000002000026c                PROVIDE (__preinit_array_start = .)
 *(SORT_BY_NAME(.preinit_array.*))
 .preinit_array.00001
                0x000000002000026c        0x4 CMakeFiles/mico.dir/usr/share/pico-sdk/src/rp2_common/pico_mem_ops/mem_ops_aeabi.S.obj
 .preinit_array.00010
                0x0000000020000270        0x4 CMakeFiles/mico.dir/usr/share/pico-sdk/src/rp2_common/pico_bit_ops/bit_ops_aeabi.S.obj
 .preinit_array.00020
                0x0000000020000274        0x4 CMakeFiles/mico.dir/usr/share/pico-sdk/src/rp2_common/pico_double/double_aeabi.S.obj
 .preinit_array.00020
                0x0000000020000278        0x4 CMakeFiles/mico.dir/usr/share/pico-sdk/src/rp2_common/pico_float/float_aeabi.S.obj
 *(.preinit_array)
                0x000000002000027c                PROVIDE (__preinit_array_end = .)
                0x000000002000027c                . = ALIGN (0x4)
                0x000000002000027c                PROVIDE (__init_array_start = .)
 *(SORT_BY_NAME(.init_array.*))
 *(.init_array)
 .init_array    0x000000002000027c        0x4 /usr/bin/../lib/gcc/arm-none-eabi/10.2.1/thumb/v6-m/nofp/crtbegin.o
                0x0000000020000280                PROVIDE (__init_array_end = .)
                0x0000000020000280                . = ALIGN (0x4)
                [!provide]                        PROVIDE (__fini_array_start = .)
 *(SORT_BY_NAME(.fini_array.*))
 *(.fini_array)
                [!provide]                        PROVIDE (__fini_array_end = .)
 *(.jcr)
                0x0000000020000280                . = ALIGN (0x4)
                0x0000000020000280                __data_end__ = .

.igot.plt       0x0000000020000280        0x0 load address 0x0000000010005284
 .igot.plt      0x0000000020000280        0x0 /usr/bin/../lib/gcc/arm-none-eabi/10.2.1/thumb/v6-m/nofp/crtbegin.o

.uninitialized_data
                0x0000000020000280        0x0 load address 0x0000000010005284
                0x0000000020000280                . = ALIGN (0x4)
 *(.uninitialized_data*)

.scratch_x      0x0000000020040000        0x0 load address 0x0000000010005284
                0x0000000020040000                __scratch_x_start__ = .
 *(.scratch_x.*)
                0x0000000020040000                . = ALIGN (0x4)
                0x0000000020040000                __scratch_x_end__ = .
                0x0000000010005284                __scratch_x_source__ = LOADADDR (.scratch_x)

.scratch_y      0x0000000020041000        0x0 load address 0x0000000010005284
                0x0000000020041000                __scratch_y_start__ = .
 *(.scratch_y.*)
                0x0000000020041000                . = ALIGN (0x4)
                0x0000000020041000                __scratch_y_end__ = .
                0x0000000010005284                __scratch_y_source__ = LOADADDR (.scratch_y)

.bss            0x0000000020000280      0x3d0
                0x0000000020000280                . = ALIGN (0x4)
                0x0000000020000280                __bss_start__ = .
 *(SORT_BY_ALIGNMENT(SORT_BY_NAME(.bss*)))
 .bss.default_alarm_pool_entries
                0x0000000020000280      0x100 CMakeFiles/mico.dir/usr/share/pico-sdk/src/common/pico_time/time.c.obj
 .bss           0x0000000020000380       0x1c /usr/bin/../lib/gcc/arm-none-eabi/10.2.1/thumb/v6-m/nofp/crtbegin.o
 .bss.alarm_callbacks
                0x000000002000039c       0x10 CMakeFiles/mico.dir/usr/share/pico-sdk/src/rp2_common/hardware_timer/timer.c.obj
 .bss.configured_freq
                0x00000000200003ac       0x28 CMakeFiles/mico.dir/usr/share/pico-sdk/src/rp2_common/hardware_clocks/clocks.c.obj
 .bss.default_alarm_pool_entry_ids_high
                0x00000000200003d4       0x10 CMakeFiles/mico.dir/usr/share/pico-sdk/src/common/pico_time/time.c.obj
 .bss.default_alarm_pool_heap_nodes
                0x00000000200003e4       0x30 CMakeFiles/mico.dir/usr/share/pico-sdk/src/common/pico_time/time.c.obj
 .bss.drivers   0x0000000020000414        0x4 CMakeFiles/mico.dir/usr/share/pico-sdk/src/rp2_common/pico_stdio/stdio.c.obj
 .bss.filter    0x0000000020000418        0x4 CMakeFiles/mico.dir/usr/share/pico-sdk/src/rp2_common/pico_stdio/stdio.c.obj
 .bss.pools     0x000000002000041c       0x10 CMakeFiles/mico.dir/usr/share/pico-sdk/src/common/pico_time/time.c.obj
 .bss.sd_table  0x000000002000042c      0x100 CMakeFiles/mico.dir/usr/share/pico-sdk/src/rp2_common/pico_double/double_init_rom.c.obj
                0x000000002000042c                sd_table
 .bss.sf_clz_func
                0x000000002000052c        0x4 CMakeFiles/mico.dir/usr/share/pico-sdk/src/rp2_common/pico_double/double_init_rom.c.obj
                0x000000002000052c                sf_clz_func
 .bss.sf_table  0x0000000020000530      0x100 CMakeFiles/mico.dir/usr/share/pico-sdk/src/rp2_common/pico_float/float_init_rom.c.obj
                0x0000000020000530                sf_table
 .bss.sleep_notifier
                0x0000000020000630        0x4 CMakeFiles/mico.dir/usr/share/pico-sdk/src/common/pico_time/time.c.obj
 .bss.target_hi
                0x0000000020000634       0x10 CMakeFiles/mico.dir/usr/share/pico-sdk/src/rp2_common/hardware_timer/timer.c.obj
 .bss.uart_char_to_line_feed
                0x0000000020000644        0x4 CMakeFiles/mico.dir/usr/share/pico-sdk/src/rp2_common/hardware_uart/uart.c.obj
                0x0000000020000644                uart_char_to_line_feed
 .bss.uart_instance
                0x0000000020000648        0x4 CMakeFiles/mico.dir/usr/share/pico-sdk/src/rp2_common/pico_stdio_uart/stdio_uart.c.obj
 .bss.claimed   0x000000002000064c        0x1 CMakeFiles/mico.dir/usr/share/pico-sdk/src/rp2_common/hardware_timer/timer.c.obj
 .bss.irq_hander_chain_free_slot_head
                0x000000002000064d        0x1 CMakeFiles/mico.dir/usr/share/pico-sdk/src/rp2_common/hardware_irq/irq.c.obj
 .bss.timer_callbacks_pending
                0x000000002000064e        0x1 CMakeFiles/mico.dir/usr/share/pico-sdk/src/rp2_common/hardware_timer/timer.c.obj
 *(COMMON)
                0x0000000020000650                . = ALIGN (0x4)
 *fill*         0x000000002000064f        0x1 
                0x0000000020000650                __bss_end__ = .

.heap           0x0000000020000650      0x800
                0x0000000020000650                __end__ = .
                0x0000000020000650                end = __end__
 *(.heap*)
 .heap          0x0000000020000650      0x800 CMakeFiles/mico.dir/usr/share/pico-sdk/src/rp2_common/pico_standard_link/crt0.S.obj
                0x0000000020000e50                __HeapLimit = .

.stack1_dummy   0x0000000020040000        0x0
 *(.stack1*)

.stack_dummy    0x0000000020041000      0x800
 *(.stack*)
 .stack         0x0000000020041000      0x800 CMakeFiles/mico.dir/usr/share/pico-sdk/src/rp2_common/pico_standard_link/crt0.S.obj

.flash_end      0x0000000010005284        0x0
                0x0000000010005284                __flash_binary_end = .
                0x0000000020040000                __StackLimit = (ORIGIN (RAM) + LENGTH (RAM))
                0x0000000020041000                __StackOneTop = (ORIGIN (SCRATCH_X) + LENGTH (SCRATCH_X))
                0x0000000020042000                __StackTop = (ORIGIN (SCRATCH_Y) + LENGTH (SCRATCH_Y))
                0x0000000020041000                __StackOneBottom = (__StackOneTop - SIZEOF (.stack1_dummy))
                0x0000000020041800                __StackBottom = (__StackTop - SIZEOF (.stack_dummy))
                0x0000000020042000                PROVIDE (__stack = __StackTop)
                0x0000000000000001                ASSERT ((__StackLimit >= __HeapLimit), region RAM overflowed)
                0x0000000000000001                ASSERT (((__binary_info_header_end - __logical_binary_start) <= 0x100), Binary info must be in first 256 bytes of the binary)
LOAD CMakeFiles/mico.dir/mico.cpp.obj
LOAD CMakeFiles/mico.dir/usr/share/pico-sdk/src/rp2_common/pico_stdlib/stdlib.c.obj
LOAD CMakeFiles/mico.dir/usr/share/pico-sdk/src/rp2_common/hardware_gpio/gpio.c.obj
LOAD CMakeFiles/mico.dir/usr/share/pico-sdk/src/rp2_common/hardware_claim/claim.c.obj
LOAD CMakeFiles/mico.dir/usr/share/pico-sdk/src/rp2_common/pico_platform/platform.c.obj
LOAD CMakeFiles/mico.dir/usr/share/pico-sdk/src/rp2_common/hardware_sync/sync.c.obj
LOAD CMakeFiles/mico.dir/usr/share/pico-sdk/src/rp2_common/hardware_uart/uart.c.obj
LOAD CMakeFiles/mico.dir/usr/share/pico-sdk/src/rp2_common/hardware_divider/divider.S.obj
LOAD CMakeFiles/mico.dir/usr/share/pico-sdk/src/common/pico_time/time.c.obj
LOAD CMakeFiles/mico.dir/usr/share/pico-sdk/src/common/pico_time/timeout_helper.c.obj
LOAD CMakeFiles/mico.dir/usr/share/pico-sdk/src/rp2_common/hardware_timer/timer.c.obj
LOAD CMakeFiles/mico.dir/usr/share/pico-sdk/src/common/pico_sync/sem.c.obj
LOAD CMakeFiles/mico.dir/usr/share/pico-sdk/src/common/pico_sync/lock_core.c.obj
LOAD CMakeFiles/mico.dir/usr/share/pico-sdk/src/common/pico_sync/mutex.c.obj
LOAD CMakeFiles/mico.dir/usr/share/pico-sdk/src/common/pico_sync/critical_section.c.obj
LOAD CMakeFiles/mico.dir/usr/share/pico-sdk/src/common/pico_util/datetime.c.obj
LOAD CMakeFiles/mico.dir/usr/share/pico-sdk/src/common/pico_util/pheap.c.obj
LOAD CMakeFiles/mico.dir/usr/share/pico-sdk/src/common/pico_util/queue.c.obj
LOAD CMakeFiles/mico.dir/usr/share/pico-sdk/src/rp2_common/pico_runtime/runtime.c.obj
LOAD CMakeFiles/mico.dir/usr/share/pico-sdk/src/rp2_common/hardware_clocks/clocks.c.obj
LOAD CMakeFiles/mico.dir/usr/share/pico-sdk/src/rp2_common/hardware_irq/irq.c.obj
LOAD CMakeFiles/mico.dir/usr/share/pico-sdk/src/rp2_common/hardware_irq/irq_handler_chain.S.obj
LOAD CMakeFiles/mico.dir/usr/share/pico-sdk/src/rp2_common/hardware_pll/pll.c.obj
LOAD CMakeFiles/mico.dir/usr/share/pico-sdk/src/rp2_common/hardware_vreg/vreg.c.obj
LOAD CMakeFiles/mico.dir/usr/share/pico-sdk/src/rp2_common/hardware_watchdog/watchdog.c.obj
LOAD CMakeFiles/mico.dir/usr/share/pico-sdk/src/rp2_common/hardware_xosc/xosc.c.obj
LOAD CMakeFiles/mico.dir/usr/share/pico-sdk/src/rp2_common/pico_printf/printf.c.obj
LOAD CMakeFiles/mico.dir/usr/share/pico-sdk/src/rp2_common/pico_bit_ops/bit_ops_aeabi.S.obj
LOAD CMakeFiles/mico.dir/usr/share/pico-sdk/src/rp2_common/pico_bootrom/bootrom.c.obj
LOAD CMakeFiles/mico.dir/usr/share/pico-sdk/src/rp2_common/pico_divider/divider.S.obj
LOAD CMakeFiles/mico.dir/usr/share/pico-sdk/src/rp2_common/pico_double/double_aeabi.S.obj
LOAD CMakeFiles/mico.dir/usr/share/pico-sdk/src/rp2_common/pico_double/double_init_rom.c.obj
LOAD CMakeFiles/mico.dir/usr/share/pico-sdk/src/rp2_common/pico_double/double_math.c.obj
LOAD CMakeFiles/mico.dir/usr/share/pico-sdk/src/rp2_common/pico_double/double_v1_rom_shim.S.obj
LOAD CMakeFiles/mico.dir/usr/share/pico-sdk/src/rp2_common/pico_int64_ops/pico_int64_ops_aeabi.S.obj
LOAD CMakeFiles/mico.dir/usr/share/pico-sdk/src/rp2_common/pico_float/float_aeabi.S.obj
LOAD CMakeFiles/mico.dir/usr/share/pico-sdk/src/rp2_common/pico_float/float_init_rom.c.obj
LOAD CMakeFiles/mico.dir/usr/share/pico-sdk/src/rp2_common/pico_float/float_math.c.obj
LOAD CMakeFiles/mico.dir/usr/share/pico-sdk/src/rp2_common/pico_float/float_v1_rom_shim.S.obj
LOAD CMakeFiles/mico.dir/usr/share/pico-sdk/src/rp2_common/pico_malloc/pico_malloc.c.obj
LOAD CMakeFiles/mico.dir/usr/share/pico-sdk/src/rp2_common/pico_mem_ops/mem_ops_aeabi.S.obj
LOAD CMakeFiles/mico.dir/usr/share/pico-sdk/src/rp2_common/pico_standard_link/crt0.S.obj
LOAD CMakeFiles/mico.dir/usr/share/pico-sdk/src/rp2_common/pico_standard_link/new_delete.cpp.obj
LOAD CMakeFiles/mico.dir/usr/share/pico-sdk/src/rp2_common/pico_standard_link/binary_info.c.obj
LOAD CMakeFiles/mico.dir/usr/share/pico-sdk/src/rp2_common/pico_stdio/stdio.c.obj
LOAD CMakeFiles/mico.dir/usr/share/pico-sdk/src/rp2_common/pico_stdio_uart/stdio_uart.c.obj
LOAD CMakeFiles/mico.dir/usr/share/pico-sdk/src/rp2_common/hardware_pio/pio.c.obj
LOAD CMakeFiles/mico.dir/usr/share/pico-sdk/src/rp2_common/hardware_interp/interp.c.obj
LOAD /tmp/ccAidrTy.o
LOAD /usr/bin/../lib/gcc/arm-none-eabi/10.2.1/../../../../arm-none-eabi/lib/thumb/v6-m/nofp/libstdc++.a
LOAD /usr/bin/../lib/gcc/arm-none-eabi/10.2.1/../../../../arm-none-eabi/lib/thumb/v6-m/nofp/libm.a
START GROUP
LOAD /usr/bin/../lib/gcc/arm-none-eabi/10.2.1/thumb/v6-m/nofp/libgcc.a
LOAD /usr/bin/../lib/gcc/arm-none-eabi/10.2.1/../../../../arm-none-eabi/lib/thumb/v6-m/nofp/libg.a
LOAD /usr/bin/../lib/gcc/arm-none-eabi/10.2.1/../../../../arm-none-eabi/lib/thumb/v6-m/nofp/libc.a
END GROUP
START GROUP
LOAD /usr/bin/../lib/gcc/arm-none-eabi/10.2.1/thumb/v6-m/nofp/libgcc.a
LOAD /usr/bin/../lib/gcc/arm-none-eabi/10.2.1/../../../../arm-none-eabi/lib/thumb/v6-m/nofp/libc.a
LOAD /usr/bin/../lib/gcc/arm-none-eabi/10.2.1/../../../../arm-none-eabi/lib/thumb/v6-m/nofp/libnosys.a
END GROUP
LOAD /usr/bin/../lib/gcc/arm-none-eabi/10.2.1/thumb/v6-m/nofp/crtend.o
LOAD /usr/bin/../lib/gcc/arm-none-eabi/10.2.1/thumb/v6-m/nofp/crtn.o
OUTPUT(mico.elf elf32-littlearm)
LOAD linker stubs

.ARM.attributes
                0x0000000000000000       0x28
 .ARM.attributes
                0x0000000000000000       0x1e /usr/bin/../lib/gcc/arm-none-eabi/10.2.1/thumb/v6-m/nofp/crti.o
 .ARM.attributes
                0x000000000000001e       0x2c /usr/bin/../lib/gcc/arm-none-eabi/10.2.1/thumb/v6-m/nofp/crtbegin.o
 .ARM.attributes
                0x000000000000004a       0x2c CMakeFiles/mico.dir/mico.cpp.obj
 .ARM.attributes
                0x0000000000000076       0x2c CMakeFiles/mico.dir/usr/share/pico-sdk/src/rp2_common/hardware_gpio/gpio.c.obj
 .ARM.attributes
                0x00000000000000a2       0x2c CMakeFiles/mico.dir/usr/share/pico-sdk/src/rp2_common/hardware_claim/claim.c.obj
 .ARM.attributes
                0x00000000000000ce       0x2c CMakeFiles/mico.dir/usr/share/pico-sdk/src/rp2_common/pico_platform/platform.c.obj
 .ARM.attributes
                0x00000000000000fa       0x2c CMakeFiles/mico.dir/usr/share/pico-sdk/src/rp2_common/hardware_sync/sync.c.obj
 .ARM.attributes
                0x0000000000000126       0x2c CMakeFiles/mico.dir/usr/share/pico-sdk/src/rp2_common/hardware_uart/uart.c.obj
 .ARM.attributes
                0x0000000000000152       0x22 CMakeFiles/mico.dir/usr/share/pico-sdk/src/rp2_common/hardware_divider/divider.S.obj
 .ARM.attributes
                0x0000000000000174       0x2c CMakeFiles/mico.dir/usr/share/pico-sdk/src/common/pico_time/time.c.obj
 .ARM.attributes
                0x00000000000001a0       0x2c CMakeFiles/mico.dir/usr/share/pico-sdk/src/rp2_common/hardware_timer/timer.c.obj
 .ARM.attributes
                0x00000000000001cc       0x2c CMakeFiles/mico.dir/usr/share/pico-sdk/src/common/pico_sync/lock_core.c.obj
 .ARM.attributes
                0x00000000000001f8       0x2c CMakeFiles/mico.dir/usr/share/pico-sdk/src/common/pico_sync/mutex.c.obj
 .ARM.attributes
                0x0000000000000224       0x2c CMakeFiles/mico.dir/usr/share/pico-sdk/src/common/pico_util/pheap.c.obj
 .ARM.attributes
                0x0000000000000250       0x2c CMakeFiles/mico.dir/usr/share/pico-sdk/src/rp2_common/pico_runtime/runtime.c.obj
 .ARM.attributes
                0x000000000000027c       0x2c CMakeFiles/mico.dir/usr/share/pico-sdk/src/rp2_common/hardware_clocks/clocks.c.obj
 .ARM.attributes
                0x00000000000002a8       0x2c CMakeFiles/mico.dir/usr/share/pico-sdk/src/rp2_common/hardware_irq/irq.c.obj
 .ARM.attributes
                0x00000000000002d4       0x22 CMakeFiles/mico.dir/usr/share/pico-sdk/src/rp2_common/hardware_irq/irq_handler_chain.S.obj
 .ARM.attributes
                0x00000000000002f6       0x2c CMakeFiles/mico.dir/usr/share/pico-sdk/src/rp2_common/hardware_pll/pll.c.obj
 .ARM.attributes
                0x0000000000000322       0x2c CMakeFiles/mico.dir/usr/share/pico-sdk/src/rp2_common/hardware_watchdog/watchdog.c.obj
 .ARM.attributes
                0x000000000000034e       0x2c CMakeFiles/mico.dir/usr/share/pico-sdk/src/rp2_common/hardware_xosc/xosc.c.obj
 .ARM.attributes
                0x000000000000037a       0x2c CMakeFiles/mico.dir/usr/share/pico-sdk/src/rp2_common/pico_printf/printf.c.obj
 .ARM.attributes
                0x00000000000003a6       0x22 CMakeFiles/mico.dir/usr/share/pico-sdk/src/rp2_common/pico_bit_ops/bit_ops_aeabi.S.obj
 .ARM.attributes
                0x00000000000003c8       0x2c CMakeFiles/mico.dir/usr/share/pico-sdk/src/rp2_common/pico_bootrom/bootrom.c.obj
 .ARM.attributes
                0x00000000000003f4       0x22 CMakeFiles/mico.dir/usr/share/pico-sdk/src/rp2_common/pico_divider/divider.S.obj
 .ARM.attributes
                0x0000000000000416       0x22 CMakeFiles/mico.dir/usr/share/pico-sdk/src/rp2_common/pico_double/double_aeabi.S.obj
 .ARM.attributes
                0x0000000000000438       0x2c CMakeFiles/mico.dir/usr/share/pico-sdk/src/rp2_common/pico_double/double_init_rom.c.obj
 .ARM.attributes
                0x0000000000000464       0x22 CMakeFiles/mico.dir/usr/share/pico-sdk/src/rp2_common/pico_double/double_v1_rom_shim.S.obj
 .ARM.attributes
                0x0000000000000486       0x22 CMakeFiles/mico.dir/usr/share/pico-sdk/src/rp2_common/pico_float/float_aeabi.S.obj
 .ARM.attributes
                0x00000000000004a8       0x2c CMakeFiles/mico.dir/usr/share/pico-sdk/src/rp2_common/pico_float/float_init_rom.c.obj
 .ARM.attributes
                0x00000000000004d4       0x22 CMakeFiles/mico.dir/usr/share/pico-sdk/src/rp2_common/pico_float/float_v1_rom_shim.S.obj
 .ARM.attributes
                0x00000000000004f6       0x22 CMakeFiles/mico.dir/usr/share/pico-sdk/src/rp2_common/pico_mem_ops/mem_ops_aeabi.S.obj
 .ARM.attributes
                0x0000000000000518       0x22 CMakeFiles/mico.dir/usr/share/pico-sdk/src/rp2_common/pico_standard_link/crt0.S.obj
 .ARM.attributes
                0x000000000000053a       0x32 CMakeFiles/mico.dir/usr/share/pico-sdk/src/rp2_common/pico_standard_link/binary_info.c.obj
 .ARM.attributes
                0x000000000000056c       0x2c CMakeFiles/mico.dir/usr/share/pico-sdk/src/rp2_common/pico_stdio/stdio.c.obj
 .ARM.attributes
                0x0000000000000598       0x2c CMakeFiles/mico.dir/usr/share/pico-sdk/src/rp2_common/pico_stdio_uart/stdio_uart.c.obj
 .ARM.attributes
                0x00000000000005c4       0x22 /tmp/ccAidrTy.o
 .ARM.attributes
                0x00000000000005e6       0x1e /usr/bin/../lib/gcc/arm-none-eabi/10.2.1/thumb/v6-m/nofp/libgcc.a(_dvmd_tls.o)
 .ARM.attributes
                0x0000000000000604       0x2c /usr/bin/../lib/gcc/arm-none-eabi/10.2.1/../../../../arm-none-eabi/lib/thumb/v6-m/nofp/libg.a(lib_a-strlen-stub.o)

.comment        0x0000000000000000       0x4d
 .comment       0x0000000000000000       0x4d CMakeFiles/mico.dir/mico.cpp.obj
                                         0x4e (size before relaxing)
 .comment       0x000000000000004d       0x4e CMakeFiles/mico.dir/usr/share/pico-sdk/src/rp2_common/hardware_gpio/gpio.c.obj
 .comment       0x000000000000004d       0x4e CMakeFiles/mico.dir/usr/share/pico-sdk/src/rp2_common/hardware_claim/claim.c.obj
 .comment       0x000000000000004d       0x4e CMakeFiles/mico.dir/usr/share/pico-sdk/src/rp2_common/pico_platform/platform.c.obj
 .comment       0x000000000000004d       0x4e CMakeFiles/mico.dir/usr/share/pico-sdk/src/rp2_common/hardware_sync/sync.c.obj
 .comment       0x000000000000004d       0x4e CMakeFiles/mico.dir/usr/share/pico-sdk/src/rp2_common/hardware_uart/uart.c.obj
 .comment       0x000000000000004d       0x4e CMakeFiles/mico.dir/usr/share/pico-sdk/src/common/pico_time/time.c.obj
 .comment       0x000000000000004d       0x4e CMakeFiles/mico.dir/usr/share/pico-sdk/src/rp2_common/hardware_timer/timer.c.obj
 .comment       0x000000000000004d       0x4e CMakeFiles/mico.dir/usr/share/pico-sdk/src/common/pico_sync/lock_core.c.obj
 .comment       0x000000000000004d       0x4e CMakeFiles/mico.dir/usr/share/pico-sdk/src/common/pico_sync/mutex.c.obj
 .comment       0x000000000000004d       0x4e CMakeFiles/mico.dir/usr/share/pico-sdk/src/common/pico_util/pheap.c.obj
 .comment       0x000000000000004d       0x4e CMakeFiles/mico.dir/usr/share/pico-sdk/src/rp2_common/pico_runtime/runtime.c.obj
 .comment       0x000000000000004d       0x4e CMakeFiles/mico.dir/usr/share/pico-sdk/src/rp2_common/hardware_clocks/clocks.c.obj
 .comment       0x000000000000004d       0x4e CMakeFiles/mico.dir/usr/share/pico-sdk/src/rp2_common/hardware_irq/irq.c.obj
 .comment       0x000000000000004d       0x4e CMakeFiles/mico.dir/usr/share/pico-sdk/src/rp2_common/hardware_pll/pll.c.obj
 .comment       0x000000000000004d       0x4e CMakeFiles/mico.dir/usr/share/pico-sdk/src/rp2_common/hardware_watchdog/watchdog.c.obj
 .comment       0x000000000000004d       0x4e CMakeFiles/mico.dir/usr/share/pico-sdk/src/rp2_common/hardware_xosc/xosc.c.obj
 .comment       0x000000000000004d       0x4e CMakeFiles/mico.dir/usr/share/pico-sdk/src/rp2_common/pico_printf/printf.c.obj
 .comment       0x000000000000004d       0x4e CMakeFiles/mico.dir/usr/share/pico-sdk/src/rp2_common/pico_bootrom/bootrom.c.obj
 .comment       0x000000000000004d       0x4e CMakeFiles/mico.dir/usr/share/pico-sdk/src/rp2_common/pico_double/double_init_rom.c.obj
 .comment       0x000000000000004d       0x4e CMakeFiles/mico.dir/usr/share/pico-sdk/src/rp2_common/pico_float/float_init_rom.c.obj
 .comment       0x000000000000004d       0x4e CMakeFiles/mico.dir/usr/share/pico-sdk/src/rp2_common/pico_standard_link/binary_info.c.obj
 .comment       0x000000000000004d       0x4e CMakeFiles/mico.dir/usr/share/pico-sdk/src/rp2_common/pico_stdio/stdio.c.obj
 .comment       0x000000000000004d       0x4e CMakeFiles/mico.dir/usr/share/pico-sdk/src/rp2_common/pico_stdio_uart/stdio_uart.c.obj

.debug_info     0x0000000000000000    0x14354
 .debug_info    0x0000000000000000      0xf71 CMakeFiles/mico.dir/mico.cpp.obj
 .debug_info    0x0000000000000f71     0x1491 CMakeFiles/mico.dir/usr/share/pico-sdk/src/rp2_common/hardware_gpio/gpio.c.obj
 .debug_info    0x0000000000002402      0x6bb CMakeFiles/mico.dir/usr/share/pico-sdk/src/rp2_common/hardware_claim/claim.c.obj
 .debug_info    0x0000000000002abd      0x1e3 CMakeFiles/mico.dir/usr/share/pico-sdk/src/rp2_common/pico_platform/platform.c.obj
 .debug_info    0x0000000000002ca0      0x58e CMakeFiles/mico.dir/usr/share/pico-sdk/src/rp2_common/hardware_sync/sync.c.obj
 .debug_info    0x000000000000322e      0xb65 CMakeFiles/mico.dir/usr/share/pico-sdk/src/rp2_common/hardware_uart/uart.c.obj
 .debug_info    0x0000000000003d93       0x22 CMakeFiles/mico.dir/usr/share/pico-sdk/src/rp2_common/hardware_divider/divider.S.obj
 .debug_info    0x0000000000003db5     0x3b3b CMakeFiles/mico.dir/usr/share/pico-sdk/src/common/pico_time/time.c.obj
 .debug_info    0x00000000000078f0     0x1134 CMakeFiles/mico.dir/usr/share/pico-sdk/src/rp2_common/hardware_timer/timer.c.obj
 .debug_info    0x0000000000008a24      0x1a4 CMakeFiles/mico.dir/usr/share/pico-sdk/src/common/pico_sync/lock_core.c.obj
 .debug_info    0x0000000000008bc8     0x2022 CMakeFiles/mico.dir/usr/share/pico-sdk/src/common/pico_sync/mutex.c.obj
 .debug_info    0x000000000000abea     0x120c CMakeFiles/mico.dir/usr/share/pico-sdk/src/common/pico_util/pheap.c.obj
 .debug_info    0x000000000000bdf6      0xa87 CMakeFiles/mico.dir/usr/share/pico-sdk/src/rp2_common/pico_runtime/runtime.c.obj
 .debug_info    0x000000000000c87d      0xf6c CMakeFiles/mico.dir/usr/share/pico-sdk/src/rp2_common/hardware_clocks/clocks.c.obj
 .debug_info    0x000000000000d7e9     0x1968 CMakeFiles/mico.dir/usr/share/pico-sdk/src/rp2_common/hardware_irq/irq.c.obj
 .debug_info    0x000000000000f151       0x26 CMakeFiles/mico.dir/usr/share/pico-sdk/src/rp2_common/hardware_irq/irq_handler_chain.S.obj
 .debug_info    0x000000000000f177      0x51b CMakeFiles/mico.dir/usr/share/pico-sdk/src/rp2_common/hardware_pll/pll.c.obj
 .debug_info    0x000000000000f692      0x4ee CMakeFiles/mico.dir/usr/share/pico-sdk/src/rp2_common/hardware_watchdog/watchdog.c.obj
 .debug_info    0x000000000000fb80      0x1d8 CMakeFiles/mico.dir/usr/share/pico-sdk/src/rp2_common/hardware_xosc/xosc.c.obj
 .debug_info    0x000000000000fd58     0x1a5f CMakeFiles/mico.dir/usr/share/pico-sdk/src/rp2_common/pico_printf/printf.c.obj
 .debug_info    0x00000000000117b7       0x22 CMakeFiles/mico.dir/usr/share/pico-sdk/src/rp2_common/pico_bit_ops/bit_ops_aeabi.S.obj
 .debug_info    0x00000000000117d9      0x27c CMakeFiles/mico.dir/usr/share/pico-sdk/src/rp2_common/pico_bootrom/bootrom.c.obj
 .debug_info    0x0000000000011a55       0x22 CMakeFiles/mico.dir/usr/share/pico-sdk/src/rp2_common/pico_divider/divider.S.obj
 .debug_info    0x0000000000011a77       0x22 CMakeFiles/mico.dir/usr/share/pico-sdk/src/rp2_common/pico_double/double_aeabi.S.obj
 .debug_info    0x0000000000011a99      0x2d1 CMakeFiles/mico.dir/usr/share/pico-sdk/src/rp2_common/pico_double/double_init_rom.c.obj
 .debug_info    0x0000000000011d6a       0x22 CMakeFiles/mico.dir/usr/share/pico-sdk/src/rp2_common/pico_double/double_v1_rom_shim.S.obj
 .debug_info    0x0000000000011d8c       0x22 CMakeFiles/mico.dir/usr/share/pico-sdk/src/rp2_common/pico_float/float_aeabi.S.obj
 .debug_info    0x0000000000011dae      0x2eb CMakeFiles/mico.dir/usr/share/pico-sdk/src/rp2_common/pico_float/float_init_rom.c.obj
 .debug_info    0x0000000000012099       0x22 CMakeFiles/mico.dir/usr/share/pico-sdk/src/rp2_common/pico_float/float_v1_rom_shim.S.obj
 .debug_info    0x00000000000120bb       0x22 CMakeFiles/mico.dir/usr/share/pico-sdk/src/rp2_common/pico_mem_ops/mem_ops_aeabi.S.obj
 .debug_info    0x00000000000120dd       0x22 CMakeFiles/mico.dir/usr/share/pico-sdk/src/rp2_common/pico_standard_link/crt0.S.obj
 .debug_info    0x00000000000120ff      0x327 CMakeFiles/mico.dir/usr/share/pico-sdk/src/rp2_common/pico_standard_link/binary_info.c.obj
 .debug_info    0x0000000000012426     0x12ed CMakeFiles/mico.dir/usr/share/pico-sdk/src/rp2_common/pico_stdio/stdio.c.obj
 .debug_info    0x0000000000013713      0xc41 CMakeFiles/mico.dir/usr/share/pico-sdk/src/rp2_common/pico_stdio_uart/stdio_uart.c.obj

.debug_abbrev   0x0000000000000000     0x414b
 .debug_abbrev  0x0000000000000000      0x399 CMakeFiles/mico.dir/mico.cpp.obj
 .debug_abbrev  0x0000000000000399      0x2c4 CMakeFiles/mico.dir/usr/share/pico-sdk/src/rp2_common/hardware_gpio/gpio.c.obj
 .debug_abbrev  0x000000000000065d      0x2e9 CMakeFiles/mico.dir/usr/share/pico-sdk/src/rp2_common/hardware_claim/claim.c.obj
 .debug_abbrev  0x0000000000000946       0xeb CMakeFiles/mico.dir/usr/share/pico-sdk/src/rp2_common/pico_platform/platform.c.obj
 .debug_abbrev  0x0000000000000a31      0x21b CMakeFiles/mico.dir/usr/share/pico-sdk/src/rp2_common/hardware_sync/sync.c.obj
 .debug_abbrev  0x0000000000000c4c      0x2d2 CMakeFiles/mico.dir/usr/share/pico-sdk/src/rp2_common/hardware_uart/uart.c.obj
 .debug_abbrev  0x0000000000000f1e       0x12 CMakeFiles/mico.dir/usr/share/pico-sdk/src/rp2_common/hardware_divider/divider.S.obj
 .debug_abbrev  0x0000000000000f30      0x54d CMakeFiles/mico.dir/usr/share/pico-sdk/src/common/pico_time/time.c.obj
 .debug_abbrev  0x000000000000147d      0x3a2 CMakeFiles/mico.dir/usr/share/pico-sdk/src/rp2_common/hardware_timer/timer.c.obj
 .debug_abbrev  0x000000000000181f      0x116 CMakeFiles/mico.dir/usr/share/pico-sdk/src/common/pico_sync/lock_core.c.obj
 .debug_abbrev  0x0000000000001935      0x386 CMakeFiles/mico.dir/usr/share/pico-sdk/src/common/pico_sync/mutex.c.obj
 .debug_abbrev  0x0000000000001cbb      0x297 CMakeFiles/mico.dir/usr/share/pico-sdk/src/common/pico_util/pheap.c.obj
 .debug_abbrev  0x0000000000001f52      0x3aa CMakeFiles/mico.dir/usr/share/pico-sdk/src/rp2_common/pico_runtime/runtime.c.obj
 .debug_abbrev  0x00000000000022fc      0x3a5 CMakeFiles/mico.dir/usr/share/pico-sdk/src/rp2_common/hardware_clocks/clocks.c.obj
 .debug_abbrev  0x00000000000026a1      0x4cd CMakeFiles/mico.dir/usr/share/pico-sdk/src/rp2_common/hardware_irq/irq.c.obj
 .debug_abbrev  0x0000000000002b6e       0x14 CMakeFiles/mico.dir/usr/share/pico-sdk/src/rp2_common/hardware_irq/irq_handler_chain.S.obj
 .debug_abbrev  0x0000000000002b82      0x1ea CMakeFiles/mico.dir/usr/share/pico-sdk/src/rp2_common/hardware_pll/pll.c.obj
 .debug_abbrev  0x0000000000002d6c      0x1a8 CMakeFiles/mico.dir/usr/share/pico-sdk/src/rp2_common/hardware_watchdog/watchdog.c.obj
 .debug_abbrev  0x0000000000002f14      0x109 CMakeFiles/mico.dir/usr/share/pico-sdk/src/rp2_common/hardware_xosc/xosc.c.obj
 .debug_abbrev  0x000000000000301d      0x384 CMakeFiles/mico.dir/usr/share/pico-sdk/src/rp2_common/pico_printf/printf.c.obj
 .debug_abbrev  0x00000000000033a1       0x12 CMakeFiles/mico.dir/usr/share/pico-sdk/src/rp2_common/pico_bit_ops/bit_ops_aeabi.S.obj
 .debug_abbrev  0x00000000000033b3      0x13b CMakeFiles/mico.dir/usr/share/pico-sdk/src/rp2_common/pico_bootrom/bootrom.c.obj
 .debug_abbrev  0x00000000000034ee       0x12 CMakeFiles/mico.dir/usr/share/pico-sdk/src/rp2_common/pico_divider/divider.S.obj
 .debug_abbrev  0x0000000000003500       0x12 CMakeFiles/mico.dir/usr/share/pico-sdk/src/rp2_common/pico_double/double_aeabi.S.obj
 .debug_abbrev  0x0000000000003512      0x179 CMakeFiles/mico.dir/usr/share/pico-sdk/src/rp2_common/pico_double/double_init_rom.c.obj
 .debug_abbrev  0x000000000000368b       0x12 CMakeFiles/mico.dir/usr/share/pico-sdk/src/rp2_common/pico_double/double_v1_rom_shim.S.obj
 .debug_abbrev  0x000000000000369d       0x12 CMakeFiles/mico.dir/usr/share/pico-sdk/src/rp2_common/pico_float/float_aeabi.S.obj
 .debug_abbrev  0x00000000000036af      0x18c CMakeFiles/mico.dir/usr/share/pico-sdk/src/rp2_common/pico_float/float_init_rom.c.obj
 .debug_abbrev  0x000000000000383b       0x12 CMakeFiles/mico.dir/usr/share/pico-sdk/src/rp2_common/pico_float/float_v1_rom_shim.S.obj
 .debug_abbrev  0x000000000000384d       0x12 CMakeFiles/mico.dir/usr/share/pico-sdk/src/rp2_common/pico_mem_ops/mem_ops_aeabi.S.obj
 .debug_abbrev  0x000000000000385f       0x12 CMakeFiles/mico.dir/usr/share/pico-sdk/src/rp2_common/pico_standard_link/crt0.S.obj
 .debug_abbrev  0x0000000000003871       0xad CMakeFiles/mico.dir/usr/share/pico-sdk/src/rp2_common/pico_standard_link/binary_info.c.obj
 .debug_abbrev  0x000000000000391e      0x4a7 CMakeFiles/mico.dir/usr/share/pico-sdk/src/rp2_common/pico_stdio/stdio.c.obj
 .debug_abbrev  0x0000000000003dc5      0x386 CMakeFiles/mico.dir/usr/share/pico-sdk/src/rp2_common/pico_stdio_uart/stdio_uart.c.obj

.debug_loc      0x0000000000000000     0xd87c
 .debug_loc     0x0000000000000000      0x3cf CMakeFiles/mico.dir/mico.cpp.obj
 .debug_loc     0x00000000000003cf      0xede CMakeFiles/mico.dir/usr/share/pico-sdk/src/rp2_common/hardware_gpio/gpio.c.obj
 .debug_loc     0x00000000000012ad      0x45f CMakeFiles/mico.dir/usr/share/pico-sdk/src/rp2_common/hardware_claim/claim.c.obj
 .debug_loc     0x000000000000170c       0xe9 CMakeFiles/mico.dir/usr/share/pico-sdk/src/rp2_common/pico_platform/platform.c.obj
 .debug_loc     0x00000000000017f5      0x233 CMakeFiles/mico.dir/usr/share/pico-sdk/src/rp2_common/hardware_sync/sync.c.obj
 .debug_loc     0x0000000000001a28      0x520 CMakeFiles/mico.dir/usr/share/pico-sdk/src/rp2_common/hardware_uart/uart.c.obj
 .debug_loc     0x0000000000001f48     0x2e2a CMakeFiles/mico.dir/usr/share/pico-sdk/src/common/pico_time/time.c.obj
 .debug_loc     0x0000000000004d72      0x952 CMakeFiles/mico.dir/usr/share/pico-sdk/src/rp2_common/hardware_timer/timer.c.obj
 .debug_loc     0x00000000000056c4       0x60 CMakeFiles/mico.dir/usr/share/pico-sdk/src/common/pico_sync/lock_core.c.obj
 .debug_loc     0x0000000000005724     0x1469 CMakeFiles/mico.dir/usr/share/pico-sdk/src/common/pico_sync/mutex.c.obj
 .debug_loc     0x0000000000006b8d     0x1439 CMakeFiles/mico.dir/usr/share/pico-sdk/src/common/pico_util/pheap.c.obj
 .debug_loc     0x0000000000007fc6      0x3ff CMakeFiles/mico.dir/usr/share/pico-sdk/src/rp2_common/pico_runtime/runtime.c.obj
 .debug_loc     0x00000000000083c5      0x7eb CMakeFiles/mico.dir/usr/share/pico-sdk/src/rp2_common/hardware_clocks/clocks.c.obj
 .debug_loc     0x0000000000008bb0     0x1274 CMakeFiles/mico.dir/usr/share/pico-sdk/src/rp2_common/hardware_irq/irq.c.obj
 .debug_loc     0x0000000000009e24      0x300 CMakeFiles/mico.dir/usr/share/pico-sdk/src/rp2_common/hardware_pll/pll.c.obj
 .debug_loc     0x000000000000a124      0x2ec CMakeFiles/mico.dir/usr/share/pico-sdk/src/rp2_common/hardware_watchdog/watchdog.c.obj
 .debug_loc     0x000000000000a410       0x71 CMakeFiles/mico.dir/usr/share/pico-sdk/src/rp2_common/hardware_xosc/xosc.c.obj
 .debug_loc     0x000000000000a481     0x2095 CMakeFiles/mico.dir/usr/share/pico-sdk/src/rp2_common/pico_printf/printf.c.obj
 .debug_loc     0x000000000000c516      0x1a1 CMakeFiles/mico.dir/usr/share/pico-sdk/src/rp2_common/pico_bootrom/bootrom.c.obj
 .debug_loc     0x000000000000c6b7       0x59 CMakeFiles/mico.dir/usr/share/pico-sdk/src/rp2_common/pico_double/double_init_rom.c.obj
 .debug_loc     0x000000000000c710       0x73 CMakeFiles/mico.dir/usr/share/pico-sdk/src/rp2_common/pico_float/float_init_rom.c.obj
 .debug_loc     0x000000000000c783      0xbad CMakeFiles/mico.dir/usr/share/pico-sdk/src/rp2_common/pico_stdio/stdio.c.obj
 .debug_loc     0x000000000000d330      0x54c CMakeFiles/mico.dir/usr/share/pico-sdk/src/rp2_common/pico_stdio_uart/stdio_uart.c.obj

.debug_aranges  0x0000000000000000      0xda0
 .debug_aranges
                0x0000000000000000       0x28 CMakeFiles/mico.dir/mico.cpp.obj
 .debug_aranges
                0x0000000000000028       0xd8 CMakeFiles/mico.dir/usr/share/pico-sdk/src/rp2_common/hardware_gpio/gpio.c.obj
 .debug_aranges
                0x0000000000000100       0x48 CMakeFiles/mico.dir/usr/share/pico-sdk/src/rp2_common/hardware_claim/claim.c.obj
 .debug_aranges
                0x0000000000000148       0x28 CMakeFiles/mico.dir/usr/share/pico-sdk/src/rp2_common/pico_platform/platform.c.obj
 .debug_aranges
                0x0000000000000170       0x58 CMakeFiles/mico.dir/usr/share/pico-sdk/src/rp2_common/hardware_sync/sync.c.obj
 .debug_aranges
                0x00000000000001c8       0x40 CMakeFiles/mico.dir/usr/share/pico-sdk/src/rp2_common/hardware_uart/uart.c.obj
 .debug_aranges
                0x0000000000000208       0x38 CMakeFiles/mico.dir/usr/share/pico-sdk/src/rp2_common/hardware_divider/divider.S.obj
 .debug_aranges
                0x0000000000000240       0xd0 CMakeFiles/mico.dir/usr/share/pico-sdk/src/common/pico_time/time.c.obj
 .debug_aranges
                0x0000000000000310       0x78 CMakeFiles/mico.dir/usr/share/pico-sdk/src/rp2_common/hardware_timer/timer.c.obj
 .debug_aranges
                0x0000000000000388       0x20 CMakeFiles/mico.dir/usr/share/pico-sdk/src/common/pico_sync/lock_core.c.obj
 .debug_aranges
                0x00000000000003a8       0x88 CMakeFiles/mico.dir/usr/share/pico-sdk/src/common/pico_sync/mutex.c.obj
 .debug_aranges
                0x0000000000000430       0x78 CMakeFiles/mico.dir/usr/share/pico-sdk/src/common/pico_util/pheap.c.obj
 .debug_aranges
                0x00000000000004a8       0x60 CMakeFiles/mico.dir/usr/share/pico-sdk/src/rp2_common/pico_runtime/runtime.c.obj
 .debug_aranges
                0x0000000000000508       0x70 CMakeFiles/mico.dir/usr/share/pico-sdk/src/rp2_common/hardware_clocks/clocks.c.obj
 .debug_aranges
                0x0000000000000578       0x98 CMakeFiles/mico.dir/usr/share/pico-sdk/src/rp2_common/hardware_irq/irq.c.obj
 .debug_aranges
                0x0000000000000610       0x20 CMakeFiles/mico.dir/usr/share/pico-sdk/src/rp2_common/hardware_irq/irq_handler_chain.S.obj
 .debug_aranges
                0x0000000000000630       0x28 CMakeFiles/mico.dir/usr/share/pico-sdk/src/rp2_common/hardware_pll/pll.c.obj
 .debug_aranges
                0x0000000000000658       0x58 CMakeFiles/mico.dir/usr/share/pico-sdk/src/rp2_common/hardware_watchdog/watchdog.c.obj
 .debug_aranges
                0x00000000000006b0       0x30 CMakeFiles/mico.dir/usr/share/pico-sdk/src/rp2_common/hardware_xosc/xosc.c.obj
 .debug_aranges
                0x00000000000006e0       0x90 CMakeFiles/mico.dir/usr/share/pico-sdk/src/rp2_common/pico_printf/printf.c.obj
 .debug_aranges
                0x0000000000000770       0x68 CMakeFiles/mico.dir/usr/share/pico-sdk/src/rp2_common/pico_bit_ops/bit_ops_aeabi.S.obj
 .debug_aranges
                0x00000000000007d8       0x30 CMakeFiles/mico.dir/usr/share/pico-sdk/src/rp2_common/pico_bootrom/bootrom.c.obj
 .debug_aranges
                0x0000000000000808       0x40 CMakeFiles/mico.dir/usr/share/pico-sdk/src/rp2_common/pico_divider/divider.S.obj
 .debug_aranges
                0x0000000000000848      0x140 CMakeFiles/mico.dir/usr/share/pico-sdk/src/rp2_common/pico_double/double_aeabi.S.obj
 .debug_aranges
                0x0000000000000988       0x20 CMakeFiles/mico.dir/usr/share/pico-sdk/src/rp2_common/pico_double/double_init_rom.c.obj
 .debug_aranges
                0x00000000000009a8       0xc8 CMakeFiles/mico.dir/usr/share/pico-sdk/src/rp2_common/pico_double/double_v1_rom_shim.S.obj
 .debug_aranges
                0x0000000000000a70      0x130 CMakeFiles/mico.dir/usr/share/pico-sdk/src/rp2_common/pico_float/float_aeabi.S.obj
 .debug_aranges
                0x0000000000000ba0       0x20 CMakeFiles/mico.dir/usr/share/pico-sdk/src/rp2_common/pico_float/float_init_rom.c.obj
 .debug_aranges
                0x0000000000000bc0       0x50 CMakeFiles/mico.dir/usr/share/pico-sdk/src/rp2_common/pico_float/float_v1_rom_shim.S.obj
 .debug_aranges
                0x0000000000000c10       0x38 CMakeFiles/mico.dir/usr/share/pico-sdk/src/rp2_common/pico_mem_ops/mem_ops_aeabi.S.obj
 .debug_aranges
                0x0000000000000c48       0x28 CMakeFiles/mico.dir/usr/share/pico-sdk/src/rp2_common/pico_standard_link/crt0.S.obj
 .debug_aranges
                0x0000000000000c70       0x18 CMakeFiles/mico.dir/usr/share/pico-sdk/src/rp2_common/pico_standard_link/binary_info.c.obj
 .debug_aranges
                0x0000000000000c88       0xd0 CMakeFiles/mico.dir/usr/share/pico-sdk/src/rp2_common/pico_stdio/stdio.c.obj
 .debug_aranges
                0x0000000000000d58       0x48 CMakeFiles/mico.dir/usr/share/pico-sdk/src/rp2_common/pico_stdio_uart/stdio_uart.c.obj

.debug_ranges   0x0000000000000000     0x2f70
 .debug_ranges  0x0000000000000000       0xa8 CMakeFiles/mico.dir/mico.cpp.obj
 .debug_ranges  0x00000000000000a8       0xe0 CMakeFiles/mico.dir/usr/share/pico-sdk/src/rp2_common/hardware_gpio/gpio.c.obj
 .debug_ranges  0x0000000000000188       0xd8 CMakeFiles/mico.dir/usr/share/pico-sdk/src/rp2_common/hardware_claim/claim.c.obj
 .debug_ranges  0x0000000000000260       0x18 CMakeFiles/mico.dir/usr/share/pico-sdk/src/rp2_common/pico_platform/platform.c.obj
 .debug_ranges  0x0000000000000278       0xf0 CMakeFiles/mico.dir/usr/share/pico-sdk/src/rp2_common/hardware_sync/sync.c.obj
 .debug_ranges  0x0000000000000368       0xf8 CMakeFiles/mico.dir/usr/share/pico-sdk/src/rp2_common/hardware_uart/uart.c.obj
 .debug_ranges  0x0000000000000460       0x30 CMakeFiles/mico.dir/usr/share/pico-sdk/src/rp2_common/hardware_divider/divider.S.obj
 .debug_ranges  0x0000000000000490      0xba0 CMakeFiles/mico.dir/usr/share/pico-sdk/src/common/pico_time/time.c.obj
 .debug_ranges  0x0000000000001030      0x320 CMakeFiles/mico.dir/usr/share/pico-sdk/src/rp2_common/hardware_timer/timer.c.obj
 .debug_ranges  0x0000000000001350       0x10 CMakeFiles/mico.dir/usr/share/pico-sdk/src/common/pico_sync/lock_core.c.obj
 .debug_ranges  0x0000000000001360      0xab8 CMakeFiles/mico.dir/usr/share/pico-sdk/src/common/pico_sync/mutex.c.obj
 .debug_ranges  0x0000000000001e18      0x248 CMakeFiles/mico.dir/usr/share/pico-sdk/src/common/pico_util/pheap.c.obj
 .debug_ranges  0x0000000000002060       0x80 CMakeFiles/mico.dir/usr/share/pico-sdk/src/rp2_common/pico_runtime/runtime.c.obj
 .debug_ranges  0x00000000000020e0       0x60 CMakeFiles/mico.dir/usr/share/pico-sdk/src/rp2_common/hardware_clocks/clocks.c.obj
 .debug_ranges  0x0000000000002140      0x3d0 CMakeFiles/mico.dir/usr/share/pico-sdk/src/rp2_common/hardware_irq/irq.c.obj
 .debug_ranges  0x0000000000002510       0x30 CMakeFiles/mico.dir/usr/share/pico-sdk/src/rp2_common/hardware_pll/pll.c.obj
 .debug_ranges  0x0000000000002540       0x48 CMakeFiles/mico.dir/usr/share/pico-sdk/src/rp2_common/hardware_watchdog/watchdog.c.obj
 .debug_ranges  0x0000000000002588       0x20 CMakeFiles/mico.dir/usr/share/pico-sdk/src/rp2_common/hardware_xosc/xosc.c.obj
 .debug_ranges  0x00000000000025a8      0x108 CMakeFiles/mico.dir/usr/share/pico-sdk/src/rp2_common/pico_printf/printf.c.obj
 .debug_ranges  0x00000000000026b0       0x60 CMakeFiles/mico.dir/usr/share/pico-sdk/src/rp2_common/pico_bit_ops/bit_ops_aeabi.S.obj
 .debug_ranges  0x0000000000002710       0x38 CMakeFiles/mico.dir/usr/share/pico-sdk/src/rp2_common/pico_bootrom/bootrom.c.obj
 .debug_ranges  0x0000000000002748       0x38 CMakeFiles/mico.dir/usr/share/pico-sdk/src/rp2_common/pico_divider/divider.S.obj
 .debug_ranges  0x0000000000002780      0x138 CMakeFiles/mico.dir/usr/share/pico-sdk/src/rp2_common/pico_double/double_aeabi.S.obj
 .debug_ranges  0x00000000000028b8       0x30 CMakeFiles/mico.dir/usr/share/pico-sdk/src/rp2_common/pico_double/double_init_rom.c.obj
 .debug_ranges  0x00000000000028e8       0xc0 CMakeFiles/mico.dir/usr/share/pico-sdk/src/rp2_common/pico_double/double_v1_rom_shim.S.obj
 .debug_ranges  0x00000000000029a8      0x128 CMakeFiles/mico.dir/usr/share/pico-sdk/src/rp2_common/pico_float/float_aeabi.S.obj
 .debug_ranges  0x0000000000002ad0       0x28 CMakeFiles/mico.dir/usr/share/pico-sdk/src/rp2_common/pico_float/float_init_rom.c.obj
 .debug_ranges  0x0000000000002af8       0x48 CMakeFiles/mico.dir/usr/share/pico-sdk/src/rp2_common/pico_float/float_v1_rom_shim.S.obj
 .debug_ranges  0x0000000000002b40       0x30 CMakeFiles/mico.dir/usr/share/pico-sdk/src/rp2_common/pico_mem_ops/mem_ops_aeabi.S.obj
 .debug_ranges  0x0000000000002b70       0x20 CMakeFiles/mico.dir/usr/share/pico-sdk/src/rp2_common/pico_standard_link/crt0.S.obj
 .debug_ranges  0x0000000000002b90      0x1b0 CMakeFiles/mico.dir/usr/share/pico-sdk/src/rp2_common/pico_stdio/stdio.c.obj
 .debug_ranges  0x0000000000002d40      0x230 CMakeFiles/mico.dir/usr/share/pico-sdk/src/rp2_common/pico_stdio_uart/stdio_uart.c.obj
